<?xml version="1.0" encoding="ISO-8859-1" ?>
<link_info>
   <banner>TI ARM Clang Linker PC v3.2.2.LTS</banner>
   <copyright>Copyright (c) 1996-2018 Texas Instruments Incorporated</copyright>
   <link_time>0x66b4d45e</link_time>
   <link_errors>0x0</link_errors>
   <output_file>C:\Users\LoganLos\workspace_ccstheia\Automatic_Driving\Debug\Automatic_Driving.out</output_file>
   <entry_point>
      <name>_c_int00_noargs</name>
      <address>0x2cbd</address>
   </entry_point>
   <input_file_list>
      <input_file id="fl-1">
         <path>C:\Users\LoganLos\workspace_ccstheia\Automatic_Driving\Debug\.\</path>
         <kind>object</kind>
         <file>main.o</file>
         <name>main.o</name>
      </input_file>
      <input_file id="fl-2">
         <path>C:\Users\LoganLos\workspace_ccstheia\Automatic_Driving\Debug\.\</path>
         <kind>object</kind>
         <file>ti_msp_dl_config.o</file>
         <name>ti_msp_dl_config.o</name>
      </input_file>
      <input_file id="fl-3">
         <path>C:\Users\LoganLos\workspace_ccstheia\Automatic_Driving\Debug\.\</path>
         <kind>object</kind>
         <file>startup_mspm0g350x_ticlang.o</file>
         <name>startup_mspm0g350x_ticlang.o</name>
      </input_file>
      <input_file id="fl-4">
         <path>C:\Users\LoganLos\workspace_ccstheia\Automatic_Driving\Debug\.\Control\</path>
         <kind>object</kind>
         <file>control.o</file>
         <name>control.o</name>
      </input_file>
      <input_file id="fl-5">
         <path>C:\Users\LoganLos\workspace_ccstheia\Automatic_Driving\Debug\.\Encoder\</path>
         <kind>object</kind>
         <file>Encoder.o</file>
         <name>Encoder.o</name>
      </input_file>
      <input_file id="fl-6">
         <path>C:\Users\LoganLos\workspace_ccstheia\Automatic_Driving\Debug\.\GYRO\</path>
         <kind>object</kind>
         <file>GYRO.o</file>
         <name>GYRO.o</name>
      </input_file>
      <input_file id="fl-7">
         <path>C:\Users\LoganLos\workspace_ccstheia\Automatic_Driving\Debug\.\Sensor\</path>
         <kind>object</kind>
         <file>Sensor.o</file>
         <name>Sensor.o</name>
      </input_file>
      <input_file id="fl-8">
         <path>C:\Users\LoganLos\workspace_ccstheia\Automatic_Driving\Debug\.\sys\</path>
         <kind>object</kind>
         <file>sys.o</file>
         <name>sys.o</name>
      </input_file>
      <input_file id="fl-15">
         <path>C:\Users\LoganLos\workspace_ccstheia\Automatic_Driving\Debug\</path>
         <kind>object</kind>
         <file>&lt;internal&gt;</file>
         <name>&lt;internal&gt;</name>
      </input_file>
      <input_file id="fl-16">
         <path>C:\ti\mspm0_sdk_2_01_00_03\source\ti\driverlib\lib\ticlang\m0p\mspm0g1x0x_g3x0x\</path>
         <kind>archive</kind>
         <file>driverlib.a</file>
         <name>dl_common.o</name>
      </input_file>
      <input_file id="fl-17">
         <path>C:\ti\mspm0_sdk_2_01_00_03\source\ti\driverlib\lib\ticlang\m0p\mspm0g1x0x_g3x0x\</path>
         <kind>archive</kind>
         <file>driverlib.a</file>
         <name>dl_timer.o</name>
      </input_file>
      <input_file id="fl-18">
         <path>C:\ti\mspm0_sdk_2_01_00_03\source\ti\driverlib\lib\ticlang\m0p\mspm0g1x0x_g3x0x\</path>
         <kind>archive</kind>
         <file>driverlib.a</file>
         <name>dl_uart.o</name>
      </input_file>
      <input_file id="fl-19">
         <path>C:\ti\mspm0_sdk_2_01_00_03\source\ti\driverlib\lib\ticlang\m0p\mspm0g1x0x_g3x0x\</path>
         <kind>archive</kind>
         <file>driverlib.a</file>
         <name>dl_sysctl_mspm0g1x0x_g3x0x.o</name>
      </input_file>
      <input_file id="fl-28">
         <path>C:\ti\ccstheia141\ccs\tools\compiler\ti-cgt-armllvm_3.2.2.LTS\lib\armv6m-ti-none-eabi\c\</path>
         <kind>archive</kind>
         <file>libc.a</file>
         <name>printf.c.obj</name>
      </input_file>
      <input_file id="fl-29">
         <path>C:\ti\ccstheia141\ccs\tools\compiler\ti-cgt-armllvm_3.2.2.LTS\lib\armv6m-ti-none-eabi\c\</path>
         <kind>archive</kind>
         <file>libc.a</file>
         <name>_printfi.c.obj</name>
      </input_file>
      <input_file id="fl-2a">
         <path>C:\ti\ccstheia141\ccs\tools\compiler\ti-cgt-armllvm_3.2.2.LTS\lib\armv6m-ti-none-eabi\c\</path>
         <kind>archive</kind>
         <file>libc.a</file>
         <name>s_frexp.c.obj</name>
      </input_file>
      <input_file id="fl-2b">
         <path>C:\ti\ccstheia141\ccs\tools\compiler\ti-cgt-armllvm_3.2.2.LTS\lib\armv6m-ti-none-eabi\c\</path>
         <kind>archive</kind>
         <file>libc.a</file>
         <name>s_scalbn.c.obj</name>
      </input_file>
      <input_file id="fl-2c">
         <path>C:\ti\ccstheia141\ccs\tools\compiler\ti-cgt-armllvm_3.2.2.LTS\lib\armv6m-ti-none-eabi\c\</path>
         <kind>archive</kind>
         <file>libc.a</file>
         <name>aeabi_portable.c.obj</name>
      </input_file>
      <input_file id="fl-2d">
         <path>C:\ti\ccstheia141\ccs\tools\compiler\ti-cgt-armllvm_3.2.2.LTS\lib\armv6m-ti-none-eabi\c\</path>
         <kind>archive</kind>
         <file>libc.a</file>
         <name>_lock.c.obj</name>
      </input_file>
      <input_file id="fl-2e">
         <path>C:\ti\ccstheia141\ccs\tools\compiler\ti-cgt-armllvm_3.2.2.LTS\lib\armv6m-ti-none-eabi\c\</path>
         <kind>archive</kind>
         <file>libc.a</file>
         <name>_ltoa.c.obj</name>
      </input_file>
      <input_file id="fl-2f">
         <path>C:\ti\ccstheia141\ccs\tools\compiler\ti-cgt-armllvm_3.2.2.LTS\lib\armv6m-ti-none-eabi\c\</path>
         <kind>archive</kind>
         <file>libc.a</file>
         <name>assert.c.obj</name>
      </input_file>
      <input_file id="fl-30">
         <path>C:\ti\ccstheia141\ccs\tools\compiler\ti-cgt-armllvm_3.2.2.LTS\lib\armv6m-ti-none-eabi\c\</path>
         <kind>archive</kind>
         <file>libc.a</file>
         <name>atoi.c.obj</name>
      </input_file>
      <input_file id="fl-31">
         <path>C:\ti\ccstheia141\ccs\tools\compiler\ti-cgt-armllvm_3.2.2.LTS\lib\armv6m-ti-none-eabi\c\</path>
         <kind>archive</kind>
         <file>libc.a</file>
         <name>defs.c.obj</name>
      </input_file>
      <input_file id="fl-32">
         <path>C:\ti\ccstheia141\ccs\tools\compiler\ti-cgt-armllvm_3.2.2.LTS\lib\armv6m-ti-none-eabi\c\</path>
         <kind>archive</kind>
         <file>libc.a</file>
         <name>memccpy.c.obj</name>
      </input_file>
      <input_file id="fl-33">
         <path>C:\ti\ccstheia141\ccs\tools\compiler\ti-cgt-armllvm_3.2.2.LTS\lib\armv6m-ti-none-eabi\c\</path>
         <kind>archive</kind>
         <file>libc.a</file>
         <name>memory.c.obj</name>
      </input_file>
      <input_file id="fl-34">
         <path>C:\ti\ccstheia141\ccs\tools\compiler\ti-cgt-armllvm_3.2.2.LTS\lib\armv6m-ti-none-eabi\c\</path>
         <kind>archive</kind>
         <file>libc.a</file>
         <name>strlen.c.obj</name>
      </input_file>
      <input_file id="fl-35">
         <path>C:\ti\ccstheia141\ccs\tools\compiler\ti-cgt-armllvm_3.2.2.LTS\lib\armv6m-ti-none-eabi\c\</path>
         <kind>archive</kind>
         <file>libc.a</file>
         <name>boot_cortex_m.c.obj</name>
      </input_file>
      <input_file id="fl-36">
         <path>C:\ti\ccstheia141\ccs\tools\compiler\ti-cgt-armllvm_3.2.2.LTS\lib\armv6m-ti-none-eabi\c\</path>
         <kind>archive</kind>
         <file>libc.a</file>
         <name>mathacl_init.c.obj</name>
      </input_file>
      <input_file id="fl-37">
         <path>C:\ti\ccstheia141\ccs\tools\compiler\ti-cgt-armllvm_3.2.2.LTS\lib\armv6m-ti-none-eabi\c\</path>
         <kind>archive</kind>
         <file>libc.a</file>
         <name>autoinit.c.obj</name>
      </input_file>
      <input_file id="fl-38">
         <path>C:\ti\ccstheia141\ccs\tools\compiler\ti-cgt-armllvm_3.2.2.LTS\lib\armv6m-ti-none-eabi\c\</path>
         <kind>archive</kind>
         <file>libc.a</file>
         <name>pre_init.c.obj</name>
      </input_file>
      <input_file id="fl-39">
         <path>C:\ti\ccstheia141\ccs\tools\compiler\ti-cgt-armllvm_3.2.2.LTS\lib\armv6m-ti-none-eabi\c\</path>
         <kind>archive</kind>
         <file>libc.a</file>
         <name>cpy_tbl.c.obj</name>
      </input_file>
      <input_file id="fl-3a">
         <path>C:\ti\ccstheia141\ccs\tools\compiler\ti-cgt-armllvm_3.2.2.LTS\lib\armv6m-ti-none-eabi\c\</path>
         <kind>archive</kind>
         <file>libc.a</file>
         <name>copy_zero_init.c.obj</name>
      </input_file>
      <input_file id="fl-3b">
         <path>C:\ti\ccstheia141\ccs\tools\compiler\ti-cgt-armllvm_3.2.2.LTS\lib\armv6m-ti-none-eabi\c\</path>
         <kind>archive</kind>
         <file>libc.a</file>
         <name>copy_decompress_none.c.obj</name>
      </input_file>
      <input_file id="fl-3c">
         <path>C:\ti\ccstheia141\ccs\tools\compiler\ti-cgt-armllvm_3.2.2.LTS\lib\armv6m-ti-none-eabi\c\</path>
         <kind>archive</kind>
         <file>libc.a</file>
         <name>copy_decompress_lzss.c.obj</name>
      </input_file>
      <input_file id="fl-3d">
         <path>C:\ti\ccstheia141\ccs\tools\compiler\ti-cgt-armllvm_3.2.2.LTS\lib\armv6m-ti-none-eabi\c\</path>
         <kind>archive</kind>
         <file>libc.a</file>
         <name>wcslen.c.obj</name>
      </input_file>
      <input_file id="fl-3e">
         <path>C:\ti\ccstheia141\ccs\tools\compiler\ti-cgt-armllvm_3.2.2.LTS\lib\armv6m-ti-none-eabi\c\</path>
         <kind>archive</kind>
         <file>libc.a</file>
         <name>sprintf.c.obj</name>
      </input_file>
      <input_file id="fl-3f">
         <path>C:\ti\ccstheia141\ccs\tools\compiler\ti-cgt-armllvm_3.2.2.LTS\lib\armv6m-ti-none-eabi\c\</path>
         <kind>archive</kind>
         <file>libc.a</file>
         <name>fflush.c.obj</name>
      </input_file>
      <input_file id="fl-40">
         <path>C:\ti\ccstheia141\ccs\tools\compiler\ti-cgt-armllvm_3.2.2.LTS\lib\armv6m-ti-none-eabi\c\</path>
         <kind>archive</kind>
         <file>libc.a</file>
         <name>aeabi_ctype.S.obj</name>
      </input_file>
      <input_file id="fl-41">
         <path>C:\ti\ccstheia141\ccs\tools\compiler\ti-cgt-armllvm_3.2.2.LTS\lib\armv6m-ti-none-eabi\c\</path>
         <kind>archive</kind>
         <file>libc.a</file>
         <name>exit.c.obj</name>
      </input_file>
      <input_file id="fl-42">
         <path>C:\ti\ccstheia141\ccs\tools\compiler\ti-cgt-armllvm_3.2.2.LTS\lib\armv6m-ti-none-eabi\c\</path>
         <kind>archive</kind>
         <file>libc.a</file>
         <name>args_main.c.obj</name>
      </input_file>
      <input_file id="fl-a8">
         <path>C:\ti\ccstheia141\ccs\tools\compiler\ti-cgt-armllvm_3.2.2.LTS\lib\armv6m-ti-none-eabi\c\</path>
         <kind>archive</kind>
         <file>libsysbm.a</file>
         <name>write.c.obj</name>
      </input_file>
      <input_file id="fl-a9">
         <path>C:\ti\ccstheia141\ccs\tools\compiler\ti-cgt-armllvm_3.2.2.LTS\lib\armv6m-ti-none-eabi\c\</path>
         <kind>archive</kind>
         <file>libsysbm.a</file>
         <name>host_device.c.obj</name>
      </input_file>
      <input_file id="fl-aa">
         <path>C:\ti\ccstheia141\ccs\tools\compiler\ti-cgt-armllvm_3.2.2.LTS\lib\armv6m-ti-none-eabi\c\</path>
         <kind>archive</kind>
         <file>libsysbm.a</file>
         <name>hostclose.c.obj</name>
      </input_file>
      <input_file id="fl-ab">
         <path>C:\ti\ccstheia141\ccs\tools\compiler\ti-cgt-armllvm_3.2.2.LTS\lib\armv6m-ti-none-eabi\c\</path>
         <kind>archive</kind>
         <file>libsysbm.a</file>
         <name>hostlseek.c.obj</name>
      </input_file>
      <input_file id="fl-ac">
         <path>C:\ti\ccstheia141\ccs\tools\compiler\ti-cgt-armllvm_3.2.2.LTS\lib\armv6m-ti-none-eabi\c\</path>
         <kind>archive</kind>
         <file>libsysbm.a</file>
         <name>hostopen.c.obj</name>
      </input_file>
      <input_file id="fl-ad">
         <path>C:\ti\ccstheia141\ccs\tools\compiler\ti-cgt-armllvm_3.2.2.LTS\lib\armv6m-ti-none-eabi\c\</path>
         <kind>archive</kind>
         <file>libsysbm.a</file>
         <name>hostread.c.obj</name>
      </input_file>
      <input_file id="fl-ae">
         <path>C:\ti\ccstheia141\ccs\tools\compiler\ti-cgt-armllvm_3.2.2.LTS\lib\armv6m-ti-none-eabi\c\</path>
         <kind>archive</kind>
         <file>libsysbm.a</file>
         <name>hostrename.c.obj</name>
      </input_file>
      <input_file id="fl-af">
         <path>C:\ti\ccstheia141\ccs\tools\compiler\ti-cgt-armllvm_3.2.2.LTS\lib\armv6m-ti-none-eabi\c\</path>
         <kind>archive</kind>
         <file>libsysbm.a</file>
         <name>hostunlink.c.obj</name>
      </input_file>
      <input_file id="fl-b0">
         <path>C:\ti\ccstheia141\ccs\tools\compiler\ti-cgt-armllvm_3.2.2.LTS\lib\armv6m-ti-none-eabi\c\</path>
         <kind>archive</kind>
         <file>libsysbm.a</file>
         <name>hostwrite.c.obj</name>
      </input_file>
      <input_file id="fl-b1">
         <path>C:\ti\ccstheia141\ccs\tools\compiler\ti-cgt-armllvm_3.2.2.LTS\lib\armv6m-ti-none-eabi\c\</path>
         <kind>archive</kind>
         <file>libsysbm.a</file>
         <name>trgmsg.c.obj</name>
      </input_file>
      <input_file id="fl-b2">
         <path>C:\ti\ccstheia141\ccs\tools\compiler\ti-cgt-armllvm_3.2.2.LTS\lib\clang\15.0.7\lib\armv6m-ti-none-eabi\</path>
         <kind>archive</kind>
         <file>libclang_rt.builtins.a</file>
         <name>addsf3.S.obj</name>
      </input_file>
      <input_file id="fl-b3">
         <path>C:\ti\ccstheia141\ccs\tools\compiler\ti-cgt-armllvm_3.2.2.LTS\lib\clang\15.0.7\lib\armv6m-ti-none-eabi\</path>
         <kind>archive</kind>
         <file>libclang_rt.builtins.a</file>
         <name>adddf3.S.obj</name>
      </input_file>
      <input_file id="fl-b4">
         <path>C:\ti\ccstheia141\ccs\tools\compiler\ti-cgt-armllvm_3.2.2.LTS\lib\clang\15.0.7\lib\armv6m-ti-none-eabi\</path>
         <kind>archive</kind>
         <file>libclang_rt.builtins.a</file>
         <name>muldf3.S.obj</name>
      </input_file>
      <input_file id="fl-b5">
         <path>C:\ti\ccstheia141\ccs\tools\compiler\ti-cgt-armllvm_3.2.2.LTS\lib\clang\15.0.7\lib\armv6m-ti-none-eabi\</path>
         <kind>archive</kind>
         <file>libclang_rt.builtins.a</file>
         <name>muldsi3.S.obj</name>
      </input_file>
      <input_file id="fl-b6">
         <path>C:\ti\ccstheia141\ccs\tools\compiler\ti-cgt-armllvm_3.2.2.LTS\lib\clang\15.0.7\lib\armv6m-ti-none-eabi\</path>
         <kind>archive</kind>
         <file>libclang_rt.builtins.a</file>
         <name>mulsf3.S.obj</name>
      </input_file>
      <input_file id="fl-b7">
         <path>C:\ti\ccstheia141\ccs\tools\compiler\ti-cgt-armllvm_3.2.2.LTS\lib\clang\15.0.7\lib\armv6m-ti-none-eabi\</path>
         <kind>archive</kind>
         <file>libclang_rt.builtins.a</file>
         <name>divsf3.S.obj</name>
      </input_file>
      <input_file id="fl-b8">
         <path>C:\ti\ccstheia141\ccs\tools\compiler\ti-cgt-armllvm_3.2.2.LTS\lib\clang\15.0.7\lib\armv6m-ti-none-eabi\</path>
         <kind>archive</kind>
         <file>libclang_rt.builtins.a</file>
         <name>divdf3.S.obj</name>
      </input_file>
      <input_file id="fl-b9">
         <path>C:\ti\ccstheia141\ccs\tools\compiler\ti-cgt-armllvm_3.2.2.LTS\lib\clang\15.0.7\lib\armv6m-ti-none-eabi\</path>
         <kind>archive</kind>
         <file>libclang_rt.builtins.a</file>
         <name>extendsfdf2.S.obj</name>
      </input_file>
      <input_file id="fl-ba">
         <path>C:\ti\ccstheia141\ccs\tools\compiler\ti-cgt-armllvm_3.2.2.LTS\lib\clang\15.0.7\lib\armv6m-ti-none-eabi\</path>
         <kind>archive</kind>
         <file>libclang_rt.builtins.a</file>
         <name>fixdfsi.S.obj</name>
      </input_file>
      <input_file id="fl-bb">
         <path>C:\ti\ccstheia141\ccs\tools\compiler\ti-cgt-armllvm_3.2.2.LTS\lib\clang\15.0.7\lib\armv6m-ti-none-eabi\</path>
         <kind>archive</kind>
         <file>libclang_rt.builtins.a</file>
         <name>fixsfsi.S.obj</name>
      </input_file>
      <input_file id="fl-bc">
         <path>C:\ti\ccstheia141\ccs\tools\compiler\ti-cgt-armllvm_3.2.2.LTS\lib\clang\15.0.7\lib\armv6m-ti-none-eabi\</path>
         <kind>archive</kind>
         <file>libclang_rt.builtins.a</file>
         <name>fixunssfsi.S.obj</name>
      </input_file>
      <input_file id="fl-bd">
         <path>C:\ti\ccstheia141\ccs\tools\compiler\ti-cgt-armllvm_3.2.2.LTS\lib\clang\15.0.7\lib\armv6m-ti-none-eabi\</path>
         <kind>archive</kind>
         <file>libclang_rt.builtins.a</file>
         <name>floatsidf.S.obj</name>
      </input_file>
      <input_file id="fl-be">
         <path>C:\ti\ccstheia141\ccs\tools\compiler\ti-cgt-armllvm_3.2.2.LTS\lib\clang\15.0.7\lib\armv6m-ti-none-eabi\</path>
         <kind>archive</kind>
         <file>libclang_rt.builtins.a</file>
         <name>floatsisf.S.obj</name>
      </input_file>
      <input_file id="fl-bf">
         <path>C:\ti\ccstheia141\ccs\tools\compiler\ti-cgt-armllvm_3.2.2.LTS\lib\clang\15.0.7\lib\armv6m-ti-none-eabi\</path>
         <kind>archive</kind>
         <file>libclang_rt.builtins.a</file>
         <name>muldi3.S.obj</name>
      </input_file>
      <input_file id="fl-c0">
         <path>C:\ti\ccstheia141\ccs\tools\compiler\ti-cgt-armllvm_3.2.2.LTS\lib\clang\15.0.7\lib\armv6m-ti-none-eabi\</path>
         <kind>archive</kind>
         <file>libclang_rt.builtins.a</file>
         <name>truncdfsf2.S.obj</name>
      </input_file>
      <input_file id="fl-c1">
         <path>C:\ti\ccstheia141\ccs\tools\compiler\ti-cgt-armllvm_3.2.2.LTS\lib\clang\15.0.7\lib\armv6m-ti-none-eabi\</path>
         <kind>archive</kind>
         <file>libclang_rt.builtins.a</file>
         <name>aeabi_dcmp.S.obj</name>
      </input_file>
      <input_file id="fl-c2">
         <path>C:\ti\ccstheia141\ccs\tools\compiler\ti-cgt-armllvm_3.2.2.LTS\lib\clang\15.0.7\lib\armv6m-ti-none-eabi\</path>
         <kind>archive</kind>
         <file>libclang_rt.builtins.a</file>
         <name>aeabi_fcmp.S.obj</name>
      </input_file>
      <input_file id="fl-c3">
         <path>C:\ti\ccstheia141\ccs\tools\compiler\ti-cgt-armllvm_3.2.2.LTS\lib\clang\15.0.7\lib\armv6m-ti-none-eabi\</path>
         <kind>archive</kind>
         <file>libclang_rt.builtins.a</file>
         <name>aeabi_idivmod.S.obj</name>
      </input_file>
      <input_file id="fl-c4">
         <path>C:\ti\ccstheia141\ccs\tools\compiler\ti-cgt-armllvm_3.2.2.LTS\lib\clang\15.0.7\lib\armv6m-ti-none-eabi\</path>
         <kind>archive</kind>
         <file>libclang_rt.builtins.a</file>
         <name>aeabi_memcpy.S.obj</name>
      </input_file>
      <input_file id="fl-c5">
         <path>C:\ti\ccstheia141\ccs\tools\compiler\ti-cgt-armllvm_3.2.2.LTS\lib\clang\15.0.7\lib\armv6m-ti-none-eabi\</path>
         <kind>archive</kind>
         <file>libclang_rt.builtins.a</file>
         <name>aeabi_memset.S.obj</name>
      </input_file>
      <input_file id="fl-c6">
         <path>C:\ti\ccstheia141\ccs\tools\compiler\ti-cgt-armllvm_3.2.2.LTS\lib\clang\15.0.7\lib\armv6m-ti-none-eabi\</path>
         <kind>archive</kind>
         <file>libclang_rt.builtins.a</file>
         <name>aeabi_uidivmod.S.obj</name>
      </input_file>
      <input_file id="fl-c7">
         <path>C:\ti\ccstheia141\ccs\tools\compiler\ti-cgt-armllvm_3.2.2.LTS\lib\clang\15.0.7\lib\armv6m-ti-none-eabi\</path>
         <kind>archive</kind>
         <file>libclang_rt.builtins.a</file>
         <name>aeabi_uldivmod.S.obj</name>
      </input_file>
      <input_file id="fl-c8">
         <path>C:\ti\ccstheia141\ccs\tools\compiler\ti-cgt-armllvm_3.2.2.LTS\lib\clang\15.0.7\lib\armv6m-ti-none-eabi\</path>
         <kind>archive</kind>
         <file>libclang_rt.builtins.a</file>
         <name>comparesf2.S.obj</name>
      </input_file>
      <input_file id="fl-c9">
         <path>C:\ti\ccstheia141\ccs\tools\compiler\ti-cgt-armllvm_3.2.2.LTS\lib\clang\15.0.7\lib\armv6m-ti-none-eabi\</path>
         <kind>archive</kind>
         <file>libclang_rt.builtins.a</file>
         <name>udivmoddi4.S.obj</name>
      </input_file>
      <input_file id="fl-ca">
         <path>C:\ti\ccstheia141\ccs\tools\compiler\ti-cgt-armllvm_3.2.2.LTS\lib\clang\15.0.7\lib\armv6m-ti-none-eabi\</path>
         <kind>archive</kind>
         <file>libclang_rt.builtins.a</file>
         <name>ashldi3.S.obj</name>
      </input_file>
      <input_file id="fl-cb">
         <path>C:\ti\ccstheia141\ccs\tools\compiler\ti-cgt-armllvm_3.2.2.LTS\lib\clang\15.0.7\lib\armv6m-ti-none-eabi\</path>
         <kind>archive</kind>
         <file>libclang_rt.builtins.a</file>
         <name>comparedf2.c.obj</name>
      </input_file>
      <input_file id="fl-cc">
         <path>C:\ti\ccstheia141\ccs\tools\compiler\ti-cgt-armllvm_3.2.2.LTS\lib\clang\15.0.7\lib\armv6m-ti-none-eabi\</path>
         <kind>archive</kind>
         <file>libclang_rt.builtins.a</file>
         <name>aeabi_div0.c.obj</name>
      </input_file>
      <input_file id="fl-cd">
         <path>C:\ti\ccstheia141\ccs\tools\compiler\ti-cgt-armllvm_3.2.2.LTS\lib\armv6m-ti-none-eabi\c\</path>
         <kind>archive</kind>
         <file>libc.a</file>
         <name>memcpy16.S.obj</name>
      </input_file>
      <input_file id="fl-ce">
         <path>C:\ti\ccstheia141\ccs\tools\compiler\ti-cgt-armllvm_3.2.2.LTS\lib\armv6m-ti-none-eabi\c\</path>
         <kind>archive</kind>
         <file>libc.a</file>
         <name>memset16.S.obj</name>
      </input_file>
   </input_file_list>
   <object_component_list>
      <object_component id="oc-18">
         <name>.intvecs</name>
         <load_address>0x0</load_address>
         <readonly>true</readonly>
         <run_address>0x0</run_address>
         <size>0xc0</size>
         <alignment>0x4</alignment>
         <input_file_ref idref="fl-3"/>
      </object_component>
      <object_component id="oc-103">
         <name>.text.Follow_Route</name>
         <load_address>0xc0</load_address>
         <readonly>true</readonly>
         <executable>true</executable>
         <run_address>0xc0</run_address>
         <size>0x3b4</size>
         <alignment>0x4</alignment>
         <input_file_ref idref="fl-7"/>
      </object_component>
      <object_component id="oc-39">
         <name>.text.UART2_IRQHandler</name>
         <load_address>0x474</load_address>
         <readonly>true</readonly>
         <executable>true</executable>
         <run_address>0x474</run_address>
         <size>0x2b4</size>
         <alignment>0x4</alignment>
         <input_file_ref idref="fl-6"/>
      </object_component>
      <object_component id="oc-1b6">
         <name>.text:__TI_printfi_minimal</name>
         <load_address>0x728</load_address>
         <readonly>true</readonly>
         <executable>true</executable>
         <run_address>0x728</run_address>
         <size>0x284</size>
         <alignment>0x4</alignment>
         <input_file_ref idref="fl-29"/>
      </object_component>
      <object_component id="oc-16a">
         <name>.text.Follow_Route_Mode3</name>
         <load_address>0x9ac</load_address>
         <readonly>true</readonly>
         <executable>true</executable>
         <run_address>0x9ac</run_address>
         <size>0x268</size>
         <alignment>0x4</alignment>
         <input_file_ref idref="fl-7"/>
      </object_component>
      <object_component id="oc-14b">
         <name>.text.SYSCFG_DL_GPIO_init</name>
         <load_address>0xc14</load_address>
         <readonly>true</readonly>
         <executable>true</executable>
         <run_address>0xc14</run_address>
         <size>0x1fc</size>
         <alignment>0x4</alignment>
         <input_file_ref idref="fl-2"/>
      </object_component>
      <object_component id="oc-95">
         <name>.text.Control</name>
         <load_address>0xe10</load_address>
         <readonly>true</readonly>
         <executable>true</executable>
         <run_address>0xe10</run_address>
         <size>0x1f4</size>
         <alignment>0x4</alignment>
         <input_file_ref idref="fl-4"/>
      </object_component>
      <object_component id="oc-132">
         <name>.text.adddf3_subdf3</name>
         <load_address>0x1004</load_address>
         <readonly>true</readonly>
         <executable>true</executable>
         <run_address>0x1004</run_address>
         <size>0x192</size>
         <alignment>0x4</alignment>
         <input_file_ref idref="fl-b3"/>
      </object_component>
      <object_component id="oc-1cb">
         <name>.text.__aeabi_idiv0</name>
         <load_address>0x1196</load_address>
         <readonly>true</readonly>
         <executable>true</executable>
         <run_address>0x1196</run_address>
         <size>0x2</size>
         <alignment>0x2</alignment>
         <input_file_ref idref="fl-cc"/>
      </object_component>
      <object_component id="oc-66">
         <name>.text.Encodering</name>
         <load_address>0x1198</load_address>
         <readonly>true</readonly>
         <executable>true</executable>
         <run_address>0x1198</run_address>
         <size>0x120</size>
         <alignment>0x4</alignment>
         <input_file_ref idref="fl-5"/>
      </object_component>
      <object_component id="oc-1df">
         <name>.text.DL_Timer_initPWMMode</name>
         <load_address>0x12b8</load_address>
         <readonly>true</readonly>
         <executable>true</executable>
         <run_address>0x12b8</run_address>
         <size>0x110</size>
         <alignment>0x4</alignment>
         <input_file_ref idref="fl-17"/>
      </object_component>
      <object_component id="oc-1a6">
         <name>.text.DL_Timer_initTimerMode</name>
         <load_address>0x13c8</load_address>
         <readonly>true</readonly>
         <executable>true</executable>
         <run_address>0x13c8</run_address>
         <size>0x100</size>
         <alignment>0x4</alignment>
         <input_file_ref idref="fl-17"/>
      </object_component>
      <object_component id="oc-199">
         <name>.text.DL_SYSCTL_configSYSPLL</name>
         <load_address>0x14c8</load_address>
         <readonly>true</readonly>
         <executable>true</executable>
         <run_address>0x14c8</run_address>
         <size>0xec</size>
         <alignment>0x4</alignment>
         <input_file_ref idref="fl-19"/>
      </object_component>
      <object_component id="oc-19f">
         <name>.text.DL_TimerA_initPWMMode</name>
         <load_address>0x15b4</load_address>
         <readonly>true</readonly>
         <executable>true</executable>
         <run_address>0x15b4</run_address>
         <size>0xec</size>
         <alignment>0x4</alignment>
         <input_file_ref idref="fl-17"/>
      </object_component>
      <object_component id="oc-12e">
         <name>.text.__muldf3</name>
         <load_address>0x16a0</load_address>
         <readonly>true</readonly>
         <executable>true</executable>
         <run_address>0x16a0</run_address>
         <size>0xe4</size>
         <alignment>0x4</alignment>
         <input_file_ref idref="fl-b4"/>
      </object_component>
      <object_component id="oc-dc">
         <name>.text.PID_A</name>
         <load_address>0x1784</load_address>
         <readonly>true</readonly>
         <executable>true</executable>
         <run_address>0x1784</run_address>
         <size>0xdc</size>
         <alignment>0x4</alignment>
         <input_file_ref idref="fl-4"/>
      </object_component>
      <object_component id="oc-e2">
         <name>.text.PID_B</name>
         <load_address>0x1860</load_address>
         <readonly>true</readonly>
         <executable>true</executable>
         <run_address>0x1860</run_address>
         <size>0xdc</size>
         <alignment>0x4</alignment>
         <input_file_ref idref="fl-4"/>
      </object_component>
      <object_component id="oc-7a">
         <name>.text</name>
         <load_address>0x193c</load_address>
         <readonly>true</readonly>
         <executable>true</executable>
         <run_address>0x193c</run_address>
         <size>0xd8</size>
         <alignment>0x4</alignment>
         <input_file_ref idref="fl-b2"/>
      </object_component>
      <object_component id="oc-db">
         <name>.text.Incremental_Quantity4</name>
         <load_address>0x1a14</load_address>
         <readonly>true</readonly>
         <executable>true</executable>
         <run_address>0x1a14</run_address>
         <size>0xcc</size>
         <alignment>0x4</alignment>
         <input_file_ref idref="fl-7"/>
      </object_component>
      <object_component id="oc-d6">
         <name>.text.Incremental_Quantity</name>
         <load_address>0x1ae0</load_address>
         <readonly>true</readonly>
         <executable>true</executable>
         <run_address>0x1ae0</run_address>
         <size>0xcc</size>
         <alignment>0x4</alignment>
         <input_file_ref idref="fl-7"/>
      </object_component>
      <object_component id="oc-90">
         <name>.text.Set_Pwm</name>
         <load_address>0x1bac</load_address>
         <readonly>true</readonly>
         <executable>true</executable>
         <run_address>0x1bac</run_address>
         <size>0xac</size>
         <alignment>0x4</alignment>
         <input_file_ref idref="fl-4"/>
      </object_component>
      <object_component id="oc-fd">
         <name>.text.Serial_JY61P_Zero_Yaw</name>
         <load_address>0x1c58</load_address>
         <readonly>true</readonly>
         <executable>true</executable>
         <run_address>0x1c58</run_address>
         <size>0xa4</size>
         <alignment>0x4</alignment>
         <input_file_ref idref="fl-6"/>
      </object_component>
      <object_component id="oc-102">
         <name>.text.Key_Scan</name>
         <load_address>0x1cfc</load_address>
         <readonly>true</readonly>
         <executable>true</executable>
         <run_address>0x1cfc</run_address>
         <size>0xa0</size>
         <alignment>0x4</alignment>
         <input_file_ref idref="fl-1"/>
      </object_component>
      <object_component id="oc-d5">
         <name>.text.GYRO_Control</name>
         <load_address>0x1d9c</load_address>
         <readonly>true</readonly>
         <executable>true</executable>
         <run_address>0x1d9c</run_address>
         <size>0x9c</size>
         <alignment>0x4</alignment>
         <input_file_ref idref="fl-4"/>
      </object_component>
      <object_component id="oc-14a">
         <name>.text.SYSCFG_DL_initPower</name>
         <load_address>0x1e38</load_address>
         <readonly>true</readonly>
         <executable>true</executable>
         <run_address>0x1e38</run_address>
         <size>0x8c</size>
         <alignment>0x4</alignment>
         <input_file_ref idref="fl-2"/>
      </object_component>
      <object_component id="oc-72">
         <name>.text.__mulsf3</name>
         <load_address>0x1ec4</load_address>
         <readonly>true</readonly>
         <executable>true</executable>
         <run_address>0x1ec4</run_address>
         <size>0x8c</size>
         <alignment>0x4</alignment>
         <input_file_ref idref="fl-b6"/>
      </object_component>
      <object_component id="oc-14d">
         <name>.text.SYSCFG_DL_PWM_0_init</name>
         <load_address>0x1f50</load_address>
         <readonly>true</readonly>
         <executable>true</executable>
         <run_address>0x1f50</run_address>
         <size>0x88</size>
         <alignment>0x4</alignment>
         <input_file_ref idref="fl-2"/>
      </object_component>
      <object_component id="oc-19c">
         <name>.text.__NVIC_SetPriority</name>
         <load_address>0x1fd8</load_address>
         <readonly>true</readonly>
         <executable>true</executable>
         <run_address>0x1fd8</run_address>
         <size>0x84</size>
         <alignment>0x4</alignment>
         <input_file_ref idref="fl-2"/>
      </object_component>
      <object_component id="oc-6e">
         <name>.text.__divsf3</name>
         <load_address>0x205c</load_address>
         <readonly>true</readonly>
         <executable>true</executable>
         <run_address>0x205c</run_address>
         <size>0x82</size>
         <alignment>0x4</alignment>
         <input_file_ref idref="fl-b7"/>
      </object_component>
      <object_component id="oc-1be">
         <name>.text._nop</name>
         <load_address>0x20de</load_address>
         <readonly>true</readonly>
         <executable>true</executable>
         <run_address>0x20de</run_address>
         <size>0x2</size>
         <alignment>0x2</alignment>
         <input_file_ref idref="fl-2d"/>
      </object_component>
      <object_component id="oc-104">
         <name>.text.LED_Sound</name>
         <load_address>0x20e0</load_address>
         <readonly>true</readonly>
         <executable>true</executable>
         <run_address>0x20e0</run_address>
         <size>0x78</size>
         <alignment>0x4</alignment>
         <input_file_ref idref="fl-1"/>
      </object_component>
      <object_component id="oc-1c">
         <name>.text:decompress:lzss</name>
         <load_address>0x2158</load_address>
         <readonly>true</readonly>
         <executable>true</executable>
         <run_address>0x2158</run_address>
         <size>0x78</size>
         <alignment>0x4</alignment>
         <input_file_ref idref="fl-3c"/>
      </object_component>
      <object_component id="oc-136">
         <name>.text.__truncdfsf2</name>
         <load_address>0x21d0</load_address>
         <readonly>true</readonly>
         <executable>true</executable>
         <run_address>0x21d0</run_address>
         <size>0x74</size>
         <alignment>0x10</alignment>
         <input_file_ref idref="fl-c0"/>
      </object_component>
      <object_component id="oc-76">
         <name>.text.__aeabi_fcmp</name>
         <load_address>0x2244</load_address>
         <readonly>true</readonly>
         <executable>true</executable>
         <run_address>0x2244</run_address>
         <size>0x62</size>
         <alignment>0x4</alignment>
         <input_file_ref idref="fl-c2"/>
      </object_component>
      <object_component id="oc-100">
         <name>.text.Encoder_Init</name>
         <load_address>0x22a8</load_address>
         <readonly>true</readonly>
         <executable>true</executable>
         <run_address>0x22a8</run_address>
         <size>0x60</size>
         <alignment>0x4</alignment>
         <input_file_ref idref="fl-5"/>
      </object_component>
      <object_component id="oc-3e">
         <name>.text.TIMG0_IRQHandler</name>
         <load_address>0x2308</load_address>
         <readonly>true</readonly>
         <executable>true</executable>
         <run_address>0x2308</run_address>
         <size>0x60</size>
         <alignment>0x4</alignment>
         <input_file_ref idref="fl-1"/>
      </object_component>
      <object_component id="oc-aa">
         <name>.text.main</name>
         <load_address>0x2368</load_address>
         <readonly>true</readonly>
         <executable>true</executable>
         <run_address>0x2368</run_address>
         <size>0x5c</size>
         <alignment>0x4</alignment>
         <input_file_ref idref="fl-1"/>
      </object_component>
      <object_component id="oc-f7">
         <name>.text.printf</name>
         <load_address>0x23c4</load_address>
         <readonly>true</readonly>
         <executable>true</executable>
         <run_address>0x23c4</run_address>
         <size>0x5c</size>
         <alignment>0x4</alignment>
         <input_file_ref idref="fl-28"/>
      </object_component>
      <object_component id="oc-166">
         <name>.text.__aeabi_idivmod</name>
         <load_address>0x2420</load_address>
         <readonly>true</readonly>
         <executable>true</executable>
         <run_address>0x2420</run_address>
         <size>0x56</size>
         <alignment>0x4</alignment>
         <input_file_ref idref="fl-c3"/>
      </object_component>
      <object_component id="oc-151">
         <name>.text.SYSCFG_DL_UART_JY61P_init</name>
         <load_address>0x2478</load_address>
         <readonly>true</readonly>
         <executable>true</executable>
         <run_address>0x2478</run_address>
         <size>0x54</size>
         <alignment>0x4</alignment>
         <input_file_ref idref="fl-2"/>
      </object_component>
      <object_component id="oc-1c7">
         <name>.text.fputs</name>
         <load_address>0x24cc</load_address>
         <readonly>true</readonly>
         <executable>true</executable>
         <run_address>0x24cc</run_address>
         <size>0x50</size>
         <alignment>0x4</alignment>
         <input_file_ref idref="fl-8"/>
      </object_component>
      <object_component id="oc-19b">
         <name>.text.DL_SYSCTL_switchMCLKfromSYSOSCtoHSCLK</name>
         <load_address>0x251c</load_address>
         <readonly>true</readonly>
         <executable>true</executable>
         <run_address>0x251c</run_address>
         <size>0x4c</size>
         <alignment>0x4</alignment>
         <input_file_ref idref="fl-19"/>
      </object_component>
      <object_component id="oc-1ad">
         <name>.text.DL_UART_init</name>
         <load_address>0x2568</load_address>
         <readonly>true</readonly>
         <executable>true</executable>
         <run_address>0x2568</run_address>
         <size>0x4c</size>
         <alignment>0x4</alignment>
         <input_file_ref idref="fl-18"/>
      </object_component>
      <object_component id="oc-1af">
         <name>.text.DL_UART_setBaudRateDivisor</name>
         <load_address>0x25b4</load_address>
         <readonly>true</readonly>
         <executable>true</executable>
         <run_address>0x25b4</run_address>
         <size>0x4c</size>
         <alignment>0x4</alignment>
         <input_file_ref idref="fl-2"/>
      </object_component>
      <object_component id="oc-14c">
         <name>.text.SYSCFG_DL_SYSCTL_init</name>
         <load_address>0x2600</load_address>
         <readonly>true</readonly>
         <executable>true</executable>
         <run_address>0x2600</run_address>
         <size>0x48</size>
         <alignment>0x4</alignment>
         <input_file_ref idref="fl-2"/>
      </object_component>
      <object_component id="oc-1a0">
         <name>.text.DL_Timer_setCaptureCompareOutCtl</name>
         <load_address>0x2648</load_address>
         <readonly>true</readonly>
         <executable>true</executable>
         <run_address>0x2648</run_address>
         <size>0x40</size>
         <alignment>0x4</alignment>
         <input_file_ref idref="fl-17"/>
      </object_component>
      <object_component id="oc-14f">
         <name>.text.SYSCFG_DL_TIMER_Encoder_Read_init</name>
         <load_address>0x2688</load_address>
         <readonly>true</readonly>
         <executable>true</executable>
         <run_address>0x2688</run_address>
         <size>0x40</size>
         <alignment>0x4</alignment>
         <input_file_ref idref="fl-2"/>
      </object_component>
      <object_component id="oc-150">
         <name>.text.SYSCFG_DL_UART_0_init</name>
         <load_address>0x26c8</load_address>
         <readonly>true</readonly>
         <executable>true</executable>
         <run_address>0x26c8</run_address>
         <size>0x40</size>
         <alignment>0x4</alignment>
         <input_file_ref idref="fl-2"/>
      </object_component>
      <object_component id="oc-1ec">
         <name>.text.__aeabi_uidivmod</name>
         <load_address>0x2708</load_address>
         <readonly>true</readonly>
         <executable>true</executable>
         <run_address>0x2708</run_address>
         <size>0x40</size>
         <alignment>0x4</alignment>
         <input_file_ref idref="fl-c6"/>
      </object_component>
      <object_component id="oc-12a">
         <name>.text.__extendsfdf2</name>
         <load_address>0x2748</load_address>
         <readonly>true</readonly>
         <executable>true</executable>
         <run_address>0x2748</run_address>
         <size>0x40</size>
         <alignment>0x4</alignment>
         <input_file_ref idref="fl-b9"/>
      </object_component>
      <object_component id="oc-1dd">
         <name>.text.DL_Timer_setCaptureCompareCtl</name>
         <load_address>0x2788</load_address>
         <readonly>true</readonly>
         <executable>true</executable>
         <run_address>0x2788</run_address>
         <size>0x3c</size>
         <alignment>0x4</alignment>
         <input_file_ref idref="fl-17"/>
      </object_component>
      <object_component id="oc-dd">
         <name>.text.PWM_Limit</name>
         <load_address>0x27c4</load_address>
         <readonly>true</readonly>
         <executable>true</executable>
         <run_address>0x27c4</run_address>
         <size>0x3c</size>
         <alignment>0x2</alignment>
         <input_file_ref idref="fl-4"/>
      </object_component>
      <object_component id="oc-14e">
         <name>.text.SYSCFG_DL_TIMER_0_init</name>
         <load_address>0x2800</load_address>
         <readonly>true</readonly>
         <executable>true</executable>
         <run_address>0x2800</run_address>
         <size>0x3c</size>
         <alignment>0x4</alignment>
         <input_file_ref idref="fl-2"/>
      </object_component>
      <object_component id="oc-f2">
         <name>.text.SYSCFG_DL_init</name>
         <load_address>0x283c</load_address>
         <readonly>true</readonly>
         <executable>true</executable>
         <run_address>0x283c</run_address>
         <size>0x3c</size>
         <alignment>0x4</alignment>
         <input_file_ref idref="fl-2"/>
      </object_component>
      <object_component id="oc-6a">
         <name>.text.__floatsisf</name>
         <load_address>0x2878</load_address>
         <readonly>true</readonly>
         <executable>true</executable>
         <run_address>0x2878</run_address>
         <size>0x3c</size>
         <alignment>0x4</alignment>
         <input_file_ref idref="fl-be"/>
      </object_component>
      <object_component id="oc-c8">
         <name>.text.__gtsf2</name>
         <load_address>0x28b4</load_address>
         <readonly>true</readonly>
         <executable>true</executable>
         <run_address>0x28b4</run_address>
         <size>0x3c</size>
         <alignment>0x4</alignment>
         <input_file_ref idref="fl-c8"/>
      </object_component>
      <object_component id="oc-10d">
         <name>.text:__TI_auto_init_nobinit_nopinit</name>
         <load_address>0x28f0</load_address>
         <readonly>true</readonly>
         <executable>true</executable>
         <run_address>0x28f0</run_address>
         <size>0x3c</size>
         <alignment>0x4</alignment>
         <input_file_ref idref="fl-37"/>
      </object_component>
      <object_component id="oc-c3">
         <name>.text.__eqsf2</name>
         <load_address>0x292c</load_address>
         <readonly>true</readonly>
         <executable>true</executable>
         <run_address>0x292c</run_address>
         <size>0x3a</size>
         <alignment>0x4</alignment>
         <input_file_ref idref="fl-c8"/>
      </object_component>
      <object_component id="oc-be">
         <name>.text.__muldsi3</name>
         <load_address>0x2968</load_address>
         <readonly>true</readonly>
         <executable>true</executable>
         <run_address>0x2968</run_address>
         <size>0x3a</size>
         <alignment>0x4</alignment>
         <input_file_ref idref="fl-b5"/>
      </object_component>
      <object_component id="oc-187">
         <name>.text.DL_GPIO_initPeripheralOutputFunctionFeatures</name>
         <load_address>0x29a4</load_address>
         <readonly>true</readonly>
         <executable>true</executable>
         <run_address>0x29a4</run_address>
         <size>0x38</size>
         <alignment>0x4</alignment>
         <input_file_ref idref="fl-2"/>
      </object_component>
      <object_component id="oc-de">
         <name>.text.__fixsfsi</name>
         <load_address>0x29dc</load_address>
         <readonly>true</readonly>
         <executable>true</executable>
         <run_address>0x29dc</run_address>
         <size>0x38</size>
         <alignment>0x4</alignment>
         <input_file_ref idref="fl-bb"/>
      </object_component>
      <object_component id="oc-18a">
         <name>.text.DL_GPIO_initDigitalInputFeatures</name>
         <load_address>0x2a14</load_address>
         <readonly>true</readonly>
         <executable>true</executable>
         <run_address>0x2a14</run_address>
         <size>0x34</size>
         <alignment>0x4</alignment>
         <input_file_ref idref="fl-2"/>
      </object_component>
      <object_component id="oc-1a1">
         <name>.text.DL_Timer_setCaptCompUpdateMethod</name>
         <load_address>0x2a48</load_address>
         <readonly>true</readonly>
         <executable>true</executable>
         <run_address>0x2a48</run_address>
         <size>0x34</size>
         <alignment>0x4</alignment>
         <input_file_ref idref="fl-17"/>
      </object_component>
      <object_component id="oc-1dc">
         <name>.text.DL_Timer_setCaptureCompareAction</name>
         <load_address>0x2a7c</load_address>
         <readonly>true</readonly>
         <executable>true</executable>
         <run_address>0x2a7c</run_address>
         <size>0x34</size>
         <alignment>0x4</alignment>
         <input_file_ref idref="fl-17"/>
      </object_component>
      <object_component id="oc-1de">
         <name>.text.DL_Timer_setCaptureCompareInput</name>
         <load_address>0x2ab0</load_address>
         <readonly>true</readonly>
         <executable>true</executable>
         <run_address>0x2ab0</run_address>
         <size>0x34</size>
         <alignment>0x2</alignment>
         <input_file_ref idref="fl-17"/>
      </object_component>
      <object_component id="oc-19e">
         <name>.text.DL_Timer_setClockConfig</name>
         <load_address>0x2ae4</load_address>
         <readonly>true</readonly>
         <executable>true</executable>
         <run_address>0x2ae4</run_address>
         <size>0x34</size>
         <alignment>0x4</alignment>
         <input_file_ref idref="fl-17"/>
      </object_component>
      <object_component id="oc-18b">
         <name>.text.DL_GPIO_initDigitalOutputFeatures</name>
         <load_address>0x2b18</load_address>
         <readonly>true</readonly>
         <executable>true</executable>
         <run_address>0x2b18</run_address>
         <size>0x30</size>
         <alignment>0x4</alignment>
         <input_file_ref idref="fl-2"/>
      </object_component>
      <object_component id="oc-d2">
         <name>.text.DL_Timer_setCaptureCompareValue</name>
         <load_address>0x2b48</load_address>
         <readonly>true</readonly>
         <executable>true</executable>
         <run_address>0x2b48</run_address>
         <size>0x2c</size>
         <alignment>0x4</alignment>
         <input_file_ref idref="fl-17"/>
      </object_component>
      <object_component id="oc-163">
         <name>.text.__NVIC_EnableIRQ</name>
         <load_address>0x2b74</load_address>
         <readonly>true</readonly>
         <executable>true</executable>
         <run_address>0x2b74</run_address>
         <size>0x2c</size>
         <alignment>0x4</alignment>
         <input_file_ref idref="fl-5"/>
      </object_component>
      <object_component id="oc-fe">
         <name>.text.__NVIC_EnableIRQ</name>
         <load_address>0x2ba0</load_address>
         <readonly>true</readonly>
         <executable>true</executable>
         <run_address>0x2ba0</run_address>
         <size>0x2c</size>
         <alignment>0x4</alignment>
         <input_file_ref idref="fl-1"/>
      </object_component>
      <object_component id="oc-1d8">
         <name>.text.DL_Common_updateReg</name>
         <load_address>0x2bcc</load_address>
         <readonly>true</readonly>
         <executable>true</executable>
         <run_address>0x2bcc</run_address>
         <size>0x28</size>
         <alignment>0x2</alignment>
         <input_file_ref idref="fl-19"/>
      </object_component>
      <object_component id="oc-1e0">
         <name>.text.DL_Common_updateReg</name>
         <load_address>0x2bf4</load_address>
         <readonly>true</readonly>
         <executable>true</executable>
         <run_address>0x2bf4</run_address>
         <size>0x28</size>
         <alignment>0x2</alignment>
         <input_file_ref idref="fl-17"/>
      </object_component>
      <object_component id="oc-1e4">
         <name>.text.DL_Common_updateReg</name>
         <load_address>0x2c1c</load_address>
         <readonly>true</readonly>
         <executable>true</executable>
         <run_address>0x2c1c</run_address>
         <size>0x28</size>
         <alignment>0x2</alignment>
         <input_file_ref idref="fl-18"/>
      </object_component>
      <object_component id="oc-1d5">
         <name>.text.DL_Common_updateReg</name>
         <load_address>0x2c44</load_address>
         <readonly>true</readonly>
         <executable>true</executable>
         <run_address>0x2c44</run_address>
         <size>0x28</size>
         <alignment>0x2</alignment>
         <input_file_ref idref="fl-2"/>
      </object_component>
      <object_component id="oc-160">
         <name>.text.DL_UART_transmitDataBlocking</name>
         <load_address>0x2c6c</load_address>
         <readonly>true</readonly>
         <executable>true</executable>
         <run_address>0x2c6c</run_address>
         <size>0x28</size>
         <alignment>0x2</alignment>
         <input_file_ref idref="fl-18"/>
      </object_component>
      <object_component id="oc-9a">
         <name>.text.Read_Encoder</name>
         <load_address>0x2c94</load_address>
         <readonly>true</readonly>
         <executable>true</executable>
         <run_address>0x2c94</run_address>
         <size>0x28</size>
         <alignment>0x4</alignment>
         <input_file_ref idref="fl-5"/>
      </object_component>
      <object_component id="oc-5f">
         <name>.text:_c_int00_noargs</name>
         <load_address>0x2cbc</load_address>
         <readonly>true</readonly>
         <executable>true</executable>
         <run_address>0x2cbc</run_address>
         <size>0x28</size>
         <alignment>0x4</alignment>
         <input_file_ref idref="fl-35"/>
      </object_component>
      <object_component id="oc-16b">
         <name>.text.Follow_Route_Mode4</name>
         <load_address>0x2ce4</load_address>
         <readonly>true</readonly>
         <executable>true</executable>
         <run_address>0x2ce4</run_address>
         <size>0x26</size>
         <alignment>0x2</alignment>
         <input_file_ref idref="fl-7"/>
      </object_component>
      <object_component id="oc-1ac">
         <name>.text.DL_UART_setClockConfig</name>
         <load_address>0x2d0c</load_address>
         <readonly>true</readonly>
         <executable>true</executable>
         <run_address>0x2d0c</run_address>
         <size>0x24</size>
         <alignment>0x4</alignment>
         <input_file_ref idref="fl-18"/>
      </object_component>
      <object_component id="oc-ff">
         <name>.text.delay_ms</name>
         <load_address>0x2d30</load_address>
         <readonly>true</readonly>
         <executable>true</executable>
         <run_address>0x2d30</run_address>
         <size>0x24</size>
         <alignment>0x4</alignment>
         <input_file_ref idref="fl-8"/>
      </object_component>
      <object_component id="oc-cd">
         <name>.text.myabs</name>
         <load_address>0x2d54</load_address>
         <readonly>true</readonly>
         <executable>true</executable>
         <run_address>0x2d54</run_address>
         <size>0x24</size>
         <alignment>0x2</alignment>
         <input_file_ref idref="fl-8"/>
      </object_component>
      <object_component id="oc-1e7">
         <name>.text.memccpy</name>
         <load_address>0x2d78</load_address>
         <readonly>true</readonly>
         <executable>true</executable>
         <run_address>0x2d78</run_address>
         <size>0x22</size>
         <alignment>0x2</alignment>
         <input_file_ref idref="fl-32"/>
      </object_component>
      <object_component id="oc-1da">
         <name>.text.DL_CORE_configInstruction</name>
         <load_address>0x2d9c</load_address>
         <readonly>true</readonly>
         <executable>true</executable>
         <run_address>0x2d9c</run_address>
         <size>0x20</size>
         <alignment>0x4</alignment>
         <input_file_ref idref="fl-19"/>
      </object_component>
      <object_component id="oc-188">
         <name>.text.DL_GPIO_initPeripheralInputFunction</name>
         <load_address>0x2dbc</load_address>
         <readonly>true</readonly>
         <executable>true</executable>
         <run_address>0x2dbc</run_address>
         <size>0x20</size>
         <alignment>0x4</alignment>
         <input_file_ref idref="fl-2"/>
      </object_component>
      <object_component id="oc-195">
         <name>.text.DL_SYSCTL_setFlashWaitState</name>
         <load_address>0x2ddc</load_address>
         <readonly>true</readonly>
         <executable>true</executable>
         <run_address>0x2ddc</run_address>
         <size>0x20</size>
         <alignment>0x4</alignment>
         <input_file_ref idref="fl-2"/>
      </object_component>
      <object_component id="oc-1e2">
         <name>.text.DL_Timer_setCounterValueAfterEnable</name>
         <load_address>0x2dfc</load_address>
         <readonly>true</readonly>
         <executable>true</executable>
         <run_address>0x2dfc</run_address>
         <size>0x20</size>
         <alignment>0x4</alignment>
         <input_file_ref idref="fl-17"/>
      </object_component>
      <object_component id="oc-1ae">
         <name>.text.DL_UART_setOversampling</name>
         <load_address>0x2e1c</load_address>
         <readonly>true</readonly>
         <executable>true</executable>
         <run_address>0x2e1c</run_address>
         <size>0x1e</size>
         <alignment>0x2</alignment>
         <input_file_ref idref="fl-2"/>
      </object_component>
      <object_component id="oc-b7">
         <name>.text.DL_GPIO_clearInterruptStatus</name>
         <load_address>0x2e3c</load_address>
         <readonly>true</readonly>
         <executable>true</executable>
         <run_address>0x2e3c</run_address>
         <size>0x1c</size>
         <alignment>0x4</alignment>
         <input_file_ref idref="fl-5"/>
      </object_component>
      <object_component id="oc-192">
         <name>.text.DL_GPIO_clearInterruptStatus</name>
         <load_address>0x2e58</load_address>
         <readonly>true</readonly>
         <executable>true</executable>
         <run_address>0x2e58</run_address>
         <size>0x1c</size>
         <alignment>0x4</alignment>
         <input_file_ref idref="fl-2"/>
      </object_component>
      <object_component id="oc-193">
         <name>.text.DL_GPIO_enableInterrupt</name>
         <load_address>0x2e74</load_address>
         <readonly>true</readonly>
         <executable>true</executable>
         <run_address>0x2e74</run_address>
         <size>0x1c</size>
         <alignment>0x4</alignment>
         <input_file_ref idref="fl-2"/>
      </object_component>
      <object_component id="oc-18c">
         <name>.text.DL_GPIO_initDigitalInput</name>
         <load_address>0x2e90</load_address>
         <readonly>true</readonly>
         <executable>true</executable>
         <run_address>0x2e90</run_address>
         <size>0x1c</size>
         <alignment>0x4</alignment>
         <input_file_ref idref="fl-2"/>
      </object_component>
      <object_component id="oc-185">
         <name>.text.DL_GPIO_initPeripheralOutputFunction</name>
         <load_address>0x2eac</load_address>
         <readonly>true</readonly>
         <executable>true</executable>
         <run_address>0x2eac</run_address>
         <size>0x1c</size>
         <alignment>0x4</alignment>
         <input_file_ref idref="fl-2"/>
      </object_component>
      <object_component id="oc-190">
         <name>.text.DL_GPIO_setLowerPinsInputFilter</name>
         <load_address>0x2ec8</load_address>
         <readonly>true</readonly>
         <executable>true</executable>
         <run_address>0x2ec8</run_address>
         <size>0x1c</size>
         <alignment>0x4</alignment>
         <input_file_ref idref="fl-2"/>
      </object_component>
      <object_component id="oc-18e">
         <name>.text.DL_GPIO_setLowerPinsPolarity</name>
         <load_address>0x2ee4</load_address>
         <readonly>true</readonly>
         <executable>true</executable>
         <run_address>0x2ee4</run_address>
         <size>0x1c</size>
         <alignment>0x4</alignment>
         <input_file_ref idref="fl-2"/>
      </object_component>
      <object_component id="oc-191">
         <name>.text.DL_GPIO_setUpperPinsInputFilter</name>
         <load_address>0x2f00</load_address>
         <readonly>true</readonly>
         <executable>true</executable>
         <run_address>0x2f00</run_address>
         <size>0x1c</size>
         <alignment>0x4</alignment>
         <input_file_ref idref="fl-2"/>
      </object_component>
      <object_component id="oc-196">
         <name>.text.DL_SYSCTL_setSYSOSCFreq</name>
         <load_address>0x2f1c</load_address>
         <readonly>true</readonly>
         <executable>true</executable>
         <run_address>0x2f1c</run_address>
         <size>0x1c</size>
         <alignment>0x4</alignment>
         <input_file_ref idref="fl-2"/>
      </object_component>
      <object_component id="oc-19a">
         <name>.text.DL_SYSCTL_setULPCLKDivider</name>
         <load_address>0x2f38</load_address>
         <readonly>true</readonly>
         <executable>true</executable>
         <run_address>0x2f38</run_address>
         <size>0x1c</size>
         <alignment>0x4</alignment>
         <input_file_ref idref="fl-2"/>
      </object_component>
      <object_component id="oc-1a7">
         <name>.text.DL_Timer_enableInterrupt</name>
         <load_address>0x2f54</load_address>
         <readonly>true</readonly>
         <executable>true</executable>
         <run_address>0x2f54</run_address>
         <size>0x1c</size>
         <alignment>0x4</alignment>
         <input_file_ref idref="fl-2"/>
      </object_component>
      <object_component id="oc-1b3">
         <name>.text.DL_UART_enableInterrupt</name>
         <load_address>0x2f70</load_address>
         <readonly>true</readonly>
         <executable>true</executable>
         <run_address>0x2f70</run_address>
         <size>0x1c</size>
         <alignment>0x4</alignment>
         <input_file_ref idref="fl-2"/>
      </object_component>
      <object_component id="oc-3f">
         <name>.text.TIMG6_IRQHandler</name>
         <load_address>0x2f8c</load_address>
         <readonly>true</readonly>
         <executable>true</executable>
         <run_address>0x2f8c</run_address>
         <size>0x1c</size>
         <alignment>0x4</alignment>
         <input_file_ref idref="fl-5"/>
      </object_component>
      <object_component id="oc-1c8">
         <name>.text.fputc</name>
         <load_address>0x2fa8</load_address>
         <readonly>true</readonly>
         <executable>true</executable>
         <run_address>0x2fa8</run_address>
         <size>0x1c</size>
         <alignment>0x4</alignment>
         <input_file_ref idref="fl-8"/>
      </object_component>
      <object_component id="oc-186">
         <name>.text.DL_GPIO_enableOutput</name>
         <load_address>0x2fc4</load_address>
         <readonly>true</readonly>
         <executable>true</executable>
         <run_address>0x2fc4</run_address>
         <size>0x18</size>
         <alignment>0x4</alignment>
         <input_file_ref idref="fl-2"/>
      </object_component>
      <object_component id="oc-182">
         <name>.text.DL_GPIO_enablePower</name>
         <load_address>0x2fdc</load_address>
         <readonly>true</readonly>
         <executable>true</executable>
         <run_address>0x2fdc</run_address>
         <size>0x18</size>
         <alignment>0x4</alignment>
         <input_file_ref idref="fl-2"/>
      </object_component>
      <object_component id="oc-b5">
         <name>.text.DL_GPIO_getEnabledInterruptStatus</name>
         <load_address>0x2ff4</load_address>
         <readonly>true</readonly>
         <executable>true</executable>
         <run_address>0x2ff4</run_address>
         <size>0x18</size>
         <alignment>0x4</alignment>
         <input_file_ref idref="fl-5"/>
      </object_component>
      <object_component id="oc-189">
         <name>.text.DL_GPIO_initDigitalOutput</name>
         <load_address>0x300c</load_address>
         <readonly>true</readonly>
         <executable>true</executable>
         <run_address>0x300c</run_address>
         <size>0x18</size>
         <alignment>0x4</alignment>
         <input_file_ref idref="fl-2"/>
      </object_component>
      <object_component id="oc-17f">
         <name>.text.DL_GPIO_reset</name>
         <load_address>0x3024</load_address>
         <readonly>true</readonly>
         <executable>true</executable>
         <run_address>0x3024</run_address>
         <size>0x18</size>
         <alignment>0x4</alignment>
         <input_file_ref idref="fl-2"/>
      </object_component>
      <object_component id="oc-cb">
         <name>.text.DL_GPIO_setPins</name>
         <load_address>0x303c</load_address>
         <readonly>true</readonly>
         <executable>true</executable>
         <run_address>0x303c</run_address>
         <size>0x18</size>
         <alignment>0x4</alignment>
         <input_file_ref idref="fl-4"/>
      </object_component>
      <object_component id="oc-16e">
         <name>.text.DL_GPIO_setPins</name>
         <load_address>0x3054</load_address>
         <readonly>true</readonly>
         <executable>true</executable>
         <run_address>0x3054</run_address>
         <size>0x18</size>
         <alignment>0x4</alignment>
         <input_file_ref idref="fl-1"/>
      </object_component>
      <object_component id="oc-18f">
         <name>.text.DL_GPIO_setUpperPinsPolarity</name>
         <load_address>0x306c</load_address>
         <readonly>true</readonly>
         <executable>true</executable>
         <run_address>0x306c</run_address>
         <size>0x18</size>
         <alignment>0x2</alignment>
         <input_file_ref idref="fl-2"/>
      </object_component>
      <object_component id="oc-194">
         <name>.text.DL_SYSCTL_setBORThreshold</name>
         <load_address>0x3084</load_address>
         <readonly>true</readonly>
         <executable>true</executable>
         <run_address>0x3084</run_address>
         <size>0x18</size>
         <alignment>0x4</alignment>
         <input_file_ref idref="fl-2"/>
      </object_component>
      <object_component id="oc-1db">
         <name>.text.DL_SYSCTL_setHSCLKSource</name>
         <load_address>0x309c</load_address>
         <readonly>true</readonly>
         <executable>true</executable>
         <run_address>0x309c</run_address>
         <size>0x18</size>
         <alignment>0x4</alignment>
         <input_file_ref idref="fl-19"/>
      </object_component>
      <object_component id="oc-183">
         <name>.text.DL_Timer_enablePower</name>
         <load_address>0x30b4</load_address>
         <readonly>true</readonly>
         <executable>true</executable>
         <run_address>0x30b4</run_address>
         <size>0x18</size>
         <alignment>0x4</alignment>
         <input_file_ref idref="fl-2"/>
      </object_component>
      <object_component id="oc-180">
         <name>.text.DL_Timer_reset</name>
         <load_address>0x30cc</load_address>
         <readonly>true</readonly>
         <executable>true</executable>
         <run_address>0x30cc</run_address>
         <size>0x18</size>
         <alignment>0x4</alignment>
         <input_file_ref idref="fl-2"/>
      </object_component>
      <object_component id="oc-1e1">
         <name>.text.DL_Timer_setLoadValue</name>
         <load_address>0x30e4</load_address>
         <readonly>true</readonly>
         <executable>true</executable>
         <run_address>0x30e4</run_address>
         <size>0x18</size>
         <alignment>0x4</alignment>
         <input_file_ref idref="fl-17"/>
      </object_component>
      <object_component id="oc-164">
         <name>.text.DL_Timer_startCounter</name>
         <load_address>0x30fc</load_address>
         <readonly>true</readonly>
         <executable>true</executable>
         <run_address>0x30fc</run_address>
         <size>0x18</size>
         <alignment>0x4</alignment>
         <input_file_ref idref="fl-5"/>
      </object_component>
      <object_component id="oc-101">
         <name>.text.DL_Timer_startCounter</name>
         <load_address>0x3114</load_address>
         <readonly>true</readonly>
         <executable>true</executable>
         <run_address>0x3114</run_address>
         <size>0x18</size>
         <alignment>0x4</alignment>
         <input_file_ref idref="fl-1"/>
      </object_component>
      <object_component id="oc-184">
         <name>.text.DL_UART_enablePower</name>
         <load_address>0x312c</load_address>
         <readonly>true</readonly>
         <executable>true</executable>
         <run_address>0x312c</run_address>
         <size>0x18</size>
         <alignment>0x4</alignment>
         <input_file_ref idref="fl-2"/>
      </object_component>
      <object_component id="oc-1c9">
         <name>.text.DL_UART_isTXFIFOFull</name>
         <load_address>0x3144</load_address>
         <readonly>true</readonly>
         <executable>true</executable>
         <run_address>0x3144</run_address>
         <size>0x18</size>
         <alignment>0x4</alignment>
         <input_file_ref idref="fl-18"/>
      </object_component>
      <object_component id="oc-181">
         <name>.text.DL_UART_reset</name>
         <load_address>0x315c</load_address>
         <readonly>true</readonly>
         <executable>true</executable>
         <run_address>0x315c</run_address>
         <size>0x18</size>
         <alignment>0x4</alignment>
         <input_file_ref idref="fl-2"/>
      </object_component>
      <object_component id="oc-b6">
         <name>.text.DL_GPIO_readPins</name>
         <load_address>0x3174</load_address>
         <readonly>true</readonly>
         <executable>true</executable>
         <run_address>0x3174</run_address>
         <size>0x16</size>
         <alignment>0x2</alignment>
         <input_file_ref idref="fl-5"/>
      </object_component>
      <object_component id="oc-127">
         <name>.text.DL_GPIO_readPins</name>
         <load_address>0x318a</load_address>
         <readonly>true</readonly>
         <executable>true</executable>
         <run_address>0x318a</run_address>
         <size>0x16</size>
         <alignment>0x2</alignment>
         <input_file_ref idref="fl-7"/>
      </object_component>
      <object_component id="oc-165">
         <name>.text.DL_GPIO_readPins</name>
         <load_address>0x31a0</load_address>
         <readonly>true</readonly>
         <executable>true</executable>
         <run_address>0x31a0</run_address>
         <size>0x16</size>
         <alignment>0x2</alignment>
         <input_file_ref idref="fl-1"/>
      </object_component>
      <object_component id="oc-1e3">
         <name>.text.DL_UART_disable</name>
         <load_address>0x31b6</load_address>
         <readonly>true</readonly>
         <executable>true</executable>
         <run_address>0x31b6</run_address>
         <size>0x16</size>
         <alignment>0x2</alignment>
         <input_file_ref idref="fl-18"/>
      </object_component>
      <object_component id="oc-1b0">
         <name>.text.DL_UART_enable</name>
         <load_address>0x31cc</load_address>
         <readonly>true</readonly>
         <executable>true</executable>
         <run_address>0x31cc</run_address>
         <size>0x16</size>
         <alignment>0x2</alignment>
         <input_file_ref idref="fl-2"/>
      </object_component>
      <object_component id="oc-1ca">
         <name>.text.DL_UART_transmitData</name>
         <load_address>0x31e2</load_address>
         <readonly>true</readonly>
         <executable>true</executable>
         <run_address>0x31e2</run_address>
         <size>0x16</size>
         <alignment>0x2</alignment>
         <input_file_ref idref="fl-18"/>
      </object_component>
      <object_component id="oc-56">
         <name>.text:decompress:ZI:__TI_zero_init_nomemset</name>
         <load_address>0x31f8</load_address>
         <readonly>true</readonly>
         <executable>true</executable>
         <run_address>0x31f8</run_address>
         <size>0x16</size>
         <alignment>0x2</alignment>
         <input_file_ref idref="fl-3a"/>
      </object_component>
      <object_component id="oc-161">
         <name>.text.DL_Common_delayCycles</name>
         <load_address>0x320e</load_address>
         <readonly>true</readonly>
         <executable>true</executable>
         <run_address>0x320e</run_address>
         <size>0x14</size>
         <alignment>0x2</alignment>
         <input_file_ref idref="fl-16"/>
      </object_component>
      <object_component id="oc-162">
         <name>.text.DL_GPIO_clearPins</name>
         <load_address>0x3222</load_address>
         <readonly>true</readonly>
         <executable>true</executable>
         <run_address>0x3222</run_address>
         <size>0x14</size>
         <alignment>0x2</alignment>
         <input_file_ref idref="fl-5"/>
      </object_component>
      <object_component id="oc-cc">
         <name>.text.DL_GPIO_clearPins</name>
         <load_address>0x3236</load_address>
         <readonly>true</readonly>
         <executable>true</executable>
         <run_address>0x3236</run_address>
         <size>0x14</size>
         <alignment>0x2</alignment>
         <input_file_ref idref="fl-4"/>
      </object_component>
      <object_component id="oc-16f">
         <name>.text.DL_GPIO_clearPins</name>
         <load_address>0x324a</load_address>
         <readonly>true</readonly>
         <executable>true</executable>
         <run_address>0x324a</run_address>
         <size>0x14</size>
         <alignment>0x2</alignment>
         <input_file_ref idref="fl-1"/>
      </object_component>
      <object_component id="oc-18d">
         <name>.text.DL_GPIO_clearPins</name>
         <load_address>0x325e</load_address>
         <readonly>true</readonly>
         <executable>true</executable>
         <run_address>0x325e</run_address>
         <size>0x14</size>
         <alignment>0x2</alignment>
         <input_file_ref idref="fl-2"/>
      </object_component>
      <object_component id="oc-1d6">
         <name>.text.DL_SYSCTL_disableSYSPLL</name>
         <load_address>0x3274</load_address>
         <readonly>true</readonly>
         <executable>true</executable>
         <run_address>0x3274</run_address>
         <size>0x14</size>
         <alignment>0x4</alignment>
         <input_file_ref idref="fl-19"/>
      </object_component>
      <object_component id="oc-198">
         <name>.text.DL_SYSCTL_disableSYSPLL</name>
         <load_address>0x3288</load_address>
         <readonly>true</readonly>
         <executable>true</executable>
         <run_address>0x3288</run_address>
         <size>0x14</size>
         <alignment>0x4</alignment>
         <input_file_ref idref="fl-2"/>
      </object_component>
      <object_component id="oc-1a2">
         <name>.text.DL_Timer_enableClock</name>
         <load_address>0x329c</load_address>
         <readonly>true</readonly>
         <executable>true</executable>
         <run_address>0x329c</run_address>
         <size>0x14</size>
         <alignment>0x4</alignment>
         <input_file_ref idref="fl-2"/>
      </object_component>
      <object_component id="oc-1a3">
         <name>.text.DL_Timer_setCCPDirection</name>
         <load_address>0x32b0</load_address>
         <readonly>true</readonly>
         <executable>true</executable>
         <run_address>0x32b0</run_address>
         <size>0x14</size>
         <alignment>0x2</alignment>
         <input_file_ref idref="fl-2"/>
      </object_component>
      <object_component id="oc-69">
         <name>.text.DL_UART_receiveData</name>
         <load_address>0x32c4</load_address>
         <readonly>true</readonly>
         <executable>true</executable>
         <run_address>0x32c4</run_address>
         <size>0x14</size>
         <alignment>0x4</alignment>
         <input_file_ref idref="fl-6"/>
      </object_component>
      <object_component id="oc-99">
         <name>.text.DL_Timer_getPendingInterrupt</name>
         <load_address>0x32d8</load_address>
         <readonly>true</readonly>
         <executable>true</executable>
         <run_address>0x32d8</run_address>
         <size>0x12</size>
         <alignment>0x2</alignment>
         <input_file_ref idref="fl-5"/>
      </object_component>
      <object_component id="oc-8f">
         <name>.text.DL_Timer_getPendingInterrupt</name>
         <load_address>0x32ea</load_address>
         <readonly>true</readonly>
         <executable>true</executable>
         <run_address>0x32ea</run_address>
         <size>0x12</size>
         <alignment>0x2</alignment>
         <input_file_ref idref="fl-1"/>
      </object_component>
      <object_component id="oc-e8">
         <name>.text:TI_memcpy_small</name>
         <load_address>0x32fc</load_address>
         <readonly>true</readonly>
         <executable>true</executable>
         <run_address>0x32fc</run_address>
         <size>0x12</size>
         <alignment>0x1</alignment>
         <input_file_ref idref="fl-cd"/>
      </object_component>
      <object_component id="oc-20">
         <name>.text:decompress:none</name>
         <load_address>0x330e</load_address>
         <readonly>true</readonly>
         <executable>true</executable>
         <run_address>0x330e</run_address>
         <size>0x12</size>
         <alignment>0x2</alignment>
         <input_file_ref idref="fl-3b"/>
      </object_component>
      <object_component id="oc-1d9">
         <name>.text.DL_CORE_getInstructionConfig</name>
         <load_address>0x3320</load_address>
         <readonly>true</readonly>
         <executable>true</executable>
         <run_address>0x3320</run_address>
         <size>0x10</size>
         <alignment>0x4</alignment>
         <input_file_ref idref="fl-19"/>
      </object_component>
      <object_component id="oc-197">
         <name>.text.DL_SYSCTL_disableHFXT</name>
         <load_address>0x3330</load_address>
         <readonly>true</readonly>
         <executable>true</executable>
         <run_address>0x3330</run_address>
         <size>0x10</size>
         <alignment>0x4</alignment>
         <input_file_ref idref="fl-2"/>
      </object_component>
      <object_component id="oc-1e6">
         <name>.text.__aeabi_memset</name>
         <load_address>0x3340</load_address>
         <readonly>true</readonly>
         <executable>true</executable>
         <run_address>0x3340</run_address>
         <size>0xe</size>
         <alignment>0x4</alignment>
         <input_file_ref idref="fl-c5"/>
      </object_component>
      <object_component id="oc-1e5">
         <name>.text.strlen</name>
         <load_address>0x334e</load_address>
         <readonly>true</readonly>
         <executable>true</executable>
         <run_address>0x334e</run_address>
         <size>0xe</size>
         <alignment>0x2</alignment>
         <input_file_ref idref="fl-29"/>
      </object_component>
      <object_component id="oc-210">
         <name>.text.strlen</name>
         <load_address>0x335c</load_address>
         <readonly>true</readonly>
         <executable>true</executable>
         <run_address>0x335c</run_address>
         <size>0xe</size>
         <alignment>0x2</alignment>
         <input_file_ref idref="fl-34"/>
      </object_component>
      <object_component id="oc-144">
         <name>.text:TI_memset_small</name>
         <load_address>0x336a</load_address>
         <readonly>true</readonly>
         <executable>true</executable>
         <run_address>0x336a</run_address>
         <size>0xe</size>
         <alignment>0x1</alignment>
         <input_file_ref idref="fl-ce"/>
      </object_component>
      <object_component id="oc-1d7">
         <name>.text.DL_SYSCTL_getClockStatus</name>
         <load_address>0x3378</load_address>
         <readonly>true</readonly>
         <executable>true</executable>
         <run_address>0x3378</run_address>
         <size>0xc</size>
         <alignment>0x4</alignment>
         <input_file_ref idref="fl-19"/>
      </object_component>
      <object_component id="oc-34">
         <name>.text.GROUP1_IRQHandler</name>
         <load_address>0x3384</load_address>
         <readonly>true</readonly>
         <executable>true</executable>
         <run_address>0x3384</run_address>
         <size>0x8</size>
         <alignment>0x2</alignment>
         <input_file_ref idref="fl-1"/>
      </object_component>
      <object_component id="oc-4f">
         <name>.text.__aeabi_memcpy</name>
         <load_address>0x338c</load_address>
         <readonly>true</readonly>
         <executable>true</executable>
         <run_address>0x338c</run_address>
         <size>0x8</size>
         <alignment>0x4</alignment>
         <input_file_ref idref="fl-c4"/>
      </object_component>
      <object_component id="oc-15c">
         <name>.text._outc</name>
         <load_address>0x3394</load_address>
         <readonly>true</readonly>
         <executable>true</executable>
         <run_address>0x3394</run_address>
         <size>0x8</size>
         <alignment>0x2</alignment>
         <input_file_ref idref="fl-28"/>
      </object_component>
      <object_component id="oc-15b">
         <name>.text._outs</name>
         <load_address>0x339c</load_address>
[...]
      <symbol id="sm-197">
         <name>PID_A</name>
         <value>0x1785</value>
         <object_component_ref idref="oc-dc"/>
      </symbol>
      <symbol id="sm-198">
         <name>PWM_Limit</name>
         <value>0x27c5</value>
         <object_component_ref idref="oc-dd"/>
      </symbol>
      <symbol id="sm-199">
         <name>PID_B</name>
         <value>0x1861</value>
         <object_component_ref idref="oc-e2"/>
      </symbol>
      <symbol id="sm-19a">
         <name>Set_Pwm</name>
         <value>0x1bad</value>
         <object_component_ref idref="oc-90"/>
      </symbol>
      <symbol id="sm-19b">
         <name>Speed_Middle</name>
         <value>0x202002a0</value>
         <object_component_ref idref="oc-e3"/>
      </symbol>
      <symbol id="sm-19c">
         <name>Motor_Left</name>
         <value>0x20200178</value>
      </symbol>
      <symbol id="sm-19d">
         <name>Motor_Right</name>
         <value>0x2020017c</value>
      </symbol>
      <symbol id="sm-1c9">
         <name>Encoder_Init</name>
         <value>0x22a9</value>
         <object_component_ref idref="oc-100"/>
      </symbol>
      <symbol id="sm-1ca">
         <name>TIMG6_IRQHandler</name>
         <value>0x2f8d</value>
         <object_component_ref idref="oc-3f"/>
      </symbol>
      <symbol id="sm-1cb">
         <name>Read_Encoder</name>
         <value>0x2c95</value>
         <object_component_ref idref="oc-9a"/>
      </symbol>
      <symbol id="sm-1cc">
         <name>Encodering</name>
         <value>0x1199</value>
         <object_component_ref idref="oc-66"/>
      </symbol>
      <symbol id="sm-1dd">
         <name>Serial_JY61P_Zero_Yaw</name>
         <value>0x1c59</value>
         <object_component_ref idref="oc-fd"/>
      </symbol>
      <symbol id="sm-1de">
         <name>UART2_IRQHandler</name>
         <value>0x475</value>
         <object_component_ref idref="oc-39"/>
      </symbol>
      <symbol id="sm-1df">
         <name>RxState</name>
         <value>0x202002b8</value>
         <object_component_ref idref="oc-7e"/>
      </symbol>
      <symbol id="sm-1e0">
         <name>dataIndex</name>
         <value>0x202002b9</value>
         <object_component_ref idref="oc-7f"/>
      </symbol>
      <symbol id="sm-1e1">
         <name>receivedData</name>
         <value>0x20200134</value>
      </symbol>
      <symbol id="sm-1e2">
         <name>RollL</name>
         <value>0x2020018c</value>
      </symbol>
      <symbol id="sm-1e3">
         <name>RollH</name>
         <value>0x2020013f</value>
      </symbol>
      <symbol id="sm-1e4">
         <name>PitchL</name>
         <value>0x2020013e</value>
      </symbol>
      <symbol id="sm-1e5">
         <name>PitchH</name>
         <value>0x2020013d</value>
      </symbol>
      <symbol id="sm-1e6">
         <name>YawL</name>
         <value>0x20200191</value>
      </symbol>
      <symbol id="sm-1e7">
         <name>YawH</name>
         <value>0x20200190</value>
      </symbol>
      <symbol id="sm-1e8">
         <name>VL</name>
         <value>0x2020018f</value>
      </symbol>
      <symbol id="sm-1e9">
         <name>VH</name>
         <value>0x2020018e</value>
      </symbol>
      <symbol id="sm-1ea">
         <name>SUM</name>
         <value>0x2020018d</value>
      </symbol>
      <symbol id="sm-1eb">
         <name>Roll</name>
         <value>0x20200184</value>
      </symbol>
      <symbol id="sm-1ec">
         <name>Pitch</name>
         <value>0x20200180</value>
      </symbol>
      <symbol id="sm-1ed">
         <name>Yaw</name>
         <value>0x20200188</value>
      </symbol>
      <symbol id="sm-209">
         <name>Follow_Route</name>
         <value>0xc1</value>
         <object_component_ref idref="oc-103"/>
      </symbol>
      <symbol id="sm-20a">
         <name>Follow_Route_Mode3</name>
         <value>0x9ad</value>
         <object_component_ref idref="oc-16a"/>
      </symbol>
      <symbol id="sm-20b">
         <name>Follow_Route_Mode4</name>
         <value>0x2ce5</value>
         <object_component_ref idref="oc-16b"/>
      </symbol>
      <symbol id="sm-20c">
         <name>Incremental_Quantity</name>
         <value>0x1ae1</value>
         <object_component_ref idref="oc-d6"/>
      </symbol>
      <symbol id="sm-20d">
         <name>Incremental_Quantity4</name>
         <value>0x1a15</value>
         <object_component_ref idref="oc-db"/>
      </symbol>
      <symbol id="sm-21f">
         <name>delay_ms</name>
         <value>0x2d31</value>
         <object_component_ref idref="oc-ff"/>
      </symbol>
      <symbol id="sm-220">
         <name>fputc</name>
         <value>0x2fa9</value>
         <object_component_ref idref="oc-1c8"/>
      </symbol>
      <symbol id="sm-221">
         <name>fputs</name>
         <value>0x24cd</value>
         <object_component_ref idref="oc-1c7"/>
      </symbol>
      <symbol id="sm-222">
         <name>myabs</name>
         <value>0x2d55</value>
         <object_component_ref idref="oc-cd"/>
      </symbol>
      <symbol id="sm-223">
         <name>__TI_ATRegion0_src_addr</name>
         <value>0x0</value>
      </symbol>
      <symbol id="sm-224">
         <name>__TI_ATRegion0_trg_addr</name>
         <value>0x0</value>
      </symbol>
      <symbol id="sm-225">
         <name>__TI_ATRegion0_region_sz</name>
         <value>0x0</value>
      </symbol>
      <symbol id="sm-226">
         <name>__TI_ATRegion1_src_addr</name>
         <value>0x0</value>
      </symbol>
      <symbol id="sm-227">
         <name>__TI_ATRegion1_trg_addr</name>
         <value>0x0</value>
      </symbol>
      <symbol id="sm-228">
         <name>__TI_ATRegion1_region_sz</name>
         <value>0x0</value>
      </symbol>
      <symbol id="sm-229">
         <name>__TI_ATRegion2_src_addr</name>
         <value>0x0</value>
      </symbol>
      <symbol id="sm-22a">
         <name>__TI_ATRegion2_trg_addr</name>
         <value>0x0</value>
      </symbol>
      <symbol id="sm-22b">
         <name>__TI_ATRegion2_region_sz</name>
         <value>0x0</value>
      </symbol>
      <symbol id="sm-22e">
         <name>DL_Common_delayCycles</name>
         <value>0x320f</value>
         <object_component_ref idref="oc-161"/>
      </symbol>
      <symbol id="sm-24e">
         <name>DL_Timer_setClockConfig</name>
         <value>0x2ae5</value>
         <object_component_ref idref="oc-19e"/>
      </symbol>
      <symbol id="sm-24f">
         <name>DL_Timer_initTimerMode</name>
         <value>0x13c9</value>
         <object_component_ref idref="oc-1a6"/>
      </symbol>
      <symbol id="sm-250">
         <name>DL_Timer_setCaptureCompareValue</name>
         <value>0x2b49</value>
         <object_component_ref idref="oc-d2"/>
      </symbol>
      <symbol id="sm-251">
         <name>DL_Timer_setCaptureCompareCtl</name>
         <value>0x2789</value>
         <object_component_ref idref="oc-1dd"/>
      </symbol>
      <symbol id="sm-252">
         <name>DL_Timer_setCaptureCompareInput</name>
         <value>0x2ab1</value>
         <object_component_ref idref="oc-1de"/>
      </symbol>
      <symbol id="sm-253">
         <name>DL_Timer_initPWMMode</name>
         <value>0x12b9</value>
         <object_component_ref idref="oc-1df"/>
      </symbol>
      <symbol id="sm-254">
         <name>DL_Timer_setCaptureCompareAction</name>
         <value>0x2a7d</value>
         <object_component_ref idref="oc-1dc"/>
      </symbol>
      <symbol id="sm-255">
         <name>DL_Timer_setCaptureCompareOutCtl</name>
         <value>0x2649</value>
         <object_component_ref idref="oc-1a0"/>
      </symbol>
      <symbol id="sm-256">
         <name>DL_Timer_setCaptCompUpdateMethod</name>
         <value>0x2a49</value>
         <object_component_ref idref="oc-1a1"/>
      </symbol>
      <symbol id="sm-257">
         <name>DL_TimerA_initPWMMode</name>
         <value>0x15b5</value>
         <object_component_ref idref="oc-19f"/>
      </symbol>
      <symbol id="sm-267">
         <name>DL_UART_init</name>
         <value>0x2569</value>
         <object_component_ref idref="oc-1ad"/>
      </symbol>
      <symbol id="sm-268">
         <name>DL_UART_setClockConfig</name>
         <value>0x2d0d</value>
         <object_component_ref idref="oc-1ac"/>
      </symbol>
      <symbol id="sm-269">
         <name>DL_UART_transmitDataBlocking</name>
         <value>0x2c6d</value>
         <object_component_ref idref="oc-160"/>
      </symbol>
      <symbol id="sm-280">
         <name>DL_SYSCTL_configSYSPLL</name>
         <value>0x14c9</value>
         <object_component_ref idref="oc-199"/>
      </symbol>
      <symbol id="sm-281">
         <name>DL_SYSCTL_switchMCLKfromSYSOSCtoHSCLK</name>
         <value>0x251d</value>
         <object_component_ref idref="oc-19b"/>
      </symbol>
      <symbol id="sm-292">
         <name>printf</name>
         <value>0x23c5</value>
         <object_component_ref idref="oc-f7"/>
      </symbol>
      <symbol id="sm-2a8">
         <name>__TI_printfi_minimal</name>
         <value>0x729</value>
         <object_component_ref idref="oc-1b6"/>
      </symbol>
      <symbol id="sm-2b4">
         <name>_nop</name>
         <value>0x20df</value>
         <object_component_ref idref="oc-1be"/>
      </symbol>
      <symbol id="sm-2b5">
         <name>_lock</name>
         <value>0x202002a4</value>
         <object_component_ref idref="oc-157"/>
      </symbol>
      <symbol id="sm-2b6">
         <name>_unlock</name>
         <value>0x202002a8</value>
         <object_component_ref idref="oc-15d"/>
      </symbol>
      <symbol id="sm-2be">
         <name>_ftable</name>
         <value>0x20200194</value>
         <object_component_ref idref="oc-159"/>
      </symbol>
      <symbol id="sm-2c7">
         <name>memccpy</name>
         <value>0x2d79</value>
         <object_component_ref idref="oc-1e7"/>
      </symbol>
      <symbol id="sm-2d1">
         <name>strlen</name>
         <value>0x335d</value>
         <object_component_ref idref="oc-210"/>
      </symbol>
      <symbol id="sm-2dc">
         <name>_c_int00_noargs</name>
         <value>0x2cbd</value>
         <object_component_ref idref="oc-5f"/>
      </symbol>
      <symbol id="sm-2dd">
         <name>__stack</name>
         <value>0x20207e00</value>
         <object_component_ref idref="oc-1a"/>
      </symbol>
      <symbol id="sm-2e9">
         <name>__TI_auto_init_nobinit_nopinit</name>
         <value>0x28f1</value>
         <object_component_ref idref="oc-10d"/>
      </symbol>
      <symbol id="sm-2f1">
         <name>_system_pre_init</name>
         <value>0x33ad</value>
         <object_component_ref idref="oc-a6"/>
      </symbol>
      <symbol id="sm-2fc">
         <name>__TI_zero_init_nomemset</name>
         <value>0x31f9</value>
         <object_component_ref idref="oc-56"/>
      </symbol>
      <symbol id="sm-305">
         <name>__TI_decompress_none</name>
         <value>0x330f</value>
         <object_component_ref idref="oc-20"/>
      </symbol>
      <symbol id="sm-310">
         <name>__TI_decompress_lzss</name>
         <value>0x2159</value>
         <object_component_ref idref="oc-1c"/>
      </symbol>
      <symbol id="sm-31d">
         <name>abort</name>
         <value>0x33b1</value>
         <object_component_ref idref="oc-106"/>
      </symbol>
      <symbol id="sm-31e">
         <name>C$$EXIT</name>
         <value>0x33b0</value>
         <object_component_ref idref="oc-106"/>
      </symbol>
      <symbol id="sm-32f">
         <name>__aeabi_fadd</name>
         <value>0x1947</value>
         <object_component_ref idref="oc-7a"/>
      </symbol>
      <symbol id="sm-330">
         <name>__addsf3</name>
         <value>0x1947</value>
         <object_component_ref idref="oc-7a"/>
      </symbol>
      <symbol id="sm-331">
         <name>__aeabi_fsub</name>
         <value>0x193d</value>
         <object_component_ref idref="oc-7a"/>
      </symbol>
      <symbol id="sm-332">
         <name>__subsf3</name>
         <value>0x193d</value>
         <object_component_ref idref="oc-7a"/>
      </symbol>
      <symbol id="sm-338">
         <name>__aeabi_dadd</name>
         <value>0x100f</value>
         <object_component_ref idref="oc-132"/>
      </symbol>
      <symbol id="sm-339">
         <name>__adddf3</name>
         <value>0x100f</value>
         <object_component_ref idref="oc-132"/>
      </symbol>
      <symbol id="sm-33a">
         <name>__aeabi_dsub</name>
         <value>0x1005</value>
         <object_component_ref idref="oc-132"/>
      </symbol>
      <symbol id="sm-33b">
         <name>__subdf3</name>
         <value>0x1005</value>
         <object_component_ref idref="oc-132"/>
      </symbol>
      <symbol id="sm-341">
         <name>__aeabi_dmul</name>
         <value>0x16a1</value>
         <object_component_ref idref="oc-12e"/>
      </symbol>
      <symbol id="sm-342">
         <name>__muldf3</name>
         <value>0x16a1</value>
         <object_component_ref idref="oc-12e"/>
      </symbol>
      <symbol id="sm-348">
         <name>__muldsi3</name>
         <value>0x2969</value>
         <object_component_ref idref="oc-be"/>
      </symbol>
      <symbol id="sm-34e">
         <name>__aeabi_fmul</name>
         <value>0x1ec5</value>
         <object_component_ref idref="oc-72"/>
      </symbol>
      <symbol id="sm-34f">
         <name>__mulsf3</name>
         <value>0x1ec5</value>
         <object_component_ref idref="oc-72"/>
      </symbol>
      <symbol id="sm-355">
         <name>__aeabi_fdiv</name>
         <value>0x205d</value>
         <object_component_ref idref="oc-6e"/>
      </symbol>
      <symbol id="sm-356">
         <name>__divsf3</name>
         <value>0x205d</value>
         <object_component_ref idref="oc-6e"/>
      </symbol>
      <symbol id="sm-35c">
         <name>__aeabi_f2d</name>
         <value>0x2749</value>
         <object_component_ref idref="oc-12a"/>
      </symbol>
      <symbol id="sm-35d">
         <name>__extendsfdf2</name>
         <value>0x2749</value>
         <object_component_ref idref="oc-12a"/>
      </symbol>
      <symbol id="sm-363">
         <name>__aeabi_f2iz</name>
         <value>0x29dd</value>
         <object_component_ref idref="oc-de"/>
      </symbol>
      <symbol id="sm-364">
         <name>__fixsfsi</name>
         <value>0x29dd</value>
         <object_component_ref idref="oc-de"/>
      </symbol>
      <symbol id="sm-36a">
         <name>__aeabi_i2f</name>
         <value>0x2879</value>
         <object_component_ref idref="oc-6a"/>
      </symbol>
      <symbol id="sm-36b">
         <name>__floatsisf</name>
         <value>0x2879</value>
         <object_component_ref idref="oc-6a"/>
      </symbol>
      <symbol id="sm-372">
         <name>__aeabi_d2f</name>
         <value>0x21d1</value>
         <object_component_ref idref="oc-136"/>
      </symbol>
      <symbol id="sm-373">
         <name>__truncdfsf2</name>
         <value>0x21d1</value>
         <object_component_ref idref="oc-136"/>
      </symbol>
      <symbol id="sm-379">
         <name>__aeabi_fcmpeq</name>
         <value>0x2245</value>
         <object_component_ref idref="oc-76"/>
      </symbol>
      <symbol id="sm-37a">
         <name>__aeabi_fcmplt</name>
         <value>0x2259</value>
         <object_component_ref idref="oc-76"/>
      </symbol>
      <symbol id="sm-37b">
         <name>__aeabi_fcmple</name>
         <value>0x226d</value>
         <object_component_ref idref="oc-76"/>
      </symbol>
      <symbol id="sm-37c">
         <name>__aeabi_fcmpge</name>
         <value>0x2281</value>
         <object_component_ref idref="oc-76"/>
      </symbol>
      <symbol id="sm-37d">
         <name>__aeabi_fcmpgt</name>
         <value>0x2295</value>
         <object_component_ref idref="oc-76"/>
      </symbol>
      <symbol id="sm-383">
         <name>__aeabi_idiv</name>
         <value>0x2421</value>
         <object_component_ref idref="oc-166"/>
      </symbol>
      <symbol id="sm-384">
         <name>__aeabi_idivmod</name>
         <value>0x2421</value>
         <object_component_ref idref="oc-166"/>
      </symbol>
      <symbol id="sm-38a">
         <name>__aeabi_memcpy</name>
         <value>0x338d</value>
         <object_component_ref idref="oc-4f"/>
      </symbol>
      <symbol id="sm-38b">
         <name>__aeabi_memcpy4</name>
         <value>0x338d</value>
         <object_component_ref idref="oc-4f"/>
      </symbol>
      <symbol id="sm-38c">
         <name>__aeabi_memcpy8</name>
         <value>0x338d</value>
         <object_component_ref idref="oc-4f"/>
      </symbol>
      <symbol id="sm-393">
         <name>__aeabi_memset</name>
         <value>0x3341</value>
         <object_component_ref idref="oc-1e6"/>
      </symbol>
      <symbol id="sm-394">
         <name>__aeabi_memset4</name>
         <value>0x3341</value>
         <object_component_ref idref="oc-1e6"/>
      </symbol>
      <symbol id="sm-395">
         <name>__aeabi_memset8</name>
         <value>0x3341</value>
         <object_component_ref idref="oc-1e6"/>
      </symbol>
      <symbol id="sm-39b">
         <name>__aeabi_uidiv</name>
         <value>0x2709</value>
         <object_component_ref idref="oc-1ec"/>
      </symbol>
      <symbol id="sm-39c">
         <name>__aeabi_uidivmod</name>
         <value>0x2709</value>
         <object_component_ref idref="oc-1ec"/>
      </symbol>
      <symbol id="sm-3a5">
         <name>__eqsf2</name>
         <value>0x292d</value>
         <object_component_ref idref="oc-c3"/>
      </symbol>
      <symbol id="sm-3a6">
         <name>__lesf2</name>
         <value>0x292d</value>
         <object_component_ref idref="oc-c3"/>
      </symbol>
      <symbol id="sm-3a7">
         <name>__ltsf2</name>
         <value>0x292d</value>
         <object_component_ref idref="oc-c3"/>
      </symbol>
      <symbol id="sm-3a8">
         <name>__nesf2</name>
         <value>0x292d</value>
         <object_component_ref idref="oc-c3"/>
      </symbol>
      <symbol id="sm-3a9">
         <name>__cmpsf2</name>
         <value>0x292d</value>
         <object_component_ref idref="oc-c3"/>
      </symbol>
      <symbol id="sm-3aa">
         <name>__gtsf2</name>
         <value>0x28b5</value>
         <object_component_ref idref="oc-c8"/>
      </symbol>
      <symbol id="sm-3ab">
         <name>__gesf2</name>
         <value>0x28b5</value>
         <object_component_ref idref="oc-c8"/>
      </symbol>
      <symbol id="sm-3b6">
         <name>__aeabi_idiv0</name>
         <value>0x1197</value>
         <object_component_ref idref="oc-1cb"/>
      </symbol>
      <symbol id="sm-3bf">
         <name>TI_memcpy_small</name>
         <value>0x32fd</value>
         <object_component_ref idref="oc-e8"/>
      </symbol>
      <symbol id="sm-3c8">
         <name>TI_memset_small</name>
         <value>0x336b</value>
         <object_component_ref idref="oc-144"/>
      </symbol>
      <symbol id="sm-3c9">
         <name>__TI_static_base__</name>
         <value>0x0</value>
      </symbol>
      <symbol id="sm-3cc">
         <name>__mpu_init</name>
         <value>0x0</value>
      </symbol>
      <symbol id="sm-3cd">
         <name>_system_post_cinit</name>
         <value>0x0</value>
      </symbol>
   </symbol_table>
   <title>Link successful</title>
</link_info>
