******************************************************************************
            TI ARM Clang Linker PC v3.2.2                      
******************************************************************************
>> Linked Thu Aug  8 22:21:18 2024

OUTPUT FILE NAME:   <Automatic_Driving.out>
ENTRY POINT SYMBOL: "_c_int00_noargs"  address: 00002cbd


MEMORY CONFIGURATION

         name            origin    length      used     unused   attr    fill
----------------------  --------  ---------  --------  --------  ----  --------
  FLASH                 00000000   00020000  000034b8  0001cb48  R  X
  SRAM                  20200000   00008000  000004b9  00007b47  RW X
  BCR_CONFIG            41c00000   00000080  00000000  00000080  R   
  BSL_CONFIG            41c00100   00000080  00000000  00000080  R   


SEGMENT ALLOCATION MAP

run origin  load origin   length   init length attrs members
----------  ----------- ---------- ----------- ----- -------
00000000    00000000    000034b8   000034b8    r-x
  00000000    00000000    000000c0   000000c0    r-- .intvecs
  000000c0    000000c0    00003300   00003300    r-x .text
  000033c0    000033c0    000000a0   000000a0    r-- .rodata
  00003460    00003460    00000058   00000058    r-- .cinit
20200000    20200000    000002bb   00000000    rw-
  20200000    20200000    00000192   00000000    rw- .bss
  20200194    20200194    00000127   00000000    rw- .data
20207e00    20207e00    00000200   00000000    rw-
  20207e00    20207e00    00000200   00000000    rw- .stack


SECTION ALLOCATION MAP

 output                                  attributes/
section   page    origin      length       input sections
--------  ----  ----------  ----------   ----------------
.intvecs   0    00000000    000000c0     
                  00000000    000000c0     startup_mspm0g350x_ticlang.o (.intvecs)

.text      0    000000c0    00003300     
                  000000c0    000003b4     Sensor.o (.text.Follow_Route)
                  00000474    000002b4     GYRO.o (.text.UART2_IRQHandler)
                  00000728    00000284     libc.a : _printfi.c.obj (.text:__TI_printfi_minimal)
                  000009ac    00000268     Sensor.o (.text.Follow_Route_Mode3)
                  00000c14    000001fc     ti_msp_dl_config.o (.text.SYSCFG_DL_GPIO_init)
                  00000e10    000001f4     control.o (.text.Control)
                  00001004    00000192     libclang_rt.builtins.a : adddf3.S.obj (.text.adddf3_subdf3)
                  00001196    00000002                            : aeabi_div0.c.obj (.text.__aeabi_idiv0)
                  00001198    00000120     Encoder.o (.text.Encodering)
                  000012b8    00000110     driverlib.a : dl_timer.o (.text.DL_Timer_initPWMMode)
                  000013c8    00000100                 : dl_timer.o (.text.DL_Timer_initTimerMode)
                  000014c8    000000ec                 : dl_sysctl_mspm0g1x0x_g3x0x.o (.text.DL_SYSCTL_configSYSPLL)
                  000015b4    000000ec                 : dl_timer.o (.text.DL_TimerA_initPWMMode)
                  000016a0    000000e4     libclang_rt.builtins.a : muldf3.S.obj (.text.__muldf3)
                  00001784    000000dc     control.o (.text.PID_A)
                  00001860    000000dc     control.o (.text.PID_B)
                  0000193c    000000d8     libclang_rt.builtins.a : addsf3.S.obj (.text)
                  00001a14    000000cc     Sensor.o (.text.Incremental_Quantity4)
                  00001ae0    000000cc     Sensor.o (.text.Incremental_Quantity)
                  00001bac    000000ac     control.o (.text.Set_Pwm)
                  00001c58    000000a4     GYRO.o (.text.Serial_JY61P_Zero_Yaw)
                  00001cfc    000000a0     main.o (.text.Key_Scan)
                  00001d9c    0000009c     control.o (.text.GYRO_Control)
                  00001e38    0000008c     ti_msp_dl_config.o (.text.SYSCFG_DL_initPower)
                  00001ec4    0000008c     libclang_rt.builtins.a : mulsf3.S.obj (.text.__mulsf3)
                  00001f50    00000088     ti_msp_dl_config.o (.text.SYSCFG_DL_PWM_0_init)
                  00001fd8    00000084     ti_msp_dl_config.o (.text.__NVIC_SetPriority)
                  0000205c    00000082     libclang_rt.builtins.a : divsf3.S.obj (.text.__divsf3)
                  000020de    00000002     libc.a : _lock.c.obj (.text._nop)
                  000020e0    00000078     main.o (.text.LED_Sound)
                  00002158    00000078     libc.a : copy_decompress_lzss.c.obj (.text:decompress:lzss)
                  000021d0    00000074     libclang_rt.builtins.a : truncdfsf2.S.obj (.text.__truncdfsf2)
                  00002244    00000062                            : aeabi_fcmp.S.obj (.text.__aeabi_fcmp)
                  000022a6    00000002     --HOLE-- [fill = 0]
                  000022a8    00000060     Encoder.o (.text.Encoder_Init)
                  00002308    00000060     main.o (.text.TIMG0_IRQHandler)
                  00002368    0000005c     main.o (.text.main)
                  000023c4    0000005c     libc.a : printf.c.obj (.text.printf)
                  00002420    00000056     libclang_rt.builtins.a : aeabi_idivmod.S.obj (.text.__aeabi_idivmod)
                  00002476    00000002     --HOLE-- [fill = 0]
                  00002478    00000054     ti_msp_dl_config.o (.text.SYSCFG_DL_UART_JY61P_init)
                  000024cc    00000050     sys.o (.text.fputs)
                  0000251c    0000004c     driverlib.a : dl_sysctl_mspm0g1x0x_g3x0x.o (.text.DL_SYSCTL_switchMCLKfromSYSOSCtoHSCLK)
                  00002568    0000004c                 : dl_uart.o (.text.DL_UART_init)
                  000025b4    0000004c     ti_msp_dl_config.o (.text.DL_UART_setBaudRateDivisor)
                  00002600    00000048     ti_msp_dl_config.o (.text.SYSCFG_DL_SYSCTL_init)
                  00002648    00000040     driverlib.a : dl_timer.o (.text.DL_Timer_setCaptureCompareOutCtl)
                  00002688    00000040     ti_msp_dl_config.o (.text.SYSCFG_DL_TIMER_Encoder_Read_init)
                  000026c8    00000040     ti_msp_dl_config.o (.text.SYSCFG_DL_UART_0_init)
                  00002708    00000040     libclang_rt.builtins.a : aeabi_uidivmod.S.obj (.text.__aeabi_uidivmod)
                  00002748    00000040                            : extendsfdf2.S.obj (.text.__extendsfdf2)
                  00002788    0000003c     driverlib.a : dl_timer.o (.text.DL_Timer_setCaptureCompareCtl)
                  000027c4    0000003c     control.o (.text.PWM_Limit)
                  00002800    0000003c     ti_msp_dl_config.o (.text.SYSCFG_DL_TIMER_0_init)
                  0000283c    0000003c     ti_msp_dl_config.o (.text.SYSCFG_DL_init)
                  00002878    0000003c     libclang_rt.builtins.a : floatsisf.S.obj (.text.__floatsisf)
                  000028b4    0000003c                            : comparesf2.S.obj (.text.__gtsf2)
                  000028f0    0000003c     libc.a : autoinit.c.obj (.text:__TI_auto_init_nobinit_nopinit)
                  0000292c    0000003a     libclang_rt.builtins.a : comparesf2.S.obj (.text.__eqsf2)
                  00002966    00000002     --HOLE-- [fill = 0]
                  00002968    0000003a                            : muldsi3.S.obj (.text.__muldsi3)
                  000029a2    00000002     --HOLE-- [fill = 0]
                  000029a4    00000038     ti_msp_dl_config.o (.text.DL_GPIO_initPeripheralOutputFunctionFeatures)
                  000029dc    00000038     libclang_rt.builtins.a : fixsfsi.S.obj (.text.__fixsfsi)
                  00002a14    00000034     ti_msp_dl_config.o (.text.DL_GPIO_initDigitalInputFeatures)
                  00002a48    00000034     driverlib.a : dl_timer.o (.text.DL_Timer_setCaptCompUpdateMethod)
                  00002a7c    00000034                 : dl_timer.o (.text.DL_Timer_setCaptureCompareAction)
                  00002ab0    00000034                 : dl_timer.o (.text.DL_Timer_setCaptureCompareInput)
                  00002ae4    00000034                 : dl_timer.o (.text.DL_Timer_setClockConfig)
                  00002b18    00000030     ti_msp_dl_config.o (.text.DL_GPIO_initDigitalOutputFeatures)
                  00002b48    0000002c     driverlib.a : dl_timer.o (.text.DL_Timer_setCaptureCompareValue)
                  00002b74    0000002c     Encoder.o (.text.__NVIC_EnableIRQ)
                  00002ba0    0000002c     main.o (.text.__NVIC_EnableIRQ)
                  00002bcc    00000028     driverlib.a : dl_sysctl_mspm0g1x0x_g3x0x.o (.text.DL_Common_updateReg)
                  00002bf4    00000028                 : dl_timer.o (.text.DL_Common_updateReg)
                  00002c1c    00000028                 : dl_uart.o (.text.DL_Common_updateReg)
                  00002c44    00000028     ti_msp_dl_config.o (.text.DL_Common_updateReg)
                  00002c6c    00000028     driverlib.a : dl_uart.o (.text.DL_UART_transmitDataBlocking)
                  00002c94    00000028     Encoder.o (.text.Read_Encoder)
                  00002cbc    00000028     libc.a : boot_cortex_m.c.obj (.text:_c_int00_noargs)
                  00002ce4    00000026     Sensor.o (.text.Follow_Route_Mode4)
                  00002d0a    00000002     --HOLE-- [fill = 0]
                  00002d0c    00000024     driverlib.a : dl_uart.o (.text.DL_UART_setClockConfig)
                  00002d30    00000024     sys.o (.text.delay_ms)
                  00002d54    00000024     sys.o (.text.myabs)
                  00002d78    00000022     libc.a : memccpy.c.obj (.text.memccpy)
                  00002d9a    00000002     --HOLE-- [fill = 0]
                  00002d9c    00000020     driverlib.a : dl_sysctl_mspm0g1x0x_g3x0x.o (.text.DL_CORE_configInstruction)
                  00002dbc    00000020     ti_msp_dl_config.o (.text.DL_GPIO_initPeripheralInputFunction)
                  00002ddc    00000020     ti_msp_dl_config.o (.text.DL_SYSCTL_setFlashWaitState)
                  00002dfc    00000020     driverlib.a : dl_timer.o (.text.DL_Timer_setCounterValueAfterEnable)
                  00002e1c    0000001e     ti_msp_dl_config.o (.text.DL_UART_setOversampling)
                  00002e3a    00000002     --HOLE-- [fill = 0]
                  00002e3c    0000001c     Encoder.o (.text.DL_GPIO_clearInterruptStatus)
                  00002e58    0000001c     ti_msp_dl_config.o (.text.DL_GPIO_clearInterruptStatus)
                  00002e74    0000001c     ti_msp_dl_config.o (.text.DL_GPIO_enableInterrupt)
                  00002e90    0000001c     ti_msp_dl_config.o (.text.DL_GPIO_initDigitalInput)
                  00002eac    0000001c     ti_msp_dl_config.o (.text.DL_GPIO_initPeripheralOutputFunction)
                  00002ec8    0000001c     ti_msp_dl_config.o (.text.DL_GPIO_setLowerPinsInputFilter)
                  00002ee4    0000001c     ti_msp_dl_config.o (.text.DL_GPIO_setLowerPinsPolarity)
                  00002f00    0000001c     ti_msp_dl_config.o (.text.DL_GPIO_setUpperPinsInputFilter)
                  00002f1c    0000001c     ti_msp_dl_config.o (.text.DL_SYSCTL_setSYSOSCFreq)
                  00002f38    0000001c     ti_msp_dl_config.o (.text.DL_SYSCTL_setULPCLKDivider)
                  00002f54    0000001c     ti_msp_dl_config.o (.text.DL_Timer_enableInterrupt)
                  00002f70    0000001c     ti_msp_dl_config.o (.text.DL_UART_enableInterrupt)
                  00002f8c    0000001c     Encoder.o (.text.TIMG6_IRQHandler)
                  00002fa8    0000001c     sys.o (.text.fputc)
                  00002fc4    00000018     ti_msp_dl_config.o (.text.DL_GPIO_enableOutput)
                  00002fdc    00000018     ti_msp_dl_config.o (.text.DL_GPIO_enablePower)
                  00002ff4    00000018     Encoder.o (.text.DL_GPIO_getEnabledInterruptStatus)
                  0000300c    00000018     ti_msp_dl_config.o (.text.DL_GPIO_initDigitalOutput)
                  00003024    00000018     ti_msp_dl_config.o (.text.DL_GPIO_reset)
                  0000303c    00000018     control.o (.text.DL_GPIO_setPins)
                  00003054    00000018     main.o (.text.DL_GPIO_setPins)
                  0000306c    00000018     ti_msp_dl_config.o (.text.DL_GPIO_setUpperPinsPolarity)
                  00003084    00000018     ti_msp_dl_config.o (.text.DL_SYSCTL_setBORThreshold)
                  0000309c    00000018     driverlib.a : dl_sysctl_mspm0g1x0x_g3x0x.o (.text.DL_SYSCTL_setHSCLKSource)
                  000030b4    00000018     ti_msp_dl_config.o (.text.DL_Timer_enablePower)
                  000030cc    00000018     ti_msp_dl_config.o (.text.DL_Timer_reset)
                  000030e4    00000018     driverlib.a : dl_timer.o (.text.DL_Timer_setLoadValue)
                  000030fc    00000018     Encoder.o (.text.DL_Timer_startCounter)
                  00003114    00000018     main.o (.text.DL_Timer_startCounter)
                  0000312c    00000018     ti_msp_dl_config.o (.text.DL_UART_enablePower)
                  00003144    00000018     driverlib.a : dl_uart.o (.text.DL_UART_isTXFIFOFull)
                  0000315c    00000018     ti_msp_dl_config.o (.text.DL_UART_reset)
                  00003174    00000016     Encoder.o (.text.DL_GPIO_readPins)
                  0000318a    00000016     Sensor.o (.text.DL_GPIO_readPins)
                  000031a0    00000016     main.o (.text.DL_GPIO_readPins)
                  000031b6    00000016     driverlib.a : dl_uart.o (.text.DL_UART_disable)
                  000031cc    00000016     ti_msp_dl_config.o (.text.DL_UART_enable)
                  000031e2    00000016     driverlib.a : dl_uart.o (.text.DL_UART_transmitData)
                  000031f8    00000016     libc.a : copy_zero_init.c.obj (.text:decompress:ZI:__TI_zero_init_nomemset)
                  0000320e    00000014     driverlib.a : dl_common.o (.text.DL_Common_delayCycles)
                  00003222    00000014     Encoder.o (.text.DL_GPIO_clearPins)
                  00003236    00000014     control.o (.text.DL_GPIO_clearPins)
                  0000324a    00000014     main.o (.text.DL_GPIO_clearPins)
                  0000325e    00000014     ti_msp_dl_config.o (.text.DL_GPIO_clearPins)
                  00003272    00000002     --HOLE-- [fill = 0]
                  00003274    00000014     driverlib.a : dl_sysctl_mspm0g1x0x_g3x0x.o (.text.DL_SYSCTL_disableSYSPLL)
                  00003288    00000014     ti_msp_dl_config.o (.text.DL_SYSCTL_disableSYSPLL)
                  0000329c    00000014     ti_msp_dl_config.o (.text.DL_Timer_enableClock)
                  000032b0    00000014     ti_msp_dl_config.o (.text.DL_Timer_setCCPDirection)
                  000032c4    00000014     GYRO.o (.text.DL_UART_receiveData)
                  000032d8    00000012     Encoder.o (.text.DL_Timer_getPendingInterrupt)
                  000032ea    00000012     main.o (.text.DL_Timer_getPendingInterrupt)
                  000032fc    00000012     libc.a : memcpy16.S.obj (.text:TI_memcpy_small)
                  0000330e    00000012            : copy_decompress_none.c.obj (.text:decompress:none)
                  00003320    00000010     driverlib.a : dl_sysctl_mspm0g1x0x_g3x0x.o (.text.DL_CORE_getInstructionConfig)
                  00003330    00000010     ti_msp_dl_config.o (.text.DL_SYSCTL_disableHFXT)
                  00003340    0000000e     libclang_rt.builtins.a : aeabi_memset.S.obj (.text.__aeabi_memset)
                  0000334e    0000000e     libc.a : _printfi.c.obj (.text.strlen)
                  0000335c    0000000e            : strlen.c.obj (.text.strlen)
                  0000336a    0000000e            : memset16.S.obj (.text:TI_memset_small)
                  00003378    0000000c     driverlib.a : dl_sysctl_mspm0g1x0x_g3x0x.o (.text.DL_SYSCTL_getClockStatus)
                  00003384    00000008     main.o (.text.GROUP1_IRQHandler)
                  0000338c    00000008     libclang_rt.builtins.a : aeabi_memcpy.S.obj (.text.__aeabi_memcpy)
                  00003394    00000008     libc.a : printf.c.obj (.text._outc)
                  0000339c    00000008            : printf.c.obj (.text._outs)
                  000033a4    00000004     startup_mspm0g350x_ticlang.o (.text.Default_Handler)
                  000033a8    00000004     startup_mspm0g350x_ticlang.o (.text.Reset_Handler)
                  000033ac    00000004     libc.a : pre_init.c.obj (.text._system_pre_init)
                  000033b0    00000004            : exit.c.obj (.text:abort)
                  000033b4    0000000c     --HOLE-- [fill = 0]

.cinit     0    00003460    00000058     
                  00003460    00000032     (.cinit..data.load) [load image, compression = lzss]
                  00003492    00000002     --HOLE-- [fill = 0]
                  00003494    0000000c     (__TI_handler_table)
                  000034a0    00000008     (.cinit..bss.load) [load image, compression = zero_init]
                  000034a8    00000010     (__TI_cinit_table)

.rodata    0    000033c0    000000a0     
                  000033c0    00000028     ti_msp_dl_config.o (.rodata.gSYSPLLConfig)
                  000033e8    00000014     ti_msp_dl_config.o (.rodata.gTIMER_0TimerConfig)
                  000033fc    00000014     ti_msp_dl_config.o (.rodata.gTIMER_Encoder_ReadTimerConfig)
                  00003410    00000011     libc.a : _printfi.c.obj (.rodata.str1.44690500295887128011)
                  00003421    0000000e     main.o (.rodata.str1.176328792963337784071)
                  0000342f    00000001     --HOLE-- [fill = 0]
                  00003430    0000000a     ti_msp_dl_config.o (.rodata.gUART_0Config)
                  0000343a    0000000a     ti_msp_dl_config.o (.rodata.gUART_JY61PConfig)
                  00003444    00000008     ti_msp_dl_config.o (.rodata.gPWM_0Config)
                  0000344c    00000003     ti_msp_dl_config.o (.rodata.gPWM_0ClockConfig)
                  0000344f    00000003     ti_msp_dl_config.o (.rodata.gTIMER_0ClockConfig)
                  00003452    00000003     ti_msp_dl_config.o (.rodata.gTIMER_Encoder_ReadClockConfig)
                  00003455    00000002     ti_msp_dl_config.o (.rodata.gUART_0ClockConfig)
                  00003457    00000002     ti_msp_dl_config.o (.rodata.gUART_JY61PClockConfig)
                  00003459    00000007     --HOLE-- [fill = 0]

.init_array 
*          0    00000000    00000000     UNINITIALIZED

.binit     0    00000000    00000000     

.bss       0    20200000    00000192     UNINITIALIZED
                  20200000    000000bc     (.common:gPWM_0Backup)
                  202000bc    00000078     (.common:gTIMER_Encoder_ReadBackup)
                  20200134    00000009     (.common:receivedData)
                  2020013d    00000001     (.common:PitchH)
                  2020013e    00000001     (.common:PitchL)
                  2020013f    00000001     (.common:RollH)
                  20200140    00000004     control.o (.bss.GYRO_Control.Bias)
                  20200144    00000004     control.o (.bss.GYRO_Control.Last2_bias)
                  20200148    00000004     control.o (.bss.GYRO_Control.Last_bias)
                  2020014c    00000004     control.o (.bss.GYRO_Control.Pwm)
                  20200150    00000004     control.o (.bss.PID_A.Bias)
                  20200154    00000004     control.o (.bss.PID_A.Last2_bias)
                  20200158    00000004     control.o (.bss.PID_A.Last_bias)
                  2020015c    00000004     control.o (.bss.PID_A.Pwm)
                  20200160    00000004     control.o (.bss.PID_B.Bias)
                  20200164    00000004     control.o (.bss.PID_B.Last2_bias)
                  20200168    00000004     control.o (.bss.PID_B.Last_bias)
                  2020016c    00000004     control.o (.bss.PID_B.Pwm)
                  20200170    00000004     (.common:EncoderA_Port)
                  20200174    00000004     (.common:EncoderB_Port)
                  20200178    00000004     (.common:Motor_Left)
                  2020017c    00000004     (.common:Motor_Right)
                  20200180    00000004     (.common:Pitch)
                  20200184    00000004     (.common:Roll)
                  20200188    00000004     (.common:Yaw)
                  2020018c    00000001     (.common:RollL)
                  2020018d    00000001     (.common:SUM)
                  2020018e    00000001     (.common:VH)
                  2020018f    00000001     (.common:VL)
                  20200190    00000001     (.common:YawH)
                  20200191    00000001     (.common:YawL)

.data      0    20200194    00000127     UNINITIALIZED
                  20200194    000000f0     libc.a : defs.c.obj (.data._ftable)
                  20200284    00000004     main.o (.data.EncoderA_CNT)
                  20200288    00000004     main.o (.data.EncoderA_VEL)
                  2020028c    00000004     main.o (.data.EncoderB_CNT)
                  20200290    00000004     main.o (.data.EncoderB_VEL)
                  20200294    00000004     Sensor.o (.data.Follow_Route.cnt)
                  20200298    00000004     Sensor.o (.data.Follow_Route_Mode3.cnt3)
                  2020029c    00000004     main.o (.data.LED_CNT)
                  202002a0    00000004     control.o (.data.Speed_Middle)
                  202002a4    00000004     libc.a : _lock.c.obj (.data._lock)
                  202002a8    00000004            : _lock.c.obj (.data._unlock)
                  202002ac    00000004     main.o (.data.flag)
                  202002b0    00000004     main.o (.data.flag_en)
                  202002b4    00000004     main.o (.data.mode)
                  202002b8    00000001     GYRO.o (.data.RxState)
                  202002b9    00000001     GYRO.o (.data.dataIndex)
                  202002ba    00000001     main.o (.data.flag_LED)

.stack     0    20207e00    00000200     UNINITIALIZED
                  20207e00    00000004     libc.a : boot_cortex_m.c.obj (.stack)
                  20207e04    000001fc     --HOLE--

__llvm_prf_cnts 
*          0    20200000    00000000     UNINITIALIZED

__llvm_prf_bits 
*          0    20200000    00000000     UNINITIALIZED

MODULE SUMMARY

       Module                         code    ro data   rw data
       ------                         ----    -------   -------
    .\
       ti_msp_dl_config.o             2352    121       308    
       main.o                         628     14        41     
       startup_mspm0g350x_ticlang.o   8       192       0      
    +--+------------------------------+-------+---------+---------+
       Total:                         2988    327       349    
                                                               
    .\Control\
       control.o                      1372    0         60     
    +--+------------------------------+-------+---------+---------+
       Total:                         1372    0         60     
                                                               
    .\Encoder\
       Encoder.o                      632     0         0      
    +--+------------------------------+-------+---------+---------+
       Total:                         632     0         0      
                                                               
    .\GYRO\
       GYRO.o                         876     0         32     
    +--+------------------------------+-------+---------+---------+
       Total:                         876     0         32     
                                                               
    .\Sensor\
       Sensor.o                       2032    0         8      
    +--+------------------------------+-------+---------+---------+
       Total:                         2032    0         8      
                                                               
    .\sys\
       sys.o                          180     0         0      
    +--+------------------------------+-------+---------+---------+
       Total:                         180     0         0      
                                                               
    C:/ti/mspm0_sdk_2_01_00_03/source/ti/driverlib/lib/ticlang/m0p/mspm0g1x0x_g3x0x/driverlib.a
       dl_timer.o                     1236    0         0      
       dl_sysctl_mspm0g1x0x_g3x0x.o   456     0         0      
       dl_uart.o                      260     0         0      
       dl_common.o                    20      0         0      
    +--+------------------------------+-------+---------+---------+
       Total:                         1972    0         0      
                                                               
    C:\ti\ccstheia141\ccs\tools\compiler\ti-cgt-armllvm_3.2.2.LTS\lib\armv6m-ti-none-eabi/c/libc.a
       _printfi.c.obj                 658     17        0      
       defs.c.obj                     0       0         240    
       copy_decompress_lzss.c.obj     120     0         0      
       printf.c.obj                   108     0         0      
       autoinit.c.obj                 60      0         0      
       boot_cortex_m.c.obj            40      0         0      
       memccpy.c.obj                  34      0         0      
       copy_zero_init.c.obj           22      0         0      
       copy_decompress_none.c.obj     18      0         0      
       memcpy16.S.obj                 18      0         0      
       memset16.S.obj                 14      0         0      
       strlen.c.obj                   14      0         0      
       _lock.c.obj                    2       0         8      
       exit.c.obj                     4       0         0      
       pre_init.c.obj                 4       0         0      
    +--+------------------------------+-------+---------+---------+
       Total:                         1116    17        248    
                                                               
    C:\ti\ccstheia141\ccs\tools\compiler\ti-cgt-armllvm_3.2.2.LTS\lib\clang/15.0.7/lib/armv6m-ti-none-eabi/libclang_rt.builtins.a
       adddf3.S.obj                   402     0         0      
       muldf3.S.obj                   228     0         0      
       addsf3.S.obj                   216     0         0      
       mulsf3.S.obj                   140     0         0      
       divsf3.S.obj                   130     0         0      
       comparesf2.S.obj               118     0         0      
       truncdfsf2.S.obj               116     0         0      
       aeabi_fcmp.S.obj               98      0         0      
       aeabi_idivmod.S.obj            86      0         0      
       aeabi_uidivmod.S.obj           64      0         0      
       extendsfdf2.S.obj              64      0         0      
       floatsisf.S.obj                60      0         0      
       muldsi3.S.obj                  58      0         0      
       fixsfsi.S.obj                  56      0         0      
       aeabi_memset.S.obj             14      0         0      
       aeabi_memcpy.S.obj             8       0         0      
       aeabi_div0.c.obj               2       0         0      
    +--+------------------------------+-------+---------+---------+
       Total:                         1860    0         0      
                                                               
       Stack:                         0       0         512    
       Linker Generated:              0       86        0      
    +--+------------------------------+-------+---------+---------+
       Grand Total:                   13028   430       1209   


LINKER GENERATED COPY TABLES

__TI_cinit_table @ 000034a8 records: 2, size/record: 8, table size: 16
	.data: load addr=00003460, load size=00000032 bytes, run addr=20200194, run size=00000127 bytes, compression=lzss
	.bss: load addr=000034a0, load size=00000008 bytes, run addr=20200000, run size=00000192 bytes, compression=zero_init


LINKER GENERATED HANDLER TABLE

__TI_handler_table @ 00003494 records: 3, size/record: 4, table size: 12
	index: 0, handler: __TI_decompress_lzss
	index: 1, handler: __TI_decompress_none
	index: 2, handler: __TI_zero_init


GLOBAL SYMBOLS: SORTED ALPHABETICALLY BY Name 

address   name                                 
-------   ----                                 
000033a5  ADC0_IRQHandler                      
000033a5  ADC1_IRQHandler                      
000033a5  AES_IRQHandler                       
000033b0  C$$EXIT                              
000033a5  CANFD0_IRQHandler                    
00000e11  Control                              
000033a5  DAC0_IRQHandler                      
0000320f  DL_Common_delayCycles                
000014c9  DL_SYSCTL_configSYSPLL               
0000251d  DL_SYSCTL_switchMCLKfromSYSOSCtoHSCLK
000015b5  DL_TimerA_initPWMMode                
000012b9  DL_Timer_initPWMMode                 
000013c9  DL_Timer_initTimerMode               
00002a49  DL_Timer_setCaptCompUpdateMethod     
00002a7d  DL_Timer_setCaptureCompareAction     
00002789  DL_Timer_setCaptureCompareCtl        
00002ab1  DL_Timer_setCaptureCompareInput      
00002649  DL_Timer_setCaptureCompareOutCtl     
00002b49  DL_Timer_setCaptureCompareValue      
00002ae5  DL_Timer_setClockConfig              
00002569  DL_UART_init                         
00002d0d  DL_UART_setClockConfig               
00002c6d  DL_UART_transmitDataBlocking         
000033a5  DMA_IRQHandler                       
000033a5  Default_Handler                      
20200284  EncoderA_CNT                         
20200170  EncoderA_Port                        
20200288  EncoderA_VEL                         
2020028c  EncoderB_CNT                         
20200174  EncoderB_Port                        
20200290  EncoderB_VEL                         
000022a9  Encoder_Init                         
00001199  Encodering                           
000000c1  Follow_Route                         
000009ad  Follow_Route_Mode3                   
00002ce5  Follow_Route_Mode4                   
000033a5  GROUP0_IRQHandler                    
00003385  GROUP1_IRQHandler                    
00001d9d  GYRO_Control                         
000033a5  HardFault_Handler                    
000033a5  I2C0_IRQHandler                      
000033a5  I2C1_IRQHandler                      
00001ae1  Incremental_Quantity                 
00001a15  Incremental_Quantity4                
00001cfd  Key_Scan                             
2020029c  LED_CNT                              
000020e1  LED_Sound                            
20200178  Motor_Left                           
2020017c  Motor_Right                          
000033a5  NMI_Handler                          
00001785  PID_A                                
00001861  PID_B                                
000027c5  PWM_Limit                            
000033a5  PendSV_Handler                       
20200180  Pitch                                
2020013d  PitchH                               
2020013e  PitchL                               
000033a5  RTC_IRQHandler                       
00002c95  Read_Encoder                         
000033a9  Reset_Handler                        
20200184  Roll                                 
2020013f  RollH                                
2020018c  RollL                                
202002b8  RxState                              
000033a5  SPI0_IRQHandler                      
000033a5  SPI1_IRQHandler                      
2020018d  SUM                                  
000033a5  SVC_Handler                          
00000c15  SYSCFG_DL_GPIO_init                  
00001f51  SYSCFG_DL_PWM_0_init                 
00002601  SYSCFG_DL_SYSCTL_init                
00002801  SYSCFG_DL_TIMER_0_init               
00002689  SYSCFG_DL_TIMER_Encoder_Read_init    
000026c9  SYSCFG_DL_UART_0_init                
00002479  SYSCFG_DL_UART_JY61P_init            
0000283d  SYSCFG_DL_init                       
00001e39  SYSCFG_DL_initPower                  
00001c59  Serial_JY61P_Zero_Yaw                
00001bad  Set_Pwm                              
202002a0  Speed_Middle                         
000033a5  SysTick_Handler                      
000033a5  TIMA0_IRQHandler                     
000033a5  TIMA1_IRQHandler                     
00002309  TIMG0_IRQHandler                     
000033a5  TIMG12_IRQHandler                    
00002f8d  TIMG6_IRQHandler                     
000033a5  TIMG7_IRQHandler                     
000033a5  TIMG8_IRQHandler                     
000032fd  TI_memcpy_small                      
0000336b  TI_memset_small                      
000033a5  UART0_IRQHandler                     
000033a5  UART1_IRQHandler                     
00000475  UART2_IRQHandler                     
000033a5  UART3_IRQHandler                     
2020018e  VH                                   
2020018f  VL                                   
20200188  Yaw                                  
20200190  YawH                                 
20200191  YawL                                 
20208000  __STACK_END                          
00000200  __STACK_SIZE                         
00000000  __TI_ATRegion0_region_sz             
00000000  __TI_ATRegion0_src_addr              
00000000  __TI_ATRegion0_trg_addr              
00000000  __TI_ATRegion1_region_sz             
00000000  __TI_ATRegion1_src_addr              
00000000  __TI_ATRegion1_trg_addr              
00000000  __TI_ATRegion2_region_sz             
00000000  __TI_ATRegion2_src_addr              
00000000  __TI_ATRegion2_trg_addr              
000034a8  __TI_CINIT_Base                      
000034b8  __TI_CINIT_Limit                     
000034b8  __TI_CINIT_Warm                      
00003494  __TI_Handler_Table_Base              
000034a0  __TI_Handler_Table_Limit             
000028f1  __TI_auto_init_nobinit_nopinit       
00002159  __TI_decompress_lzss                 
0000330f  __TI_decompress_none                 
ffffffff  __TI_pprof_out_hndl                  
00000729  __TI_printfi_minimal                 
ffffffff  __TI_prof_data_size                  
ffffffff  __TI_prof_data_start                 
00000000  __TI_static_base__                   
000031f9  __TI_zero_init_nomemset              
0000100f  __adddf3                             
00001947  __addsf3                             
000021d1  __aeabi_d2f                          
0000100f  __aeabi_dadd                         
000016a1  __aeabi_dmul                         
00001005  __aeabi_dsub                         
00002749  __aeabi_f2d                          
000029dd  __aeabi_f2iz                         
00001947  __aeabi_fadd                         
00002245  __aeabi_fcmpeq                       
00002281  __aeabi_fcmpge                       
00002295  __aeabi_fcmpgt                       
0000226d  __aeabi_fcmple                       
00002259  __aeabi_fcmplt                       
0000205d  __aeabi_fdiv                         
00001ec5  __aeabi_fmul                         
0000193d  __aeabi_fsub                         
00002879  __aeabi_i2f                          
00002421  __aeabi_idiv                         
00001197  __aeabi_idiv0                        
00002421  __aeabi_idivmod                      
0000338d  __aeabi_memcpy                       
0000338d  __aeabi_memcpy4                      
0000338d  __aeabi_memcpy8                      
00003341  __aeabi_memset                       
00003341  __aeabi_memset4                      
00003341  __aeabi_memset8                      
00002709  __aeabi_uidiv                        
00002709  __aeabi_uidivmod                     
ffffffff  __binit__                            
0000292d  __cmpsf2                             
0000205d  __divsf3                             
0000292d  __eqsf2                              
00002749  __extendsfdf2                        
000029dd  __fixsfsi                            
00002879  __floatsisf                          
000028b5  __gesf2                              
000028b5  __gtsf2                              
0000292d  __lesf2                              
0000292d  __ltsf2                              
UNDEFED   __mpu_init                           
000016a1  __muldf3                             
00002969  __muldsi3                            
00001ec5  __mulsf3                             
0000292d  __nesf2                              
20207e00  __stack                              
20200000  __start___llvm_prf_bits              
20200000  __start___llvm_prf_cnts              
20200000  __stop___llvm_prf_bits               
20200000  __stop___llvm_prf_cnts               
00001005  __subdf3                             
0000193d  __subsf3                             
000021d1  __truncdfsf2                         
00002cbd  _c_int00_noargs                      
20200194  _ftable                              
202002a4  _lock                                
000020df  _nop                                 
UNDEFED   _system_post_cinit                   
000033ad  _system_pre_init                     
202002a8  _unlock                              
000033b1  abort                                
ffffffff  binit                                
202002b9  dataIndex                            
00002d31  delay_ms                             
202002ac  flag                                 
202002ba  flag_LED                             
202002b0  flag_en                              
00002fa9  fputc                                
000024cd  fputs                                
20200000  gPWM_0Backup                         
202000bc  gTIMER_Encoder_ReadBackup            
00000000  interruptVectors                     
00002369  main                                 
00002d79  memccpy                              
202002b4  mode                                 
00002d55  myabs                                
000023c5  printf                               
20200134  receivedData                         
0000335d  strlen                               


GLOBAL SYMBOLS: SORTED BY Symbol Address 

address   name                                 
-------   ----                                 
00000000  __TI_ATRegion0_region_sz             
00000000  __TI_ATRegion0_src_addr              
00000000  __TI_ATRegion0_trg_addr              
00000000  __TI_ATRegion1_region_sz             
00000000  __TI_ATRegion1_src_addr              
00000000  __TI_ATRegion1_trg_addr              
00000000  __TI_ATRegion2_region_sz             
00000000  __TI_ATRegion2_src_addr              
00000000  __TI_ATRegion2_trg_addr              
00000000  __TI_static_base__                   
00000000  interruptVectors                     
000000c1  Follow_Route                         
00000200  __STACK_SIZE                         
00000475  UART2_IRQHandler                     
00000729  __TI_printfi_minimal                 
000009ad  Follow_Route_Mode3                   
00000c15  SYSCFG_DL_GPIO_init                  
00000e11  Control                              
00001005  __aeabi_dsub                         
00001005  __subdf3                             
0000100f  __adddf3                             
0000100f  __aeabi_dadd                         
00001197  __aeabi_idiv0                        
00001199  Encodering                           
000012b9  DL_Timer_initPWMMode                 
000013c9  DL_Timer_initTimerMode               
000014c9  DL_SYSCTL_configSYSPLL               
000015b5  DL_TimerA_initPWMMode                
000016a1  __aeabi_dmul                         
000016a1  __muldf3                             
00001785  PID_A                                
00001861  PID_B                                
0000193d  __aeabi_fsub                         
0000193d  __subsf3                             
00001947  __addsf3                             
00001947  __aeabi_fadd                         
00001a15  Incremental_Quantity4                
00001ae1  Incremental_Quantity                 
00001bad  Set_Pwm                              
00001c59  Serial_JY61P_Zero_Yaw                
00001cfd  Key_Scan                             
00001d9d  GYRO_Control                         
00001e39  SYSCFG_DL_initPower                  
00001ec5  __aeabi_fmul                         
00001ec5  __mulsf3                             
00001f51  SYSCFG_DL_PWM_0_init                 
0000205d  __aeabi_fdiv                         
0000205d  __divsf3                             
000020df  _nop                                 
000020e1  LED_Sound                            
00002159  __TI_decompress_lzss                 
000021d1  __aeabi_d2f                          
000021d1  __truncdfsf2                         
00002245  __aeabi_fcmpeq                       
00002259  __aeabi_fcmplt                       
0000226d  __aeabi_fcmple                       
00002281  __aeabi_fcmpge                       
00002295  __aeabi_fcmpgt                       
000022a9  Encoder_Init                         
00002309  TIMG0_IRQHandler                     
00002369  main                                 
000023c5  printf                               
00002421  __aeabi_idiv                         
00002421  __aeabi_idivmod                      
00002479  SYSCFG_DL_UART_JY61P_init            
000024cd  fputs                                
0000251d  DL_SYSCTL_switchMCLKfromSYSOSCtoHSCLK
00002569  DL_UART_init                         
00002601  SYSCFG_DL_SYSCTL_init                
00002649  DL_Timer_setCaptureCompareOutCtl     
00002689  SYSCFG_DL_TIMER_Encoder_Read_init    
000026c9  SYSCFG_DL_UART_0_init                
00002709  __aeabi_uidiv                        
00002709  __aeabi_uidivmod                     
00002749  __aeabi_f2d                          
00002749  __extendsfdf2                        
00002789  DL_Timer_setCaptureCompareCtl        
000027c5  PWM_Limit                            
00002801  SYSCFG_DL_TIMER_0_init               
0000283d  SYSCFG_DL_init                       
00002879  __aeabi_i2f                          
00002879  __floatsisf                          
000028b5  __gesf2                              
000028b5  __gtsf2                              
000028f1  __TI_auto_init_nobinit_nopinit       
0000292d  __cmpsf2                             
0000292d  __eqsf2                              
0000292d  __lesf2                              
0000292d  __ltsf2                              
0000292d  __nesf2                              
00002969  __muldsi3                            
000029dd  __aeabi_f2iz                         
000029dd  __fixsfsi                            
00002a49  DL_Timer_setCaptCompUpdateMethod     
00002a7d  DL_Timer_setCaptureCompareAction     
00002ab1  DL_Timer_setCaptureCompareInput      
00002ae5  DL_Timer_setClockConfig              
00002b49  DL_Timer_setCaptureCompareValue      
00002c6d  DL_UART_transmitDataBlocking         
00002c95  Read_Encoder                         
00002cbd  _c_int00_noargs                      
00002ce5  Follow_Route_Mode4                   
00002d0d  DL_UART_setClockConfig               
00002d31  delay_ms                             
00002d55  myabs                                
00002d79  memccpy                              
00002f8d  TIMG6_IRQHandler                     
00002fa9  fputc                                
000031f9  __TI_zero_init_nomemset              
0000320f  DL_Common_delayCycles                
000032fd  TI_memcpy_small                      
0000330f  __TI_decompress_none                 
00003341  __aeabi_memset                       
00003341  __aeabi_memset4                      
00003341  __aeabi_memset8                      
0000335d  strlen                               
0000336b  TI_memset_small                      
00003385  GROUP1_IRQHandler                    
0000338d  __aeabi_memcpy                       
0000338d  __aeabi_memcpy4                      
0000338d  __aeabi_memcpy8                      
000033a5  ADC0_IRQHandler                      
000033a5  ADC1_IRQHandler                      
000033a5  AES_IRQHandler                       
000033a5  CANFD0_IRQHandler                    
000033a5  DAC0_IRQHandler                      
000033a5  DMA_IRQHandler                       
000033a5  Default_Handler                      
000033a5  GROUP0_IRQHandler                    
000033a5  HardFault_Handler                    
000033a5  I2C0_IRQHandler                      
000033a5  I2C1_IRQHandler                      
000033a5  NMI_Handler                          
000033a5  PendSV_Handler                       
000033a5  RTC_IRQHandler                       
000033a5  SPI0_IRQHandler                      
000033a5  SPI1_IRQHandler                      
000033a5  SVC_Handler                          
000033a5  SysTick_Handler                      
000033a5  TIMA0_IRQHandler                     
000033a5  TIMA1_IRQHandler                     
000033a5  TIMG12_IRQHandler                    
000033a5  TIMG7_IRQHandler                     
000033a5  TIMG8_IRQHandler                     
000033a5  UART0_IRQHandler                     
000033a5  UART1_IRQHandler                     
000033a5  UART3_IRQHandler                     
000033a9  Reset_Handler                        
000033ad  _system_pre_init                     
000033b0  C$$EXIT                              
000033b1  abort                                
00003494  __TI_Handler_Table_Base              
000034a0  __TI_Handler_Table_Limit             
000034a8  __TI_CINIT_Base                      
000034b8  __TI_CINIT_Limit                     
000034b8  __TI_CINIT_Warm                      
20200000  __start___llvm_prf_bits              
20200000  __start___llvm_prf_cnts              
20200000  __stop___llvm_prf_bits               
20200000  __stop___llvm_prf_cnts               
20200000  gPWM_0Backup                         
202000bc  gTIMER_Encoder_ReadBackup            
20200134  receivedData                         
2020013d  PitchH                               
2020013e  PitchL                               
2020013f  RollH                                
20200170  EncoderA_Port                        
20200174  EncoderB_Port                        
20200178  Motor_Left                           
2020017c  Motor_Right                          
20200180  Pitch                                
20200184  Roll                                 
20200188  Yaw                                  
2020018c  RollL                                
2020018d  SUM                                  
2020018e  VH                                   
2020018f  VL                                   
20200190  YawH                                 
20200191  YawL                                 
20200194  _ftable                              
20200284  EncoderA_CNT                         
20200288  EncoderA_VEL                         
2020028c  EncoderB_CNT                         
20200290  EncoderB_VEL                         
2020029c  LED_CNT                              
202002a0  Speed_Middle                         
202002a4  _lock                                
202002a8  _unlock                              
202002ac  flag                                 
202002b0  flag_en                              
202002b4  mode                                 
202002b8  RxState                              
202002b9  dataIndex                            
202002ba  flag_LED                             
20207e00  __stack                              
20208000  __STACK_END                          
ffffffff  __TI_pprof_out_hndl                  
ffffffff  __TI_prof_data_size                  
ffffffff  __TI_prof_data_start                 
ffffffff  __binit__                            
ffffffff  binit                                
UNDEFED   __mpu_init                           
UNDEFED   _system_post_cinit                   

[203 symbols]
