<?xml version="1.0" encoding="ISO-8859-1" ?>
<link_info>
   <banner>TI ARM Clang Linker PC v3.2.2.LTS</banner>
   <copyright>Copyright (c) 1996-2018 Texas Instruments Incorporated</copyright>
   <link_time>0x66a839cc</link_time>
   <link_errors>0x0</link_errors>
   <output_file>C:\Users\LoganLos\workspace_ccstheia\WheelCar_3507\Debug\WheelCar_3507.out</output_file>
   <entry_point>
      <name>_c_int00_noargs</name>
      <address>0x3105</address>
   </entry_point>
   <input_file_list>
      <input_file id="fl-1">
         <path>C:\Users\LoganLos\workspace_ccstheia\WheelCar_3507\Debug\.\</path>
         <kind>object</kind>
         <file>main.o</file>
         <name>main.o</name>
      </input_file>
      <input_file id="fl-2">
         <path>C:\Users\LoganLos\workspace_ccstheia\WheelCar_3507\Debug\.\</path>
         <kind>object</kind>
         <file>ti_msp_dl_config.o</file>
         <name>ti_msp_dl_config.o</name>
      </input_file>
      <input_file id="fl-3">
         <path>C:\Users\LoganLos\workspace_ccstheia\WheelCar_3507\Debug\.\</path>
         <kind>object</kind>
         <file>startup_mspm0g350x_ticlang.o</file>
         <name>startup_mspm0g350x_ticlang.o</name>
      </input_file>
      <input_file id="fl-4">
         <path>C:\Users\LoganLos\workspace_ccstheia\WheelCar_3507\Debug\.\CCD\</path>
         <kind>object</kind>
         <file>CCD.o</file>
         <name>CCD.o</name>
      </input_file>
      <input_file id="fl-5">
         <path>C:\Users\LoganLos\workspace_ccstheia\WheelCar_3507\Debug\.\Control\</path>
         <kind>object</kind>
         <file>control.o</file>
         <name>control.o</name>
      </input_file>
      <input_file id="fl-6">
         <path>C:\Users\LoganLos\workspace_ccstheia\WheelCar_3507\Debug\.\sys\</path>
         <kind>object</kind>
         <file>sys.o</file>
         <name>sys.o</name>
      </input_file>
      <input_file id="fl-13">
         <path>C:\Users\LoganLos\workspace_ccstheia\WheelCar_3507\Debug\</path>
         <kind>object</kind>
         <file>&lt;internal&gt;</file>
         <name>&lt;internal&gt;</name>
      </input_file>
      <input_file id="fl-14">
         <path>C:\ti\mspm0_sdk_2_01_00_03\source\ti\driverlib\lib\ticlang\m0p\mspm0g1x0x_g3x0x\</path>
         <kind>archive</kind>
         <file>driverlib.a</file>
         <name>dl_adc12.o</name>
      </input_file>
      <input_file id="fl-15">
         <path>C:\ti\mspm0_sdk_2_01_00_03\source\ti\driverlib\lib\ticlang\m0p\mspm0g1x0x_g3x0x\</path>
         <kind>archive</kind>
         <file>driverlib.a</file>
         <name>dl_common.o</name>
      </input_file>
      <input_file id="fl-16">
         <path>C:\ti\mspm0_sdk_2_01_00_03\source\ti\driverlib\lib\ticlang\m0p\mspm0g1x0x_g3x0x\</path>
         <kind>archive</kind>
         <file>driverlib.a</file>
         <name>dl_timer.o</name>
      </input_file>
      <input_file id="fl-17">
         <path>C:\ti\mspm0_sdk_2_01_00_03\source\ti\driverlib\lib\ticlang\m0p\mspm0g1x0x_g3x0x\</path>
         <kind>archive</kind>
         <file>driverlib.a</file>
         <name>dl_uart.o</name>
      </input_file>
      <input_file id="fl-18">
         <path>C:\ti\mspm0_sdk_2_01_00_03\source\ti\driverlib\lib\ticlang\m0p\mspm0g1x0x_g3x0x\</path>
         <kind>archive</kind>
         <file>driverlib.a</file>
         <name>dl_sysctl_mspm0g1x0x_g3x0x.o</name>
      </input_file>
      <input_file id="fl-27">
         <path>C:\ti\ccstheia141\ccs\tools\compiler\ti-cgt-armllvm_3.2.2.LTS\lib\armv6m-ti-none-eabi\c\</path>
         <kind>archive</kind>
         <file>libc.a</file>
         <name>printf.c.obj</name>
      </input_file>
      <input_file id="fl-28">
         <path>C:\ti\ccstheia141\ccs\tools\compiler\ti-cgt-armllvm_3.2.2.LTS\lib\armv6m-ti-none-eabi\c\</path>
         <kind>archive</kind>
         <file>libc.a</file>
         <name>_printfi.c.obj</name>
      </input_file>
      <input_file id="fl-29">
         <path>C:\ti\ccstheia141\ccs\tools\compiler\ti-cgt-armllvm_3.2.2.LTS\lib\armv6m-ti-none-eabi\c\</path>
         <kind>archive</kind>
         <file>libc.a</file>
         <name>s_frexp.c.obj</name>
      </input_file>
      <input_file id="fl-2a">
         <path>C:\ti\ccstheia141\ccs\tools\compiler\ti-cgt-armllvm_3.2.2.LTS\lib\armv6m-ti-none-eabi\c\</path>
         <kind>archive</kind>
         <file>libc.a</file>
         <name>s_scalbn.c.obj</name>
      </input_file>
      <input_file id="fl-2b">
         <path>C:\ti\ccstheia141\ccs\tools\compiler\ti-cgt-armllvm_3.2.2.LTS\lib\armv6m-ti-none-eabi\c\</path>
         <kind>archive</kind>
         <file>libc.a</file>
         <name>aeabi_portable.c.obj</name>
      </input_file>
      <input_file id="fl-2c">
         <path>C:\ti\ccstheia141\ccs\tools\compiler\ti-cgt-armllvm_3.2.2.LTS\lib\armv6m-ti-none-eabi\c\</path>
         <kind>archive</kind>
         <file>libc.a</file>
         <name>_lock.c.obj</name>
      </input_file>
      <input_file id="fl-2d">
         <path>C:\ti\ccstheia141\ccs\tools\compiler\ti-cgt-armllvm_3.2.2.LTS\lib\armv6m-ti-none-eabi\c\</path>
         <kind>archive</kind>
         <file>libc.a</file>
         <name>_ltoa.c.obj</name>
      </input_file>
      <input_file id="fl-2e">
         <path>C:\ti\ccstheia141\ccs\tools\compiler\ti-cgt-armllvm_3.2.2.LTS\lib\armv6m-ti-none-eabi\c\</path>
         <kind>archive</kind>
         <file>libc.a</file>
         <name>assert.c.obj</name>
      </input_file>
      <input_file id="fl-2f">
         <path>C:\ti\ccstheia141\ccs\tools\compiler\ti-cgt-armllvm_3.2.2.LTS\lib\armv6m-ti-none-eabi\c\</path>
         <kind>archive</kind>
         <file>libc.a</file>
         <name>atoi.c.obj</name>
      </input_file>
      <input_file id="fl-30">
         <path>C:\ti\ccstheia141\ccs\tools\compiler\ti-cgt-armllvm_3.2.2.LTS\lib\armv6m-ti-none-eabi\c\</path>
         <kind>archive</kind>
         <file>libc.a</file>
         <name>defs.c.obj</name>
      </input_file>
      <input_file id="fl-31">
         <path>C:\ti\ccstheia141\ccs\tools\compiler\ti-cgt-armllvm_3.2.2.LTS\lib\armv6m-ti-none-eabi\c\</path>
         <kind>archive</kind>
         <file>libc.a</file>
         <name>memccpy.c.obj</name>
      </input_file>
      <input_file id="fl-32">
         <path>C:\ti\ccstheia141\ccs\tools\compiler\ti-cgt-armllvm_3.2.2.LTS\lib\armv6m-ti-none-eabi\c\</path>
         <kind>archive</kind>
         <file>libc.a</file>
         <name>memory.c.obj</name>
      </input_file>
      <input_file id="fl-33">
         <path>C:\ti\ccstheia141\ccs\tools\compiler\ti-cgt-armllvm_3.2.2.LTS\lib\armv6m-ti-none-eabi\c\</path>
         <kind>archive</kind>
         <file>libc.a</file>
         <name>strlen.c.obj</name>
      </input_file>
      <input_file id="fl-34">
         <path>C:\ti\ccstheia141\ccs\tools\compiler\ti-cgt-armllvm_3.2.2.LTS\lib\armv6m-ti-none-eabi\c\</path>
         <kind>archive</kind>
         <file>libc.a</file>
         <name>boot_cortex_m.c.obj</name>
      </input_file>
      <input_file id="fl-35">
         <path>C:\ti\ccstheia141\ccs\tools\compiler\ti-cgt-armllvm_3.2.2.LTS\lib\armv6m-ti-none-eabi\c\</path>
         <kind>archive</kind>
         <file>libc.a</file>
         <name>mathacl_init.c.obj</name>
      </input_file>
      <input_file id="fl-36">
         <path>C:\ti\ccstheia141\ccs\tools\compiler\ti-cgt-armllvm_3.2.2.LTS\lib\armv6m-ti-none-eabi\c\</path>
         <kind>archive</kind>
         <file>libc.a</file>
         <name>autoinit.c.obj</name>
      </input_file>
      <input_file id="fl-37">
         <path>C:\ti\ccstheia141\ccs\tools\compiler\ti-cgt-armllvm_3.2.2.LTS\lib\armv6m-ti-none-eabi\c\</path>
         <kind>archive</kind>
         <file>libc.a</file>
         <name>pre_init.c.obj</name>
      </input_file>
      <input_file id="fl-38">
         <path>C:\ti\ccstheia141\ccs\tools\compiler\ti-cgt-armllvm_3.2.2.LTS\lib\armv6m-ti-none-eabi\c\</path>
         <kind>archive</kind>
         <file>libc.a</file>
         <name>cpy_tbl.c.obj</name>
      </input_file>
      <input_file id="fl-39">
         <path>C:\ti\ccstheia141\ccs\tools\compiler\ti-cgt-armllvm_3.2.2.LTS\lib\armv6m-ti-none-eabi\c\</path>
         <kind>archive</kind>
         <file>libc.a</file>
         <name>copy_zero_init.c.obj</name>
      </input_file>
      <input_file id="fl-3a">
         <path>C:\ti\ccstheia141\ccs\tools\compiler\ti-cgt-armllvm_3.2.2.LTS\lib\armv6m-ti-none-eabi\c\</path>
         <kind>archive</kind>
         <file>libc.a</file>
         <name>copy_decompress_none.c.obj</name>
      </input_file>
      <input_file id="fl-3b">
         <path>C:\ti\ccstheia141\ccs\tools\compiler\ti-cgt-armllvm_3.2.2.LTS\lib\armv6m-ti-none-eabi\c\</path>
         <kind>archive</kind>
         <file>libc.a</file>
         <name>copy_decompress_lzss.c.obj</name>
      </input_file>
      <input_file id="fl-3c">
         <path>C:\ti\ccstheia141\ccs\tools\compiler\ti-cgt-armllvm_3.2.2.LTS\lib\armv6m-ti-none-eabi\c\</path>
         <kind>archive</kind>
         <file>libc.a</file>
         <name>wcslen.c.obj</name>
      </input_file>
      <input_file id="fl-3d">
         <path>C:\ti\ccstheia141\ccs\tools\compiler\ti-cgt-armllvm_3.2.2.LTS\lib\armv6m-ti-none-eabi\c\</path>
         <kind>archive</kind>
         <file>libc.a</file>
         <name>sprintf.c.obj</name>
      </input_file>
      <input_file id="fl-3e">
         <path>C:\ti\ccstheia141\ccs\tools\compiler\ti-cgt-armllvm_3.2.2.LTS\lib\armv6m-ti-none-eabi\c\</path>
         <kind>archive</kind>
         <file>libc.a</file>
         <name>fflush.c.obj</name>
      </input_file>
      <input_file id="fl-3f">
         <path>C:\ti\ccstheia141\ccs\tools\compiler\ti-cgt-armllvm_3.2.2.LTS\lib\armv6m-ti-none-eabi\c\</path>
         <kind>archive</kind>
         <file>libc.a</file>
         <name>aeabi_ctype.S.obj</name>
      </input_file>
      <input_file id="fl-40">
         <path>C:\ti\ccstheia141\ccs\tools\compiler\ti-cgt-armllvm_3.2.2.LTS\lib\armv6m-ti-none-eabi\c\</path>
         <kind>archive</kind>
         <file>libc.a</file>
         <name>exit.c.obj</name>
      </input_file>
      <input_file id="fl-41">
         <path>C:\ti\ccstheia141\ccs\tools\compiler\ti-cgt-armllvm_3.2.2.LTS\lib\armv6m-ti-none-eabi\c\</path>
         <kind>archive</kind>
         <file>libc.a</file>
         <name>args_main.c.obj</name>
      </input_file>
      <input_file id="fl-a7">
         <path>C:\ti\ccstheia141\ccs\tools\compiler\ti-cgt-armllvm_3.2.2.LTS\lib\armv6m-ti-none-eabi\c\</path>
         <kind>archive</kind>
         <file>libsysbm.a</file>
         <name>write.c.obj</name>
      </input_file>
      <input_file id="fl-a8">
         <path>C:\ti\ccstheia141\ccs\tools\compiler\ti-cgt-armllvm_3.2.2.LTS\lib\armv6m-ti-none-eabi\c\</path>
         <kind>archive</kind>
         <file>libsysbm.a</file>
         <name>host_device.c.obj</name>
      </input_file>
      <input_file id="fl-a9">
         <path>C:\ti\ccstheia141\ccs\tools\compiler\ti-cgt-armllvm_3.2.2.LTS\lib\armv6m-ti-none-eabi\c\</path>
         <kind>archive</kind>
         <file>libsysbm.a</file>
         <name>hostclose.c.obj</name>
      </input_file>
      <input_file id="fl-aa">
         <path>C:\ti\ccstheia141\ccs\tools\compiler\ti-cgt-armllvm_3.2.2.LTS\lib\armv6m-ti-none-eabi\c\</path>
         <kind>archive</kind>
         <file>libsysbm.a</file>
         <name>hostlseek.c.obj</name>
      </input_file>
      <input_file id="fl-ab">
         <path>C:\ti\ccstheia141\ccs\tools\compiler\ti-cgt-armllvm_3.2.2.LTS\lib\armv6m-ti-none-eabi\c\</path>
         <kind>archive</kind>
         <file>libsysbm.a</file>
         <name>hostopen.c.obj</name>
      </input_file>
      <input_file id="fl-ac">
         <path>C:\ti\ccstheia141\ccs\tools\compiler\ti-cgt-armllvm_3.2.2.LTS\lib\armv6m-ti-none-eabi\c\</path>
         <kind>archive</kind>
         <file>libsysbm.a</file>
         <name>hostread.c.obj</name>
      </input_file>
      <input_file id="fl-ad">
         <path>C:\ti\ccstheia141\ccs\tools\compiler\ti-cgt-armllvm_3.2.2.LTS\lib\armv6m-ti-none-eabi\c\</path>
         <kind>archive</kind>
         <file>libsysbm.a</file>
         <name>hostrename.c.obj</name>
      </input_file>
      <input_file id="fl-ae">
         <path>C:\ti\ccstheia141\ccs\tools\compiler\ti-cgt-armllvm_3.2.2.LTS\lib\armv6m-ti-none-eabi\c\</path>
         <kind>archive</kind>
         <file>libsysbm.a</file>
         <name>hostunlink.c.obj</name>
      </input_file>
      <input_file id="fl-af">
         <path>C:\ti\ccstheia141\ccs\tools\compiler\ti-cgt-armllvm_3.2.2.LTS\lib\armv6m-ti-none-eabi\c\</path>
         <kind>archive</kind>
         <file>libsysbm.a</file>
         <name>hostwrite.c.obj</name>
      </input_file>
      <input_file id="fl-b0">
         <path>C:\ti\ccstheia141\ccs\tools\compiler\ti-cgt-armllvm_3.2.2.LTS\lib\armv6m-ti-none-eabi\c\</path>
         <kind>archive</kind>
         <file>libsysbm.a</file>
         <name>trgmsg.c.obj</name>
      </input_file>
      <input_file id="fl-b1">
         <path>C:\ti\ccstheia141\ccs\tools\compiler\ti-cgt-armllvm_3.2.2.LTS\lib\clang\15.0.7\lib\armv6m-ti-none-eabi\</path>
         <kind>archive</kind>
         <file>libclang_rt.builtins.a</file>
         <name>addsf3.S.obj</name>
      </input_file>
      <input_file id="fl-b2">
         <path>C:\ti\ccstheia141\ccs\tools\compiler\ti-cgt-armllvm_3.2.2.LTS\lib\clang\15.0.7\lib\armv6m-ti-none-eabi\</path>
         <kind>archive</kind>
         <file>libclang_rt.builtins.a</file>
         <name>adddf3.S.obj</name>
      </input_file>
      <input_file id="fl-b3">
         <path>C:\ti\ccstheia141\ccs\tools\compiler\ti-cgt-armllvm_3.2.2.LTS\lib\clang\15.0.7\lib\armv6m-ti-none-eabi\</path>
         <kind>archive</kind>
         <file>libclang_rt.builtins.a</file>
         <name>muldf3.S.obj</name>
      </input_file>
      <input_file id="fl-b4">
         <path>C:\ti\ccstheia141\ccs\tools\compiler\ti-cgt-armllvm_3.2.2.LTS\lib\clang\15.0.7\lib\armv6m-ti-none-eabi\</path>
         <kind>archive</kind>
         <file>libclang_rt.builtins.a</file>
         <name>muldsi3.S.obj</name>
      </input_file>
      <input_file id="fl-b5">
         <path>C:\ti\ccstheia141\ccs\tools\compiler\ti-cgt-armllvm_3.2.2.LTS\lib\clang\15.0.7\lib\armv6m-ti-none-eabi\</path>
         <kind>archive</kind>
         <file>libclang_rt.builtins.a</file>
         <name>mulsf3.S.obj</name>
      </input_file>
      <input_file id="fl-b6">
         <path>C:\ti\ccstheia141\ccs\tools\compiler\ti-cgt-armllvm_3.2.2.LTS\lib\clang\15.0.7\lib\armv6m-ti-none-eabi\</path>
         <kind>archive</kind>
         <file>libclang_rt.builtins.a</file>
         <name>divdf3.S.obj</name>
      </input_file>
      <input_file id="fl-b7">
         <path>C:\ti\ccstheia141\ccs\tools\compiler\ti-cgt-armllvm_3.2.2.LTS\lib\clang\15.0.7\lib\armv6m-ti-none-eabi\</path>
         <kind>archive</kind>
         <file>libclang_rt.builtins.a</file>
         <name>extendsfdf2.S.obj</name>
      </input_file>
      <input_file id="fl-b8">
         <path>C:\ti\ccstheia141\ccs\tools\compiler\ti-cgt-armllvm_3.2.2.LTS\lib\clang\15.0.7\lib\armv6m-ti-none-eabi\</path>
         <kind>archive</kind>
         <file>libclang_rt.builtins.a</file>
         <name>fixdfsi.S.obj</name>
      </input_file>
      <input_file id="fl-b9">
         <path>C:\ti\ccstheia141\ccs\tools\compiler\ti-cgt-armllvm_3.2.2.LTS\lib\clang\15.0.7\lib\armv6m-ti-none-eabi\</path>
         <kind>archive</kind>
         <file>libclang_rt.builtins.a</file>
         <name>fixsfsi.S.obj</name>
      </input_file>
      <input_file id="fl-ba">
         <path>C:\ti\ccstheia141\ccs\tools\compiler\ti-cgt-armllvm_3.2.2.LTS\lib\clang\15.0.7\lib\armv6m-ti-none-eabi\</path>
         <kind>archive</kind>
         <file>libclang_rt.builtins.a</file>
         <name>fixunssfsi.S.obj</name>
      </input_file>
      <input_file id="fl-bb">
         <path>C:\ti\ccstheia141\ccs\tools\compiler\ti-cgt-armllvm_3.2.2.LTS\lib\clang\15.0.7\lib\armv6m-ti-none-eabi\</path>
         <kind>archive</kind>
         <file>libclang_rt.builtins.a</file>
         <name>floatsidf.S.obj</name>
      </input_file>
      <input_file id="fl-bc">
         <path>C:\ti\ccstheia141\ccs\tools\compiler\ti-cgt-armllvm_3.2.2.LTS\lib\clang\15.0.7\lib\armv6m-ti-none-eabi\</path>
         <kind>archive</kind>
         <file>libclang_rt.builtins.a</file>
         <name>floatsisf.S.obj</name>
      </input_file>
      <input_file id="fl-bd">
         <path>C:\ti\ccstheia141\ccs\tools\compiler\ti-cgt-armllvm_3.2.2.LTS\lib\clang\15.0.7\lib\armv6m-ti-none-eabi\</path>
         <kind>archive</kind>
         <file>libclang_rt.builtins.a</file>
         <name>muldi3.S.obj</name>
      </input_file>
      <input_file id="fl-be">
         <path>C:\ti\ccstheia141\ccs\tools\compiler\ti-cgt-armllvm_3.2.2.LTS\lib\clang\15.0.7\lib\armv6m-ti-none-eabi\</path>
         <kind>archive</kind>
         <file>libclang_rt.builtins.a</file>
         <name>truncdfsf2.S.obj</name>
      </input_file>
      <input_file id="fl-bf">
         <path>C:\ti\ccstheia141\ccs\tools\compiler\ti-cgt-armllvm_3.2.2.LTS\lib\clang\15.0.7\lib\armv6m-ti-none-eabi\</path>
         <kind>archive</kind>
         <file>libclang_rt.builtins.a</file>
         <name>aeabi_dcmp.S.obj</name>
      </input_file>
      <input_file id="fl-c0">
         <path>C:\ti\ccstheia141\ccs\tools\compiler\ti-cgt-armllvm_3.2.2.LTS\lib\clang\15.0.7\lib\armv6m-ti-none-eabi\</path>
         <kind>archive</kind>
         <file>libclang_rt.builtins.a</file>
         <name>aeabi_fcmp.S.obj</name>
      </input_file>
      <input_file id="fl-c1">
         <path>C:\ti\ccstheia141\ccs\tools\compiler\ti-cgt-armllvm_3.2.2.LTS\lib\clang\15.0.7\lib\armv6m-ti-none-eabi\</path>
         <kind>archive</kind>
         <file>libclang_rt.builtins.a</file>
         <name>aeabi_idivmod.S.obj</name>
      </input_file>
      <input_file id="fl-c2">
         <path>C:\ti\ccstheia141\ccs\tools\compiler\ti-cgt-armllvm_3.2.2.LTS\lib\clang\15.0.7\lib\armv6m-ti-none-eabi\</path>
         <kind>archive</kind>
         <file>libclang_rt.builtins.a</file>
         <name>aeabi_memcpy.S.obj</name>
      </input_file>
      <input_file id="fl-c3">
         <path>C:\ti\ccstheia141\ccs\tools\compiler\ti-cgt-armllvm_3.2.2.LTS\lib\clang\15.0.7\lib\armv6m-ti-none-eabi\</path>
         <kind>archive</kind>
         <file>libclang_rt.builtins.a</file>
         <name>aeabi_memset.S.obj</name>
      </input_file>
      <input_file id="fl-c4">
         <path>C:\ti\ccstheia141\ccs\tools\compiler\ti-cgt-armllvm_3.2.2.LTS\lib\clang\15.0.7\lib\armv6m-ti-none-eabi\</path>
         <kind>archive</kind>
         <file>libclang_rt.builtins.a</file>
         <name>aeabi_uidivmod.S.obj</name>
      </input_file>
      <input_file id="fl-c5">
         <path>C:\ti\ccstheia141\ccs\tools\compiler\ti-cgt-armllvm_3.2.2.LTS\lib\clang\15.0.7\lib\armv6m-ti-none-eabi\</path>
         <kind>archive</kind>
         <file>libclang_rt.builtins.a</file>
         <name>aeabi_uldivmod.S.obj</name>
      </input_file>
      <input_file id="fl-c6">
         <path>C:\ti\ccstheia141\ccs\tools\compiler\ti-cgt-armllvm_3.2.2.LTS\lib\clang\15.0.7\lib\armv6m-ti-none-eabi\</path>
         <kind>archive</kind>
         <file>libclang_rt.builtins.a</file>
         <name>comparesf2.S.obj</name>
      </input_file>
      <input_file id="fl-c7">
         <path>C:\ti\ccstheia141\ccs\tools\compiler\ti-cgt-armllvm_3.2.2.LTS\lib\clang\15.0.7\lib\armv6m-ti-none-eabi\</path>
         <kind>archive</kind>
         <file>libclang_rt.builtins.a</file>
         <name>udivmoddi4.S.obj</name>
      </input_file>
      <input_file id="fl-c8">
         <path>C:\ti\ccstheia141\ccs\tools\compiler\ti-cgt-armllvm_3.2.2.LTS\lib\clang\15.0.7\lib\armv6m-ti-none-eabi\</path>
         <kind>archive</kind>
         <file>libclang_rt.builtins.a</file>
         <name>ashldi3.S.obj</name>
      </input_file>
      <input_file id="fl-c9">
         <path>C:\ti\ccstheia141\ccs\tools\compiler\ti-cgt-armllvm_3.2.2.LTS\lib\clang\15.0.7\lib\armv6m-ti-none-eabi\</path>
         <kind>archive</kind>
         <file>libclang_rt.builtins.a</file>
         <name>comparedf2.c.obj</name>
      </input_file>
      <input_file id="fl-ca">
         <path>C:\ti\ccstheia141\ccs\tools\compiler\ti-cgt-armllvm_3.2.2.LTS\lib\clang\15.0.7\lib\armv6m-ti-none-eabi\</path>
         <kind>archive</kind>
         <file>libclang_rt.builtins.a</file>
         <name>aeabi_div0.c.obj</name>
      </input_file>
      <input_file id="fl-cb">
         <path>C:\ti\ccstheia141\ccs\tools\compiler\ti-cgt-armllvm_3.2.2.LTS\lib\armv6m-ti-none-eabi\c\</path>
         <kind>archive</kind>
         <file>libc.a</file>
         <name>memcpy16.S.obj</name>
      </input_file>
      <input_file id="fl-cc">
         <path>C:\ti\ccstheia141\ccs\tools\compiler\ti-cgt-armllvm_3.2.2.LTS\lib\armv6m-ti-none-eabi\c\</path>
         <kind>archive</kind>
         <file>libc.a</file>
         <name>memset16.S.obj</name>
      </input_file>
   </input_file_list>
   <object_component_list>
      <object_component id="oc-18">
         <name>.intvecs</name>
         <load_address>0x0</load_address>
         <readonly>true</readonly>
         <run_address>0x0</run_address>
         <size>0xc0</size>
         <alignment>0x4</alignment>
         <input_file_ref idref="fl-3"/>
      </object_component>
      <object_component id="oc-180">
         <name>.text:__TI_printfi</name>
         <load_address>0xc0</load_address>
         <readonly>true</readonly>
         <executable>true</executable>
         <run_address>0xc0</run_address>
         <size>0xa00</size>
         <alignment>0x4</alignment>
         <input_file_ref idref="fl-28"/>
      </object_component>
      <object_component id="oc-a3">
         <name>.text.Find_CCD_Median</name>
         <load_address>0xac0</load_address>
         <readonly>true</readonly>
         <executable>true</executable>
         <run_address>0xac0</run_address>
         <size>0x2a0</size>
         <alignment>0x4</alignment>
         <input_file_ref idref="fl-4"/>
      </object_component>
      <object_component id="oc-5e">
         <name>.text.Encodering</name>
         <load_address>0xd60</load_address>
         <readonly>true</readonly>
         <executable>true</executable>
         <run_address>0xd60</run_address>
         <size>0x238</size>
         <alignment>0x4</alignment>
         <input_file_ref idref="fl-1"/>
      </object_component>
      <object_component id="oc-1ad">
         <name>.text._pconv_a</name>
         <load_address>0xf98</load_address>
         <readonly>true</readonly>
         <executable>true</executable>
         <run_address>0xf98</run_address>
         <size>0x220</size>
         <alignment>0x4</alignment>
         <input_file_ref idref="fl-28"/>
      </object_component>
      <object_component id="oc-1b0">
         <name>.text._pconv_g</name>
         <load_address>0x11b8</load_address>
         <readonly>true</readonly>
         <executable>true</executable>
         <run_address>0x11b8</run_address>
         <size>0x1dc</size>
         <alignment>0x4</alignment>
         <input_file_ref idref="fl-28"/>
      </object_component>
      <object_component id="oc-ea">
         <name>.text.adddf3_subdf3</name>
         <load_address>0x1394</load_address>
         <readonly>true</readonly>
         <executable>true</executable>
         <run_address>0x1394</run_address>
         <size>0x192</size>
         <alignment>0x4</alignment>
         <input_file_ref idref="fl-b2"/>
      </object_component>
      <object_component id="oc-1b9">
         <name>.text.__aeabi_idiv0</name>
         <load_address>0x1526</load_address>
         <readonly>true</readonly>
         <executable>true</executable>
         <run_address>0x1526</run_address>
         <size>0x2</size>
         <alignment>0x2</alignment>
         <input_file_ref idref="fl-ca"/>
      </object_component>
      <object_component id="oc-c5">
         <name>.text.SYSCFG_DL_GPIO_init</name>
         <load_address>0x1528</load_address>
         <readonly>true</readonly>
         <executable>true</executable>
         <run_address>0x1528</run_address>
         <size>0x184</size>
         <alignment>0x4</alignment>
         <input_file_ref idref="fl-2"/>
      </object_component>
      <object_component id="oc-1f2">
         <name>.text.fcvt</name>
         <load_address>0x16ac</load_address>
         <readonly>true</readonly>
         <executable>true</executable>
         <run_address>0x16ac</run_address>
         <size>0x13c</size>
         <alignment>0x4</alignment>
         <input_file_ref idref="fl-28"/>
      </object_component>
      <object_component id="oc-1ae">
         <name>.text._pconv_e</name>
         <load_address>0x17e8</load_address>
         <readonly>true</readonly>
         <executable>true</executable>
         <run_address>0x17e8</run_address>
         <size>0x120</size>
         <alignment>0x4</alignment>
         <input_file_ref idref="fl-28"/>
      </object_component>
      <object_component id="oc-134">
         <name>.text.DL_Timer_initPWMMode</name>
         <load_address>0x1908</load_address>
         <readonly>true</readonly>
         <executable>true</executable>
         <run_address>0x1908</run_address>
         <size>0x110</size>
         <alignment>0x4</alignment>
         <input_file_ref idref="fl-16"/>
      </object_component>
      <object_component id="oc-9e">
         <name>.text.RD_TSL</name>
         <load_address>0x1a18</load_address>
         <readonly>true</readonly>
         <executable>true</executable>
         <run_address>0x1a18</run_address>
         <size>0x10c</size>
         <alignment>0x4</alignment>
         <input_file_ref idref="fl-4"/>
      </object_component>
      <object_component id="oc-1ee">
         <name>.text.__divdf3</name>
         <load_address>0x1b24</load_address>
         <readonly>true</readonly>
         <executable>true</executable>
         <run_address>0x1b24</run_address>
         <size>0x10c</size>
         <alignment>0x4</alignment>
         <input_file_ref idref="fl-b6"/>
      </object_component>
      <object_component id="oc-137">
         <name>.text.DL_Timer_initTimerMode</name>
         <load_address>0x1c30</load_address>
         <readonly>true</readonly>
         <executable>true</executable>
         <run_address>0x1c30</run_address>
         <size>0x100</size>
         <alignment>0x4</alignment>
         <input_file_ref idref="fl-16"/>
      </object_component>
      <object_component id="oc-126">
         <name>.text.DL_SYSCTL_configSYSPLL</name>
         <load_address>0x1d30</load_address>
         <readonly>true</readonly>
         <executable>true</executable>
         <run_address>0x1d30</run_address>
         <size>0xec</size>
         <alignment>0x4</alignment>
         <input_file_ref idref="fl-18"/>
      </object_component>
      <object_component id="oc-12c">
         <name>.text.DL_TimerA_initPWMMode</name>
         <load_address>0x1e1c</load_address>
         <readonly>true</readonly>
         <executable>true</executable>
         <run_address>0x1e1c</run_address>
         <size>0xec</size>
         <alignment>0x4</alignment>
         <input_file_ref idref="fl-16"/>
      </object_component>
      <object_component id="oc-e6">
         <name>.text.__muldf3</name>
         <load_address>0x1f08</load_address>
         <readonly>true</readonly>
         <executable>true</executable>
         <run_address>0x1f08</run_address>
         <size>0xe4</size>
         <alignment>0x4</alignment>
         <input_file_ref idref="fl-b3"/>
      </object_component>
      <object_component id="oc-1dc">
         <name>.text.scalbn</name>
         <load_address>0x1fec</load_address>
         <readonly>true</readonly>
         <executable>true</executable>
         <run_address>0x1fec</run_address>
         <size>0xd8</size>
         <alignment>0x4</alignment>
         <input_file_ref idref="fl-2a"/>
      </object_component>
      <object_component id="oc-c4">
         <name>.text.SYSCFG_DL_initPower</name>
         <load_address>0x20c4</load_address>
         <readonly>true</readonly>
         <executable>true</executable>
         <run_address>0x20c4</run_address>
         <size>0xb0</size>
         <alignment>0x4</alignment>
         <input_file_ref idref="fl-2"/>
      </object_component>
      <object_component id="oc-1cb">
         <name>.text</name>
         <load_address>0x2174</load_address>
         <readonly>true</readonly>
         <executable>true</executable>
         <run_address>0x2174</run_address>
         <size>0xa2</size>
         <alignment>0x4</alignment>
         <input_file_ref idref="fl-c7"/>
      </object_component>
      <object_component id="oc-1fb">
         <name>.text.__aeabi_ldiv0</name>
         <load_address>0x2216</load_address>
         <readonly>true</readonly>
         <executable>true</executable>
         <run_address>0x2216</run_address>
         <size>0x2</size>
         <alignment>0x2</alignment>
         <input_file_ref idref="fl-ca"/>
      </object_component>
      <object_component id="oc-c8">
         <name>.text.SYSCFG_DL_PWM_1_init</name>
         <load_address>0x2218</load_address>
         <readonly>true</readonly>
         <executable>true</executable>
         <run_address>0x2218</run_address>
         <size>0x8c</size>
         <alignment>0x4</alignment>
         <input_file_ref idref="fl-2"/>
      </object_component>
      <object_component id="oc-c7">
         <name>.text.SYSCFG_DL_PWM_0_init</name>
         <load_address>0x22a4</load_address>
         <readonly>true</readonly>
         <executable>true</executable>
         <run_address>0x22a4</run_address>
         <size>0x88</size>
         <alignment>0x4</alignment>
         <input_file_ref idref="fl-2"/>
      </object_component>
      <object_component id="oc-129">
         <name>.text.__NVIC_SetPriority</name>
         <load_address>0x232c</load_address>
         <readonly>true</readonly>
         <executable>true</executable>
         <run_address>0x232c</run_address>
         <size>0x84</size>
         <alignment>0x4</alignment>
         <input_file_ref idref="fl-2"/>
      </object_component>
      <object_component id="oc-1c">
         <name>.text:decompress:lzss</name>
         <load_address>0x23b0</load_address>
         <readonly>true</readonly>
         <executable>true</executable>
         <run_address>0x23b0</run_address>
         <size>0x78</size>
         <alignment>0x4</alignment>
         <input_file_ref idref="fl-3b"/>
      </object_component>
      <object_component id="oc-1d6">
         <name>.text.__gedf2</name>
         <load_address>0x2428</load_address>
         <readonly>true</readonly>
         <executable>true</executable>
         <run_address>0x2428</run_address>
         <size>0x70</size>
         <alignment>0x4</alignment>
         <input_file_ref idref="fl-c9"/>
      </object_component>
      <object_component id="oc-1d0">
         <name>.text.__ledf2</name>
         <load_address>0x2498</load_address>
         <readonly>true</readonly>
         <executable>true</executable>
         <run_address>0x2498</run_address>
         <size>0x6c</size>
         <alignment>0x4</alignment>
         <input_file_ref idref="fl-c9"/>
      </object_component>
      <object_component id="oc-cd">
         <name>.text.SYSCFG_DL_ADC12_0_init</name>
         <load_address>0x2504</load_address>
         <readonly>true</readonly>
         <executable>true</executable>
         <run_address>0x2504</run_address>
         <size>0x68</size>
         <alignment>0x4</alignment>
         <input_file_ref idref="fl-2"/>
      </object_component>
      <object_component id="oc-1ec">
         <name>.text._mcpy</name>
         <load_address>0x256c</load_address>
         <readonly>true</readonly>
         <executable>true</executable>
         <run_address>0x256c</run_address>
         <size>0x66</size>
         <alignment>0x2</alignment>
         <input_file_ref idref="fl-28"/>
      </object_component>
      <object_component id="oc-15f">
         <name>.text._nop</name>
         <load_address>0x25d2</load_address>
         <readonly>true</readonly>
         <executable>true</executable>
         <run_address>0x25d2</run_address>
         <size>0x2</size>
         <alignment>0x2</alignment>
         <input_file_ref idref="fl-2c"/>
      </object_component>
      <object_component id="oc-1a9">
         <name>.text.__aeabi_dcmp</name>
         <load_address>0x25d4</load_address>
         <readonly>true</readonly>
         <executable>true</executable>
         <run_address>0x25d4</run_address>
         <size>0x62</size>
         <alignment>0x4</alignment>
         <input_file_ref idref="fl-bf"/>
      </object_component>
      <object_component id="oc-1d8">
         <name>.text.frexp</name>
         <load_address>0x2638</load_address>
         <readonly>true</readonly>
         <executable>true</executable>
         <run_address>0x2638</run_address>
         <size>0x5c</size>
         <alignment>0x4</alignment>
         <input_file_ref idref="fl-29"/>
      </object_component>
      <object_component id="oc-ee">
         <name>.text.printf</name>
         <load_address>0x2694</load_address>
         <readonly>true</readonly>
         <executable>true</executable>
         <run_address>0x2694</run_address>
         <size>0x5c</size>
         <alignment>0x4</alignment>
         <input_file_ref idref="fl-27"/>
      </object_component>
      <object_component id="oc-1e4">
         <name>.text.__TI_ltoa</name>
         <load_address>0x26f0</load_address>
         <readonly>true</readonly>
         <executable>true</executable>
         <run_address>0x26f0</run_address>
         <size>0x58</size>
         <alignment>0x2</alignment>
         <input_file_ref idref="fl-2d"/>
      </object_component>
      <object_component id="oc-1af">
         <name>.text._pconv_f</name>
         <load_address>0x2748</load_address>
         <readonly>true</readonly>
         <executable>true</executable>
         <run_address>0x2748</run_address>
         <size>0x58</size>
         <alignment>0x2</alignment>
         <input_file_ref idref="fl-28"/>
      </object_component>
      <object_component id="oc-73">
         <name>.text.main</name>
         <load_address>0x27a0</load_address>
         <readonly>true</readonly>
         <executable>true</executable>
         <run_address>0x27a0</run_address>
         <size>0x58</size>
         <alignment>0x4</alignment>
         <input_file_ref idref="fl-1"/>
      </object_component>
      <object_component id="oc-20a">
         <name>.text.__aeabi_idivmod</name>
         <load_address>0x27f8</load_address>
         <readonly>true</readonly>
         <executable>true</executable>
         <run_address>0x27f8</run_address>
         <size>0x56</size>
         <alignment>0x4</alignment>
         <input_file_ref idref="fl-c1"/>
      </object_component>
      <object_component id="oc-1ea">
         <name>.text._ecpy</name>
         <load_address>0x284e</load_address>
         <readonly>true</readonly>
         <executable>true</executable>
         <run_address>0x284e</run_address>
         <size>0x52</size>
         <alignment>0x2</alignment>
         <input_file_ref idref="fl-28"/>
      </object_component>
      <object_component id="oc-184">
         <name>.text.fputs</name>
         <load_address>0x28a0</load_address>
         <readonly>true</readonly>
         <executable>true</executable>
         <run_address>0x28a0</run_address>
         <size>0x50</size>
         <alignment>0x4</alignment>
         <input_file_ref idref="fl-6"/>
      </object_component>
      <object_component id="oc-146">
         <name>.text.DL_ADC12_setClockConfig</name>
         <load_address>0x28f0</load_address>
         <readonly>true</readonly>
         <executable>true</executable>
         <run_address>0x28f0</run_address>
         <size>0x4c</size>
         <alignment>0x4</alignment>
         <input_file_ref idref="fl-14"/>
      </object_component>
      <object_component id="oc-128">
         <name>.text.DL_SYSCTL_switchMCLKfromSYSOSCtoHSCLK</name>
         <load_address>0x293c</load_address>
         <readonly>true</readonly>
         <executable>true</executable>
         <run_address>0x293c</run_address>
         <size>0x4c</size>
         <alignment>0x4</alignment>
         <input_file_ref idref="fl-18"/>
      </object_component>
      <object_component id="oc-13e">
         <name>.text.DL_UART_init</name>
         <load_address>0x2988</load_address>
         <readonly>true</readonly>
         <executable>true</executable>
         <run_address>0x2988</run_address>
         <size>0x4c</size>
         <alignment>0x4</alignment>
         <input_file_ref idref="fl-17"/>
      </object_component>
      <object_component id="oc-140">
         <name>.text.DL_UART_setBaudRateDivisor</name>
         <load_address>0x29d4</load_address>
         <readonly>true</readonly>
         <executable>true</executable>
         <run_address>0x29d4</run_address>
         <size>0x4c</size>
         <alignment>0x4</alignment>
         <input_file_ref idref="fl-2"/>
      </object_component>
      <object_component id="oc-64">
         <name>.text.Read_Encoder</name>
         <load_address>0x2a20</load_address>
         <readonly>true</readonly>
         <executable>true</executable>
         <run_address>0x2a20</run_address>
         <size>0x4c</size>
         <alignment>0x4</alignment>
         <input_file_ref idref="fl-1"/>
      </object_component>
      <object_component id="oc-97">
         <name>.text.SYSCFG_DL_init</name>
         <load_address>0x2a6c</load_address>
         <readonly>true</readonly>
         <executable>true</executable>
         <run_address>0x2a6c</run_address>
         <size>0x4c</size>
         <alignment>0x4</alignment>
         <input_file_ref idref="fl-2"/>
      </object_component>
      <object_component id="oc-147">
         <name>.text.DL_ADC12_configConversionMem</name>
         <load_address>0x2ab8</load_address>
         <readonly>true</readonly>
         <executable>true</executable>
         <run_address>0x2ab8</run_address>
         <size>0x4a</size>
         <alignment>0x2</alignment>
         <input_file_ref idref="fl-2"/>
      </object_component>
      <object_component id="oc-1e0">
         <name>.text.__fixdfsi</name>
         <load_address>0x2b04</load_address>
         <readonly>true</readonly>
         <executable>true</executable>
         <run_address>0x2b04</run_address>
         <size>0x4a</size>
         <alignment>0x4</alignment>
         <input_file_ref idref="fl-b8"/>
      </object_component>
      <object_component id="oc-c6">
         <name>.text.SYSCFG_DL_SYSCTL_init</name>
         <load_address>0x2b50</load_address>
         <readonly>true</readonly>
         <executable>true</executable>
         <run_address>0x2b50</run_address>
         <size>0x48</size>
         <alignment>0x4</alignment>
         <input_file_ref idref="fl-2"/>
      </object_component>
      <object_component id="oc-12d">
         <name>.text.DL_Timer_setCaptureCompareOutCtl</name>
         <load_address>0x2b98</load_address>
         <readonly>true</readonly>
         <executable>true</executable>
         <run_address>0x2b98</run_address>
         <size>0x40</size>
         <alignment>0x4</alignment>
         <input_file_ref idref="fl-16"/>
      </object_component>
      <object_component id="oc-ca">
         <name>.text.SYSCFG_DL_TIMER_Encoder_Read_init</name>
         <load_address>0x2bd8</load_address>
         <readonly>true</readonly>
         <executable>true</executable>
         <run_address>0x2bd8</run_address>
         <size>0x40</size>
         <alignment>0x4</alignment>
         <input_file_ref idref="fl-2"/>
      </object_component>
      <object_component id="oc-cb">
         <name>.text.SYSCFG_DL_UART_0_init</name>
         <load_address>0x2c18</load_address>
         <readonly>true</readonly>
         <executable>true</executable>
         <run_address>0x2c18</run_address>
         <size>0x40</size>
         <alignment>0x4</alignment>
         <input_file_ref idref="fl-2"/>
      </object_component>
      <object_component id="oc-cc">
         <name>.text.SYSCFG_DL_UART_1_init</name>
         <load_address>0x2c58</load_address>
         <readonly>true</readonly>
         <executable>true</executable>
         <run_address>0x2c58</run_address>
         <size>0x40</size>
         <alignment>0x4</alignment>
         <input_file_ref idref="fl-2"/>
      </object_component>
      <object_component id="oc-18d">
         <name>.text.__aeabi_uidivmod</name>
         <load_address>0x2c98</load_address>
         <readonly>true</readonly>
         <executable>true</executable>
         <run_address>0x2c98</run_address>
         <size>0x40</size>
         <alignment>0x4</alignment>
         <input_file_ref idref="fl-c4"/>
      </object_component>
      <object_component id="oc-193">
         <name>.text.atoi</name>
         <load_address>0x2cd8</load_address>
         <readonly>true</readonly>
         <executable>true</executable>
         <run_address>0x2cd8</run_address>
         <size>0x40</size>
         <alignment>0x4</alignment>
         <input_file_ref idref="fl-2f"/>
      </object_component>
      <object_component id="oc-170">
         <name>.text.DL_Timer_setCaptureCompareCtl</name>
         <load_address>0x2d18</load_address>
         <readonly>true</readonly>
         <executable>true</executable>
         <run_address>0x2d18</run_address>
         <size>0x3c</size>
         <alignment>0x4</alignment>
         <input_file_ref idref="fl-16"/>
      </object_component>
      <object_component id="oc-c9">
         <name>.text.SYSCFG_DL_TIMER_0_init</name>
         <load_address>0x2d54</load_address>
         <readonly>true</readonly>
         <executable>true</executable>
         <run_address>0x2d54</run_address>
         <size>0x3c</size>
         <alignment>0x4</alignment>
         <input_file_ref idref="fl-2"/>
      </object_component>
      <object_component id="oc-ab">
         <name>.text:__TI_auto_init_nobinit_nopinit</name>
         <load_address>0x2d90</load_address>
         <readonly>true</readonly>
         <executable>true</executable>
         <run_address>0x2d90</run_address>
         <size>0x3c</size>
         <alignment>0x4</alignment>
         <input_file_ref idref="fl-36"/>
      </object_component>
      <object_component id="oc-152">
         <name>.text.__muldsi3</name>
         <load_address>0x2dcc</load_address>
         <readonly>true</readonly>
         <executable>true</executable>
         <run_address>0x2dcc</run_address>
         <size>0x3a</size>
         <alignment>0x4</alignment>
         <input_file_ref idref="fl-b4"/>
      </object_component>
      <object_component id="oc-12e">
         <name>.text.DL_Timer_setCaptCompUpdateMethod</name>
         <load_address>0x2e08</load_address>
         <readonly>true</readonly>
         <executable>true</executable>
         <run_address>0x2e08</run_address>
         <size>0x34</size>
         <alignment>0x4</alignment>
         <input_file_ref idref="fl-16"/>
      </object_component>
      <object_component id="oc-16f">
         <name>.text.DL_Timer_setCaptureCompareAction</name>
         <load_address>0x2e3c</load_address>
         <readonly>true</readonly>
         <executable>true</executable>
         <run_address>0x2e3c</run_address>
         <size>0x34</size>
         <alignment>0x4</alignment>
         <input_file_ref idref="fl-16"/>
      </object_component>
      <object_component id="oc-171">
         <name>.text.DL_Timer_setCaptureCompareInput</name>
         <load_address>0x2e70</load_address>
         <readonly>true</readonly>
         <executable>true</executable>
         <run_address>0x2e70</run_address>
         <size>0x34</size>
         <alignment>0x2</alignment>
         <input_file_ref idref="fl-16"/>
      </object_component>
      <object_component id="oc-12b">
         <name>.text.DL_Timer_setClockConfig</name>
         <load_address>0x2ea4</load_address>
         <readonly>true</readonly>
         <executable>true</executable>
         <run_address>0x2ea4</run_address>
         <size>0x34</size>
         <alignment>0x4</alignment>
         <input_file_ref idref="fl-16"/>
      </object_component>
      <object_component id="oc-db">
         <name>.text.DL_ADC12_getMemResult</name>
         <load_address>0x2ed8</load_address>
         <readonly>true</readonly>
         <executable>true</executable>
         <run_address>0x2ed8</run_address>
         <size>0x30</size>
         <alignment>0x4</alignment>
         <input_file_ref idref="fl-4"/>
      </object_component>
      <object_component id="oc-117">
         <name>.text.DL_GPIO_initDigitalOutputFeatures</name>
         <load_address>0x2f08</load_address>
         <readonly>true</readonly>
         <executable>true</executable>
         <run_address>0x2f08</run_address>
         <size>0x30</size>
         <alignment>0x4</alignment>
         <input_file_ref idref="fl-2"/>
      </object_component>
      <object_component id="oc-1eb">
         <name>.text._fcpy</name>
         <load_address>0x2f38</load_address>
         <readonly>true</readonly>
         <executable>true</executable>
         <run_address>0x2f38</run_address>
         <size>0x30</size>
         <alignment>0x2</alignment>
         <input_file_ref idref="fl-28"/>
      </object_component>
      <object_component id="oc-12f">
         <name>.text.DL_Timer_setCaptureCompareValue</name>
         <load_address>0x2f68</load_address>
         <readonly>true</readonly>
         <executable>true</executable>
         <run_address>0x2f68</run_address>
         <size>0x2c</size>
         <alignment>0x4</alignment>
         <input_file_ref idref="fl-16"/>
      </object_component>
      <object_component id="oc-9c">
         <name>.text.__NVIC_EnableIRQ</name>
         <load_address>0x2f94</load_address>
         <readonly>true</readonly>
         <executable>true</executable>
         <run_address>0x2f94</run_address>
         <size>0x2c</size>
         <alignment>0x4</alignment>
         <input_file_ref idref="fl-1"/>
      </object_component>
      <object_component id="oc-e2">
         <name>.text.__floatsidf</name>
         <load_address>0x2fc0</load_address>
         <readonly>true</readonly>
         <executable>true</executable>
         <run_address>0x2fc0</run_address>
         <size>0x2c</size>
         <alignment>0x4</alignment>
         <input_file_ref idref="fl-bb"/>
      </object_component>
      <object_component id="oc-177">
         <name>.text.DL_Common_updateReg</name>
         <load_address>0x2fec</load_address>
         <readonly>true</readonly>
         <executable>true</executable>
         <run_address>0x2fec</run_address>
         <size>0x28</size>
         <alignment>0x2</alignment>
         <input_file_ref idref="fl-14"/>
      </object_component>
      <object_component id="oc-16b">
         <name>.text.DL_Common_updateReg</name>
         <load_address>0x3014</load_address>
         <readonly>true</readonly>
         <executable>true</executable>
         <run_address>0x3014</run_address>
         <size>0x28</size>
         <alignment>0x2</alignment>
         <input_file_ref idref="fl-18"/>
      </object_component>
      <object_component id="oc-172">
         <name>.text.DL_Common_updateReg</name>
         <load_address>0x303c</load_address>
         <readonly>true</readonly>
         <executable>true</executable>
         <run_address>0x303c</run_address>
         <size>0x28</size>
         <alignment>0x2</alignment>
         <input_file_ref idref="fl-16"/>
      </object_component>
      <object_component id="oc-176">
         <name>.text.DL_Common_updateReg</name>
         <load_address>0x3064</load_address>
         <readonly>true</readonly>
         <executable>true</executable>
         <run_address>0x3064</run_address>
         <size>0x28</size>
         <alignment>0x2</alignment>
         <input_file_ref idref="fl-17"/>
      </object_component>
      <object_component id="oc-168">
         <name>.text.DL_Common_updateReg</name>
         <load_address>0x308c</load_address>
         <readonly>true</readonly>
         <executable>true</executable>
         <run_address>0x308c</run_address>
         <size>0x28</size>
         <alignment>0x2</alignment>
         <input_file_ref idref="fl-2"/>
      </object_component>
      <object_component id="oc-1b5">
         <name>.text.DL_UART_transmitDataBlocking</name>
         <load_address>0x30b4</load_address>
         <readonly>true</readonly>
         <executable>true</executable>
         <run_address>0x30b4</run_address>
         <size>0x28</size>
         <alignment>0x2</alignment>
         <input_file_ref idref="fl-17"/>
      </object_component>
      <object_component id="oc-3b">
         <name>.text.TIMA1_IRQHandler</name>
         <load_address>0x30dc</load_address>
         <readonly>true</readonly>
         <executable>true</executable>
         <run_address>0x30dc</run_address>
         <size>0x28</size>
         <alignment>0x4</alignment>
         <input_file_ref idref="fl-1"/>
      </object_component>
      <object_component id="oc-57">
         <name>.text:_c_int00_noargs</name>
         <load_address>0x3104</load_address>
         <readonly>true</readonly>
         <executable>true</executable>
         <run_address>0x3104</run_address>
         <size>0x28</size>
         <alignment>0x4</alignment>
         <input_file_ref idref="fl-34"/>
      </object_component>
      <object_component id="oc-13d">
         <name>.text.DL_UART_setClockConfig</name>
         <load_address>0x312c</load_address>
         <readonly>true</readonly>
         <executable>true</executable>
         <run_address>0x312c</run_address>
         <size>0x24</size>
         <alignment>0x4</alignment>
         <input_file_ref idref="fl-17"/>
      </object_component>
      <object_component id="oc-1a0">
         <name>.text.__muldi3</name>
         <load_address>0x3150</load_address>
         <readonly>true</readonly>
         <executable>true</executable>
         <run_address>0x3150</run_address>
         <size>0x24</size>
         <alignment>0x4</alignment>
         <input_file_ref idref="fl-bd"/>
      </object_component>
      <object_component id="oc-e1">
         <name>.text.myabs</name>
         <load_address>0x3174</load_address>
         <readonly>true</readonly>
         <executable>true</executable>
         <run_address>0x3174</run_address>
         <size>0x24</size>
         <alignment>0x2</alignment>
         <input_file_ref idref="fl-6"/>
      </object_component>
      <object_component id="oc-188">
         <name>.text.memccpy</name>
         <load_address>0x3198</load_address>
         <readonly>true</readonly>
         <executable>true</executable>
         <run_address>0x3198</run_address>
         <size>0x22</size>
         <alignment>0x2</alignment>
         <input_file_ref idref="fl-31"/>
      </object_component>
      <object_component id="oc-39">
         <name>.text.ADC0_IRQHandler</name>
         <load_address>0x31bc</load_address>
         <readonly>true</readonly>
         <executable>true</executable>
         <run_address>0x31bc</run_address>
         <size>0x20</size>
         <alignment>0x4</alignment>
         <input_file_ref idref="fl-1"/>
      </object_component>
      <object_component id="oc-16d">
         <name>.text.DL_CORE_configInstruction</name>
         <load_address>0x31dc</load_address>
         <readonly>true</readonly>
         <executable>true</executable>
         <run_address>0x31dc</run_address>
         <size>0x20</size>
         <alignment>0x4</alignment>
         <input_file_ref idref="fl-18"/>
      </object_component>
      <object_component id="oc-116">
         <name>.text.DL_GPIO_initPeripheralInputFunction</name>
         <load_address>0x31fc</load_address>
         <readonly>true</readonly>
         <executable>true</executable>
         <run_address>0x31fc</run_address>
         <size>0x20</size>
         <alignment>0x4</alignment>
         <input_file_ref idref="fl-2"/>
      </object_component>
      <object_component id="oc-122">
         <name>.text.DL_SYSCTL_setFlashWaitState</name>
         <load_address>0x321c</load_address>
         <readonly>true</readonly>
         <executable>true</executable>
         <run_address>0x321c</run_address>
         <size>0x20</size>
         <alignment>0x4</alignment>
         <input_file_ref idref="fl-2"/>
      </object_component>
      <object_component id="oc-174">
         <name>.text.DL_Timer_setCounterValueAfterEnable</name>
         <load_address>0x323c</load_address>
         <readonly>true</readonly>
         <executable>true</executable>
         <run_address>0x323c</run_address>
         <size>0x20</size>
         <alignment>0x4</alignment>
         <input_file_ref idref="fl-16"/>
      </object_component>
      <object_component id="oc-d4">
         <name>.text.delay_us</name>
         <load_address>0x325c</load_address>
         <readonly>true</readonly>
         <executable>true</executable>
         <run_address>0x325c</run_address>
         <size>0x20</size>
         <alignment>0x2</alignment>
         <input_file_ref idref="fl-6"/>
      </object_component>
      <object_component id="oc-148">
         <name>.text.DL_ADC12_setPowerDownMode</name>
         <load_address>0x327c</load_address>
         <readonly>true</readonly>
         <executable>true</executable>
         <run_address>0x327c</run_address>
         <size>0x1e</size>
         <alignment>0x2</alignment>
         <input_file_ref idref="fl-2"/>
      </object_component>
      <object_component id="oc-13f">
         <name>.text.DL_UART_setOversampling</name>
         <load_address>0x329a</load_address>
         <readonly>true</readonly>
         <executable>true</executable>
         <run_address>0x329a</run_address>
         <size>0x1e</size>
         <alignment>0x2</alignment>
         <input_file_ref idref="fl-2"/>
      </object_component>
      <object_component id="oc-1fc">
         <name>.text.__ashldi3</name>
         <load_address>0x32b8</load_address>
         <readonly>true</readonly>
         <executable>true</executable>
         <run_address>0x32b8</run_address>
         <size>0x1e</size>
         <alignment>0x4</alignment>
         <input_file_ref idref="fl-c8"/>
      </object_component>
      <object_component id="oc-14b">
         <name>.text.DL_ADC12_clearInterruptStatus</name>
         <load_address>0x32d8</load_address>
         <readonly>true</readonly>
         <executable>true</executable>
         <run_address>0x32d8</run_address>
         <size>0x1c</size>
         <alignment>0x4</alignment>
         <input_file_ref idref="fl-2"/>
      </object_component>
      <object_component id="oc-14c">
         <name>.text.DL_ADC12_enableInterrupt</name>
         <load_address>0x32f4</load_address>
         <readonly>true</readonly>
         <executable>true</executable>
         <run_address>0x32f4</run_address>
         <size>0x1c</size>
         <alignment>0x4</alignment>
         <input_file_ref idref="fl-2"/>
      </object_component>
      <object_component id="oc-da">
         <name>.text.DL_ADC12_startConversion</name>
         <load_address>0x3310</load_address>
         <readonly>true</readonly>
         <executable>true</executable>
         <run_address>0x3310</run_address>
         <size>0x1c</size>
         <alignment>0x4</alignment>
         <input_file_ref idref="fl-4"/>
      </object_component>
      <object_component id="oc-80">
         <name>.text.DL_GPIO_clearInterruptStatus</name>
         <load_address>0x332c</load_address>
         <readonly>true</readonly>
         <executable>true</executable>
         <run_address>0x332c</run_address>
         <size>0x1c</size>
         <alignment>0x4</alignment>
         <input_file_ref idref="fl-1"/>
      </object_component>
      <object_component id="oc-11d">
         <name>.text.DL_GPIO_clearInterruptStatus</name>
         <load_address>0x3348</load_address>
         <readonly>true</readonly>
         <executable>true</executable>
         <run_address>0x3348</run_address>
         <size>0x1c</size>
         <alignment>0x4</alignment>
         <input_file_ref idref="fl-2"/>
      </object_component>
      <object_component id="oc-11e">
         <name>.text.DL_GPIO_enableInterrupt</name>
         <load_address>0x3364</load_address>
         <readonly>true</readonly>
         <executable>true</executable>
         <run_address>0x3364</run_address>
         <size>0x1c</size>
         <alignment>0x4</alignment>
         <input_file_ref idref="fl-2"/>
      </object_component>
      <object_component id="oc-118">
         <name>.text.DL_GPIO_initDigitalInput</name>
         <load_address>0x3380</load_address>
         <readonly>true</readonly>
         <executable>true</executable>
         <run_address>0x3380</run_address>
         <size>0x1c</size>
         <alignment>0x4</alignment>
         <input_file_ref idref="fl-2"/>
      </object_component>
      <object_component id="oc-114">
         <name>.text.DL_GPIO_initPeripheralOutputFunction</name>
         <load_address>0x339c</load_address>
         <readonly>true</readonly>
         <executable>true</executable>
         <run_address>0x339c</run_address>
         <size>0x1c</size>
         <alignment>0x4</alignment>
         <input_file_ref idref="fl-2"/>
      </object_component>
      <object_component id="oc-11c">
         <name>.text.DL_GPIO_setLowerPinsInputFilter</name>
         <load_address>0x33b8</load_address>
         <readonly>true</readonly>
         <executable>true</executable>
         <run_address>0x33b8</run_address>
         <size>0x1c</size>
         <alignment>0x4</alignment>
         <input_file_ref idref="fl-2"/>
      </object_component>
      <object_component id="oc-11b">
         <name>.text.DL_GPIO_setLowerPinsPolarity</name>
         <load_address>0x33d4</load_address>
         <readonly>true</readonly>
         <executable>true</executable>
         <run_address>0x33d4</run_address>
         <size>0x1c</size>
         <alignment>0x4</alignment>
         <input_file_ref idref="fl-2"/>
      </object_component>
      <object_component id="oc-120">
         <name>.text.DL_GPIO_setUpperPinsInputFilter</name>
         <load_address>0x33f0</load_address>
         <readonly>true</readonly>
         <executable>true</executable>
         <run_address>0x33f0</run_address>
         <size>0x1c</size>
         <alignment>0x4</alignment>
         <input_file_ref idref="fl-2"/>
      </object_component>
      <object_component id="oc-123">
         <name>.text.DL_SYSCTL_setSYSOSCFreq</name>
         <load_address>0x340c</load_address>
         <readonly>true</readonly>
         <executable>true</executable>
         <run_address>0x340c</run_address>
         <size>0x1c</size>
         <alignment>0x4</alignment>
         <input_file_ref idref="fl-2"/>
      </object_component>
      <object_component id="oc-127">
         <name>.text.DL_SYSCTL_setULPCLKDivider</name>
         <load_address>0x3428</load_address>
         <readonly>true</readonly>
         <executable>true</executable>
         <run_address>0x3428</run_address>
         <size>0x1c</size>
         <alignment>0x4</alignment>
         <input_file_ref idref="fl-2"/>
      </object_component>
      <object_component id="oc-138">
         <name>.text.DL_Timer_enableInterrupt</name>
         <load_address>0x3444</load_address>
         <readonly>true</readonly>
         <executable>true</executable>
         <run_address>0x3444</run_address>
         <size>0x1c</size>
         <alignment>0x4</alignment>
         <input_file_ref idref="fl-2"/>
      </object_component>
      <object_component id="oc-3a">
         <name>.text.TIMG0_IRQHandler</name>
         <load_address>0x3460</load_address>
         <readonly>true</readonly>
         <executable>true</executable>
         <run_address>0x3460</run_address>
         <size>0x1c</size>
         <alignment>0x4</alignment>
         <input_file_ref idref="fl-1"/>
      </object_component>
      <object_component id="oc-185">
         <name>.text.fputc</name>
         <load_address>0x347c</load_address>
         <readonly>true</readonly>
         <executable>true</executable>
         <run_address>0x347c</run_address>
         <size>0x1c</size>
         <alignment>0x4</alignment>
         <input_file_ref idref="fl-6"/>
      </object_component>
      <object_component id="oc-112">
         <name>.text.DL_ADC12_enablePower</name>
         <load_address>0x3498</load_address>
         <readonly>true</readonly>
         <executable>true</executable>
         <run_address>0x3498</run_address>
         <size>0x18</size>
         <alignment>0x4</alignment>
         <input_file_ref idref="fl-2"/>
      </object_component>
      <object_component id="oc-10e">
         <name>.text.DL_ADC12_reset</name>
         <load_address>0x34b0</load_address>
         <readonly>true</readonly>
         <executable>true</executable>
         <run_address>0x34b0</run_address>
         <size>0x18</size>
         <alignment>0x4</alignment>
         <input_file_ref idref="fl-2"/>
      </object_component>
      <object_component id="oc-149">
         <name>.text.DL_ADC12_setSampleTime0</name>
         <load_address>0x34c8</load_address>
         <readonly>true</readonly>
         <executable>true</executable>
         <run_address>0x34c8</run_address>
         <size>0x18</size>
         <alignment>0x4</alignment>
         <input_file_ref idref="fl-2"/>
      </object_component>
      <object_component id="oc-14a">
         <name>.text.DL_ADC12_setSampleTime1</name>
         <load_address>0x34e0</load_address>
         <readonly>true</readonly>
         <executable>true</executable>
         <run_address>0x34e0</run_address>
         <size>0x18</size>
         <alignment>0x4</alignment>
         <input_file_ref idref="fl-2"/>
      </object_component>
      <object_component id="oc-115">
         <name>.text.DL_GPIO_enableOutput</name>
         <load_address>0x34f8</load_address>
         <readonly>true</readonly>
         <executable>true</executable>
         <run_address>0x34f8</run_address>
         <size>0x18</size>
         <alignment>0x4</alignment>
         <input_file_ref idref="fl-2"/>
      </object_component>
      <object_component id="oc-10f">
         <name>.text.DL_GPIO_enablePower</name>
         <load_address>0x3510</load_address>
         <readonly>true</readonly>
         <executable>true</executable>
         <run_address>0x3510</run_address>
         <size>0x18</size>
         <alignment>0x4</alignment>
         <input_file_ref idref="fl-2"/>
      </object_component>
      <object_component id="oc-7e">
         <name>.text.DL_GPIO_getEnabledInterruptStatus</name>
         <load_address>0x3528</load_address>
         <readonly>true</readonly>
         <executable>true</executable>
         <run_address>0x3528</run_address>
         <size>0x18</size>
         <alignment>0x4</alignment>
         <input_file_ref idref="fl-1"/>
      </object_component>
      <object_component id="oc-119">
         <name>.text.DL_GPIO_initDigitalOutput</name>
         <load_address>0x3540</load_address>
         <readonly>true</readonly>
         <executable>true</executable>
         <run_address>0x3540</run_address>
         <size>0x18</size>
         <alignment>0x4</alignment>
         <input_file_ref idref="fl-2"/>
      </object_component>
      <object_component id="oc-10b">
         <name>.text.DL_GPIO_reset</name>
         <load_address>0x3558</load_address>
         <readonly>true</readonly>
         <executable>true</executable>
         <run_address>0x3558</run_address>
         <size>0x18</size>
         <alignment>0x4</alignment>
         <input_file_ref idref="fl-2"/>
      </object_component>
      <object_component id="oc-d3">
         <name>.text.DL_GPIO_setPins</name>
         <load_address>0x3570</load_address>
         <readonly>true</readonly>
         <executable>true</executable>
         <run_address>0x3570</run_address>
         <size>0x18</size>
         <alignment>0x4</alignment>
         <input_file_ref idref="fl-4"/>
      </object_component>
      <object_component id="oc-11f">
         <name>.text.DL_GPIO_setUpperPinsPolarity</name>
         <load_address>0x3588</load_address>
         <readonly>true</readonly>
         <executable>true</executable>
         <run_address>0x3588</run_address>
         <size>0x18</size>
         <alignment>0x2</alignment>
         <input_file_ref idref="fl-2"/>
      </object_component>
      <object_component id="oc-65">
         <name>.text.DL_GPIO_togglePins</name>
         <load_address>0x35a0</load_address>
         <readonly>true</readonly>
         <executable>true</executable>
         <run_address>0x35a0</run_address>
         <size>0x18</size>
         <alignment>0x4</alignment>
         <input_file_ref idref="fl-1"/>
      </object_component>
      <object_component id="oc-121">
         <name>.text.DL_SYSCTL_setBORThreshold</name>
         <load_address>0x35b8</load_address>
         <readonly>true</readonly>
         <executable>true</executable>
         <run_address>0x35b8</run_address>
         <size>0x18</size>
         <alignment>0x4</alignment>
         <input_file_ref idref="fl-2"/>
      </object_component>
      <object_component id="oc-16e">
         <name>.text.DL_SYSCTL_setHSCLKSource</name>
         <load_address>0x35d0</load_address>
         <readonly>true</readonly>
         <executable>true</executable>
         <run_address>0x35d0</run_address>
         <size>0x18</size>
         <alignment>0x4</alignment>
         <input_file_ref idref="fl-18"/>
      </object_component>
      <object_component id="oc-110">
         <name>.text.DL_Timer_enablePower</name>
         <load_address>0x35e8</load_address>
         <readonly>true</readonly>
         <executable>true</executable>
         <run_address>0x35e8</run_address>
         <size>0x18</size>
         <alignment>0x4</alignment>
         <input_file_ref idref="fl-2"/>
      </object_component>
      <object_component id="oc-10c">
         <name>.text.DL_Timer_reset</name>
         <load_address>0x3600</load_address>
         <readonly>true</readonly>
         <executable>true</executable>
         <run_address>0x3600</run_address>
         <size>0x18</size>
         <alignment>0x4</alignment>
         <input_file_ref idref="fl-2"/>
      </object_component>
      <object_component id="oc-173">
         <name>.text.DL_Timer_setLoadValue</name>
         <load_address>0x3618</load_address>
         <readonly>true</readonly>
         <executable>true</executable>
         <run_address>0x3618</run_address>
         <size>0x18</size>
         <alignment>0x4</alignment>
         <input_file_ref idref="fl-16"/>
      </object_component>
      <object_component id="oc-9d">
         <name>.text.DL_Timer_startCounter</name>
         <load_address>0x3630</load_address>
         <readonly>true</readonly>
         <executable>true</executable>
         <run_address>0x3630</run_address>
         <size>0x18</size>
         <alignment>0x4</alignment>
         <input_file_ref idref="fl-1"/>
      </object_component>
      <object_component id="oc-111">
         <name>.text.DL_UART_enablePower</name>
         <load_address>0x3648</load_address>
         <readonly>true</readonly>
         <executable>true</executable>
         <run_address>0x3648</run_address>
         <size>0x18</size>
         <alignment>0x4</alignment>
         <input_file_ref idref="fl-2"/>
      </object_component>
      <object_component id="oc-1f6">
         <name>.text.DL_UART_isTXFIFOFull</name>
         <load_address>0x3660</load_address>
         <readonly>true</readonly>
         <executable>true</executable>
         <run_address>0x3660</run_address>
         <size>0x18</size>
         <alignment>0x4</alignment>
         <input_file_ref idref="fl-17"/>
      </object_component>
      <object_component id="oc-10d">
         <name>.text.DL_UART_reset</name>
         <load_address>0x3678</load_address>
         <readonly>true</readonly>
         <executable>true</executable>
         <run_address>0x3678</run_address>
         <size>0x18</size>
         <alignment>0x4</alignment>
         <input_file_ref idref="fl-2"/>
      </object_component>
      <object_component id="oc-dc">
         <name>.text.DL_ADC12_enableConversions</name>
         <load_address>0x3690</load_address>
         <readonly>true</readonly>
         <executable>true</executable>
         <run_address>0x3690</run_address>
         <size>0x16</size>
         <alignment>0x2</alignment>
         <input_file_ref idref="fl-4"/>
      </object_component>
      <object_component id="oc-14d">
         <name>.text.DL_ADC12_enableConversions</name>
         <load_address>0x36a6</load_address>
         <readonly>true</readonly>
         <executable>true</executable>
         <run_address>0x36a6</run_address>
         <size>0x16</size>
         <alignment>0x2</alignment>
         <input_file_ref idref="fl-2"/>
      </object_component>
      <object_component id="oc-7f">
         <name>.text.DL_GPIO_readPins</name>
         <load_address>0x36bc</load_address>
         <readonly>true</readonly>
         <executable>true</executable>
         <run_address>0x36bc</run_address>
         <size>0x16</size>
         <alignment>0x2</alignment>
         <input_file_ref idref="fl-1"/>
      </object_component>
      <object_component id="oc-175">
         <name>.text.DL_UART_disable</name>
         <load_address>0x36d2</load_address>
         <readonly>true</readonly>
         <executable>true</executable>
         <run_address>0x36d2</run_address>
         <size>0x16</size>
         <alignment>0x2</alignment>
         <input_file_ref idref="fl-17"/>
      </object_component>
      <object_component id="oc-141">
         <name>.text.DL_UART_enable</name>
         <load_address>0x36e8</load_address>
         <readonly>true</readonly>
         <executable>true</executable>
         <run_address>0x36e8</run_address>
         <size>0x16</size>
         <alignment>0x2</alignment>
         <input_file_ref idref="fl-2"/>
      </object_component>
      <object_component id="oc-1f7">
         <name>.text.DL_UART_transmitData</name>
         <load_address>0x36fe</load_address>
         <readonly>true</readonly>
         <executable>true</executable>
         <run_address>0x36fe</run_address>
         <size>0x16</size>
         <alignment>0x2</alignment>
         <input_file_ref idref="fl-17"/>
      </object_component>
      <object_component id="oc-4e">
         <name>.text:decompress:ZI:__TI_zero_init_nomemset</name>
         <load_address>0x3714</load_address>
         <readonly>true</readonly>
         <executable>true</executable>
         <run_address>0x3714</run_address>
         <size>0x16</size>
         <alignment>0x2</alignment>
         <input_file_ref idref="fl-39"/>
      </object_component>
      <object_component id="oc-113">
         <name>.text.DL_Common_delayCycles</name>
         <load_address>0x372a</load_address>
         <readonly>true</readonly>
         <executable>true</executable>
         <run_address>0x372a</run_address>
         <size>0x14</size>
         <alignment>0x2</alignment>
         <input_file_ref idref="fl-15"/>
      </object_component>
      <object_component id="oc-d9">
         <name>.text.DL_GPIO_clearPins</name>
         <load_address>0x373e</load_address>
         <readonly>true</readonly>
         <executable>true</executable>
         <run_address>0x373e</run_address>
         <size>0x14</size>
         <alignment>0x2</alignment>
         <input_file_ref idref="fl-4"/>
      </object_component>
      <object_component id="oc-11a">
         <name>.text.DL_GPIO_clearPins</name>
         <load_address>0x3752</load_address>
         <readonly>true</readonly>
         <executable>true</executable>
         <run_address>0x3752</run_address>
         <size>0x14</size>
         <alignment>0x2</alignment>
         <input_file_ref idref="fl-2"/>
      </object_component>
      <object_component id="oc-169">
         <name>.text.DL_SYSCTL_disableSYSPLL</name>
         <load_address>0x3768</load_address>
         <readonly>true</readonly>
         <executable>true</executable>
         <run_address>0x3768</run_address>
         <size>0x14</size>
         <alignment>0x4</alignment>
         <input_file_ref idref="fl-18"/>
      </object_component>
      <object_component id="oc-125">
         <name>.text.DL_SYSCTL_disableSYSPLL</name>
         <load_address>0x377c</load_address>
         <readonly>true</readonly>
         <executable>true</executable>
         <run_address>0x377c</run_address>
         <size>0x14</size>
         <alignment>0x4</alignment>
         <input_file_ref idref="fl-2"/>
      </object_component>
      <object_component id="oc-130">
         <name>.text.DL_Timer_enableClock</name>
         <load_address>0x3790</load_address>
         <readonly>true</readonly>
         <executable>true</executable>
         <run_address>0x3790</run_address>
         <size>0x14</size>
         <alignment>0x4</alignment>
         <input_file_ref idref="fl-2"/>
      </object_component>
      <object_component id="oc-131">
         <name>.text.DL_Timer_setCCPDirection</name>
         <load_address>0x37a4</load_address>
         <readonly>true</readonly>
         <executable>true</executable>
         <run_address>0x37a4</run_address>
         <size>0x14</size>
         <alignment>0x2</alignment>
         <input_file_ref idref="fl-2"/>
      </object_component>
      <object_component id="oc-1a5">
         <name>.text.__aeabi_uldivmod</name>
         <load_address>0x37b8</load_address>
         <readonly>true</readonly>
         <executable>true</executable>
         <run_address>0x37b8</run_address>
         <size>0x14</size>
         <alignment>0x4</alignment>
         <input_file_ref idref="fl-c5"/>
      </object_component>
      <object_component id="oc-1e9">
         <name>.text.strchr</name>
         <load_address>0x37cc</load_address>
         <readonly>true</readonly>
         <executable>true</executable>
         <run_address>0x37cc</run_address>
         <size>0x14</size>
         <alignment>0x2</alignment>
         <input_file_ref idref="fl-28"/>
      </object_component>
      <object_component id="oc-61">
         <name>.text.DL_ADC12_getPendingInterrupt</name>
         <load_address>0x37e0</load_address>
         <readonly>true</readonly>
         <executable>true</executable>
         <run_address>0x37e0</run_address>
         <size>0x12</size>
         <alignment>0x2</alignment>
         <input_file_ref idref="fl-1"/>
      </object_component>
      <object_component id="oc-63">
         <name>.text.DL_Timer_getPendingInterrupt</name>
         <load_address>0x37f2</load_address>
         <readonly>true</readonly>
         <executable>true</executable>
         <run_address>0x37f2</run_address>
         <size>0x12</size>
         <alignment>0x2</alignment>
         <input_file_ref idref="fl-1"/>
      </object_component>
      <object_component id="oc-8d">
         <name>.text:TI_memcpy_small</name>
         <load_address>0x3804</load_address>
         <readonly>true</readonly>
         <executable>true</executable>
         <run_address>0x3804</run_address>
         <size>0x12</size>
         <alignment>0x1</alignment>
         <input_file_ref idref="fl-cb"/>
      </object_component>
      <object_component id="oc-20">
         <name>.text:decompress:none</name>
         <load_address>0x3816</load_address>
         <readonly>true</readonly>
         <executable>true</executable>
         <run_address>0x3816</run_address>
         <size>0x12</size>
         <alignment>0x2</alignment>
         <input_file_ref idref="fl-3a"/>
      </object_component>
      <object_component id="oc-16c">
         <name>.text.DL_CORE_getInstructionConfig</name>
         <load_address>0x3828</load_address>
         <readonly>true</readonly>
         <executable>true</executable>
         <run_address>0x3828</run_address>
         <size>0x10</size>
         <alignment>0x4</alignment>
         <input_file_ref idref="fl-18"/>
      </object_component>
      <object_component id="oc-124">
         <name>.text.DL_SYSCTL_disableHFXT</name>
         <load_address>0x3838</load_address>
         <readonly>true</readonly>
         <executable>true</executable>
         <run_address>0x3838</run_address>
         <size>0x10</size>
         <alignment>0x4</alignment>
         <input_file_ref idref="fl-2"/>
      </object_component>
      <object_component id="oc-197">
         <name>.text.wcslen</name>
         <load_address>0x3848</load_address>
         <readonly>true</readonly>
         <executable>true</executable>
         <run_address>0x3848</run_address>
         <size>0x10</size>
         <alignment>0x2</alignment>
         <input_file_ref idref="fl-3c"/>
      </object_component>
      <object_component id="oc-187">
         <name>.text.__aeabi_memset</name>
         <load_address>0x3858</load_address>
         <readonly>true</readonly>
         <executable>true</executable>
         <run_address>0x3858</run_address>
         <size>0xe</size>
         <alignment>0x4</alignment>
         <input_file_ref idref="fl-c3"/>
      </object_component>
      <object_component id="oc-186">
         <name>.text.strlen</name>
         <load_address>0x3866</load_address>
         <readonly>true</readonly>
         <executable>true</executable>
         <run_address>0x3866</run_address>
         <size>0xe</size>
         <alignment>0x2</alignment>
[...]
      </symbol>
      <symbol id="sm-18c">
         <name>TIMG6_IRQHandler</name>
         <value>0x38ed</value>
         <object_component_ref idref="oc-33"/>
      </symbol>
      <symbol id="sm-18d">
         <name>TIMA0_IRQHandler</name>
         <value>0x38ed</value>
         <object_component_ref idref="oc-33"/>
      </symbol>
      <symbol id="sm-18e">
         <name>TIMG7_IRQHandler</name>
         <value>0x38ed</value>
         <object_component_ref idref="oc-33"/>
      </symbol>
      <symbol id="sm-18f">
         <name>TIMG12_IRQHandler</name>
         <value>0x38ed</value>
         <object_component_ref idref="oc-33"/>
      </symbol>
      <symbol id="sm-190">
         <name>I2C0_IRQHandler</name>
         <value>0x38ed</value>
         <object_component_ref idref="oc-33"/>
      </symbol>
      <symbol id="sm-191">
         <name>I2C1_IRQHandler</name>
         <value>0x38ed</value>
         <object_component_ref idref="oc-33"/>
      </symbol>
      <symbol id="sm-192">
         <name>AES_IRQHandler</name>
         <value>0x38ed</value>
         <object_component_ref idref="oc-33"/>
      </symbol>
      <symbol id="sm-193">
         <name>RTC_IRQHandler</name>
         <value>0x38ed</value>
         <object_component_ref idref="oc-33"/>
      </symbol>
      <symbol id="sm-194">
         <name>DMA_IRQHandler</name>
         <value>0x38ed</value>
         <object_component_ref idref="oc-33"/>
      </symbol>
      <symbol id="sm-1ba">
         <name>RD_TSL</name>
         <value>0x1a19</value>
         <object_component_ref idref="oc-9e"/>
      </symbol>
      <symbol id="sm-1bb">
         <name>ADV</name>
         <value>0x20200000</value>
         <object_component_ref idref="oc-de"/>
      </symbol>
      <symbol id="sm-1bc">
         <name>Find_CCD_Median</name>
         <value>0xac1</value>
         <object_component_ref idref="oc-a3"/>
      </symbol>
      <symbol id="sm-1bd">
         <name>value1_max</name>
         <value>0x2020052c</value>
      </symbol>
      <symbol id="sm-1be">
         <name>value1_min</name>
         <value>0x2020052e</value>
      </symbol>
      <symbol id="sm-1bf">
         <name>Left</name>
         <value>0x20200528</value>
      </symbol>
      <symbol id="sm-1c0">
         <name>Right</name>
         <value>0x2020052a</value>
      </symbol>
      <symbol id="sm-1c1">
         <name>CCD_Zhongzhi</name>
         <value>0x2020031c</value>
         <object_component_ref idref="oc-fb"/>
      </symbol>
      <symbol id="sm-1c2">
         <name>Last_CCD_Zhongzhi</name>
         <value>0x2020031d</value>
         <object_component_ref idref="oc-fc"/>
      </symbol>
      <symbol id="sm-1d4">
         <name>delay_us</name>
         <value>0x325d</value>
         <object_component_ref idref="oc-d4"/>
      </symbol>
      <symbol id="sm-1d5">
         <name>fputc</name>
         <value>0x347d</value>
         <object_component_ref idref="oc-185"/>
      </symbol>
      <symbol id="sm-1d6">
         <name>fputs</name>
         <value>0x28a1</value>
         <object_component_ref idref="oc-184"/>
      </symbol>
      <symbol id="sm-1d7">
         <name>myabs</name>
         <value>0x3175</value>
         <object_component_ref idref="oc-e1"/>
      </symbol>
      <symbol id="sm-1d8">
         <name>__TI_ATRegion0_src_addr</name>
         <value>0x0</value>
      </symbol>
      <symbol id="sm-1d9">
         <name>__TI_ATRegion0_trg_addr</name>
         <value>0x0</value>
      </symbol>
      <symbol id="sm-1da">
         <name>__TI_ATRegion0_region_sz</name>
         <value>0x0</value>
      </symbol>
      <symbol id="sm-1db">
         <name>__TI_ATRegion1_src_addr</name>
         <value>0x0</value>
      </symbol>
      <symbol id="sm-1dc">
         <name>__TI_ATRegion1_trg_addr</name>
         <value>0x0</value>
      </symbol>
      <symbol id="sm-1dd">
         <name>__TI_ATRegion1_region_sz</name>
         <value>0x0</value>
      </symbol>
      <symbol id="sm-1de">
         <name>__TI_ATRegion2_src_addr</name>
         <value>0x0</value>
      </symbol>
      <symbol id="sm-1df">
         <name>__TI_ATRegion2_trg_addr</name>
         <value>0x0</value>
      </symbol>
      <symbol id="sm-1e0">
         <name>__TI_ATRegion2_region_sz</name>
         <value>0x0</value>
      </symbol>
      <symbol id="sm-1e6">
         <name>DL_ADC12_setClockConfig</name>
         <value>0x28f1</value>
         <object_component_ref idref="oc-146"/>
      </symbol>
      <symbol id="sm-1e9">
         <name>DL_Common_delayCycles</name>
         <value>0x372b</value>
         <object_component_ref idref="oc-113"/>
      </symbol>
      <symbol id="sm-209">
         <name>DL_Timer_setClockConfig</name>
         <value>0x2ea5</value>
         <object_component_ref idref="oc-12b"/>
      </symbol>
      <symbol id="sm-20a">
         <name>DL_Timer_initTimerMode</name>
         <value>0x1c31</value>
         <object_component_ref idref="oc-137"/>
      </symbol>
      <symbol id="sm-20b">
         <name>DL_Timer_setCaptureCompareValue</name>
         <value>0x2f69</value>
         <object_component_ref idref="oc-12f"/>
      </symbol>
      <symbol id="sm-20c">
         <name>DL_Timer_setCaptureCompareCtl</name>
         <value>0x2d19</value>
         <object_component_ref idref="oc-170"/>
      </symbol>
      <symbol id="sm-20d">
         <name>DL_Timer_setCaptureCompareInput</name>
         <value>0x2e71</value>
         <object_component_ref idref="oc-171"/>
      </symbol>
      <symbol id="sm-20e">
         <name>DL_Timer_initPWMMode</name>
         <value>0x1909</value>
         <object_component_ref idref="oc-134"/>
      </symbol>
      <symbol id="sm-20f">
         <name>DL_Timer_setCaptureCompareAction</name>
         <value>0x2e3d</value>
         <object_component_ref idref="oc-16f"/>
      </symbol>
      <symbol id="sm-210">
         <name>DL_Timer_setCaptureCompareOutCtl</name>
         <value>0x2b99</value>
         <object_component_ref idref="oc-12d"/>
      </symbol>
      <symbol id="sm-211">
         <name>DL_Timer_setCaptCompUpdateMethod</name>
         <value>0x2e09</value>
         <object_component_ref idref="oc-12e"/>
      </symbol>
      <symbol id="sm-212">
         <name>DL_TimerA_initPWMMode</name>
         <value>0x1e1d</value>
         <object_component_ref idref="oc-12c"/>
      </symbol>
      <symbol id="sm-222">
         <name>DL_UART_init</name>
         <value>0x2989</value>
         <object_component_ref idref="oc-13e"/>
      </symbol>
      <symbol id="sm-223">
         <name>DL_UART_setClockConfig</name>
         <value>0x312d</value>
         <object_component_ref idref="oc-13d"/>
      </symbol>
      <symbol id="sm-224">
         <name>DL_UART_transmitDataBlocking</name>
         <value>0x30b5</value>
         <object_component_ref idref="oc-1b5"/>
      </symbol>
      <symbol id="sm-23b">
         <name>DL_SYSCTL_configSYSPLL</name>
         <value>0x1d31</value>
         <object_component_ref idref="oc-126"/>
      </symbol>
      <symbol id="sm-23c">
         <name>DL_SYSCTL_switchMCLKfromSYSOSCtoHSCLK</name>
         <value>0x293d</value>
         <object_component_ref idref="oc-128"/>
      </symbol>
      <symbol id="sm-24d">
         <name>printf</name>
         <value>0x2695</value>
         <object_component_ref idref="oc-ee"/>
      </symbol>
      <symbol id="sm-296">
         <name>__TI_printfi</name>
         <value>0xc1</value>
         <object_component_ref idref="oc-180"/>
      </symbol>
      <symbol id="sm-2a0">
         <name>frexp</name>
         <value>0x2639</value>
         <object_component_ref idref="oc-1d8"/>
      </symbol>
      <symbol id="sm-2a1">
         <name>frexpl</name>
         <value>0x2639</value>
         <object_component_ref idref="oc-1d8"/>
      </symbol>
      <symbol id="sm-2ab">
         <name>scalbn</name>
         <value>0x1fed</value>
         <object_component_ref idref="oc-1dc"/>
      </symbol>
      <symbol id="sm-2ac">
         <name>ldexp</name>
         <value>0x1fed</value>
         <object_component_ref idref="oc-1dc"/>
      </symbol>
      <symbol id="sm-2ad">
         <name>scalbnl</name>
         <value>0x1fed</value>
         <object_component_ref idref="oc-1dc"/>
      </symbol>
      <symbol id="sm-2ae">
         <name>ldexpl</name>
         <value>0x1fed</value>
         <object_component_ref idref="oc-1dc"/>
      </symbol>
      <symbol id="sm-2b9">
         <name>__aeabi_errno_addr</name>
         <value>0x38cd</value>
         <object_component_ref idref="oc-19b"/>
      </symbol>
      <symbol id="sm-2ba">
         <name>__aeabi_errno</name>
         <value>0x20200310</value>
         <object_component_ref idref="oc-1c6"/>
      </symbol>
      <symbol id="sm-2c3">
         <name>_nop</name>
         <value>0x25d3</value>
         <object_component_ref idref="oc-15f"/>
      </symbol>
      <symbol id="sm-2c4">
         <name>_lock</name>
         <value>0x20200314</value>
         <object_component_ref idref="oc-100"/>
      </symbol>
      <symbol id="sm-2c5">
         <name>_unlock</name>
         <value>0x20200318</value>
         <object_component_ref idref="oc-103"/>
      </symbol>
      <symbol id="sm-2ce">
         <name>__TI_ltoa</name>
         <value>0x26f1</value>
         <object_component_ref idref="oc-1e4"/>
      </symbol>
      <symbol id="sm-2d9">
         <name>atoi</name>
         <value>0x2cd9</value>
         <object_component_ref idref="oc-193"/>
      </symbol>
      <symbol id="sm-2de">
         <name>_ftable</name>
         <value>0x20200200</value>
         <object_component_ref idref="oc-159"/>
      </symbol>
      <symbol id="sm-2e7">
         <name>memccpy</name>
         <value>0x3199</value>
         <object_component_ref idref="oc-188"/>
      </symbol>
      <symbol id="sm-2f1">
         <name>strlen</name>
         <value>0x3875</value>
         <object_component_ref idref="oc-1b1"/>
      </symbol>
      <symbol id="sm-2fc">
         <name>_c_int00_noargs</name>
         <value>0x3105</value>
         <object_component_ref idref="oc-57"/>
      </symbol>
      <symbol id="sm-2fd">
         <name>__stack</name>
         <value>0x20207e00</value>
         <object_component_ref idref="oc-1a"/>
      </symbol>
      <symbol id="sm-309">
         <name>__TI_auto_init_nobinit_nopinit</name>
         <value>0x2d91</value>
         <object_component_ref idref="oc-ab"/>
      </symbol>
      <symbol id="sm-311">
         <name>_system_pre_init</name>
         <value>0x38f5</value>
         <object_component_ref idref="oc-6f"/>
      </symbol>
      <symbol id="sm-31c">
         <name>__TI_zero_init_nomemset</name>
         <value>0x3715</value>
         <object_component_ref idref="oc-4e"/>
      </symbol>
      <symbol id="sm-325">
         <name>__TI_decompress_none</name>
         <value>0x3817</value>
         <object_component_ref idref="oc-20"/>
      </symbol>
      <symbol id="sm-330">
         <name>__TI_decompress_lzss</name>
         <value>0x23b1</value>
         <object_component_ref idref="oc-1c"/>
      </symbol>
      <symbol id="sm-339">
         <name>wcslen</name>
         <value>0x3849</value>
         <object_component_ref idref="oc-197"/>
      </symbol>
      <symbol id="sm-33c">
         <name>__aeabi_ctype_table_</name>
         <value>0x3900</value>
         <object_component_ref idref="oc-1bf"/>
      </symbol>
      <symbol id="sm-33d">
         <name>__aeabi_ctype_table_C</name>
         <value>0x3900</value>
         <object_component_ref idref="oc-1bf"/>
      </symbol>
      <symbol id="sm-347">
         <name>abort</name>
         <value>0x38f9</value>
         <object_component_ref idref="oc-a4"/>
      </symbol>
      <symbol id="sm-348">
         <name>C$$EXIT</name>
         <value>0x38f8</value>
         <object_component_ref idref="oc-a4"/>
      </symbol>
      <symbol id="sm-359">
         <name>__aeabi_dadd</name>
         <value>0x139f</value>
         <object_component_ref idref="oc-ea"/>
      </symbol>
      <symbol id="sm-35a">
         <name>__adddf3</name>
         <value>0x139f</value>
         <object_component_ref idref="oc-ea"/>
      </symbol>
      <symbol id="sm-35b">
         <name>__aeabi_dsub</name>
         <value>0x1395</value>
         <object_component_ref idref="oc-ea"/>
      </symbol>
      <symbol id="sm-35c">
         <name>__subdf3</name>
         <value>0x1395</value>
         <object_component_ref idref="oc-ea"/>
      </symbol>
      <symbol id="sm-365">
         <name>__aeabi_dmul</name>
         <value>0x1f09</value>
         <object_component_ref idref="oc-e6"/>
      </symbol>
      <symbol id="sm-366">
         <name>__muldf3</name>
         <value>0x1f09</value>
         <object_component_ref idref="oc-e6"/>
      </symbol>
      <symbol id="sm-36c">
         <name>__muldsi3</name>
         <value>0x2dcd</value>
         <object_component_ref idref="oc-152"/>
      </symbol>
      <symbol id="sm-372">
         <name>__aeabi_ddiv</name>
         <value>0x1b25</value>
         <object_component_ref idref="oc-1ee"/>
      </symbol>
      <symbol id="sm-373">
         <name>__divdf3</name>
         <value>0x1b25</value>
         <object_component_ref idref="oc-1ee"/>
      </symbol>
      <symbol id="sm-379">
         <name>__aeabi_d2iz</name>
         <value>0x2b05</value>
         <object_component_ref idref="oc-1e0"/>
      </symbol>
      <symbol id="sm-37a">
         <name>__fixdfsi</name>
         <value>0x2b05</value>
         <object_component_ref idref="oc-1e0"/>
      </symbol>
      <symbol id="sm-380">
         <name>__aeabi_i2d</name>
         <value>0x2fc1</value>
         <object_component_ref idref="oc-e2"/>
      </symbol>
      <symbol id="sm-381">
         <name>__floatsidf</name>
         <value>0x2fc1</value>
         <object_component_ref idref="oc-e2"/>
      </symbol>
      <symbol id="sm-387">
         <name>__aeabi_lmul</name>
         <value>0x3151</value>
         <object_component_ref idref="oc-1a0"/>
      </symbol>
      <symbol id="sm-388">
         <name>__muldi3</name>
         <value>0x3151</value>
         <object_component_ref idref="oc-1a0"/>
      </symbol>
      <symbol id="sm-38e">
         <name>__aeabi_dcmpeq</name>
         <value>0x25d5</value>
         <object_component_ref idref="oc-1a9"/>
      </symbol>
      <symbol id="sm-38f">
         <name>__aeabi_dcmplt</name>
         <value>0x25e9</value>
         <object_component_ref idref="oc-1a9"/>
      </symbol>
      <symbol id="sm-390">
         <name>__aeabi_dcmple</name>
         <value>0x25fd</value>
         <object_component_ref idref="oc-1a9"/>
      </symbol>
      <symbol id="sm-391">
         <name>__aeabi_dcmpge</name>
         <value>0x2611</value>
         <object_component_ref idref="oc-1a9"/>
      </symbol>
      <symbol id="sm-392">
         <name>__aeabi_dcmpgt</name>
         <value>0x2625</value>
         <object_component_ref idref="oc-1a9"/>
      </symbol>
      <symbol id="sm-398">
         <name>__aeabi_idiv</name>
         <value>0x27f9</value>
         <object_component_ref idref="oc-20a"/>
      </symbol>
      <symbol id="sm-399">
         <name>__aeabi_idivmod</name>
         <value>0x27f9</value>
         <object_component_ref idref="oc-20a"/>
      </symbol>
      <symbol id="sm-39f">
         <name>__aeabi_memcpy</name>
         <value>0x38d5</value>
         <object_component_ref idref="oc-47"/>
      </symbol>
      <symbol id="sm-3a0">
         <name>__aeabi_memcpy4</name>
         <value>0x38d5</value>
         <object_component_ref idref="oc-47"/>
      </symbol>
      <symbol id="sm-3a1">
         <name>__aeabi_memcpy8</name>
         <value>0x38d5</value>
         <object_component_ref idref="oc-47"/>
      </symbol>
      <symbol id="sm-3a8">
         <name>__aeabi_memset</name>
         <value>0x3859</value>
         <object_component_ref idref="oc-187"/>
      </symbol>
      <symbol id="sm-3a9">
         <name>__aeabi_memset4</name>
         <value>0x3859</value>
         <object_component_ref idref="oc-187"/>
      </symbol>
      <symbol id="sm-3aa">
         <name>__aeabi_memset8</name>
         <value>0x3859</value>
         <object_component_ref idref="oc-187"/>
      </symbol>
      <symbol id="sm-3b0">
         <name>__aeabi_uidiv</name>
         <value>0x2c99</value>
         <object_component_ref idref="oc-18d"/>
      </symbol>
      <symbol id="sm-3b1">
         <name>__aeabi_uidivmod</name>
         <value>0x2c99</value>
         <object_component_ref idref="oc-18d"/>
      </symbol>
      <symbol id="sm-3b7">
         <name>__aeabi_uldivmod</name>
         <value>0x37b9</value>
         <object_component_ref idref="oc-1a5"/>
      </symbol>
      <symbol id="sm-3bd">
         <name>__udivmoddi4</name>
         <value>0x2175</value>
         <object_component_ref idref="oc-1cb"/>
      </symbol>
      <symbol id="sm-3c3">
         <name>__aeabi_llsl</name>
         <value>0x32b9</value>
         <object_component_ref idref="oc-1fc"/>
      </symbol>
      <symbol id="sm-3c4">
         <name>__ashldi3</name>
         <value>0x32b9</value>
         <object_component_ref idref="oc-1fc"/>
      </symbol>
      <symbol id="sm-3d2">
         <name>__ledf2</name>
         <value>0x2499</value>
         <object_component_ref idref="oc-1d0"/>
      </symbol>
      <symbol id="sm-3d3">
         <name>__gedf2</name>
         <value>0x2429</value>
         <object_component_ref idref="oc-1d6"/>
      </symbol>
      <symbol id="sm-3d4">
         <name>__cmpdf2</name>
         <value>0x2499</value>
         <object_component_ref idref="oc-1d0"/>
      </symbol>
      <symbol id="sm-3d5">
         <name>__eqdf2</name>
         <value>0x2499</value>
         <object_component_ref idref="oc-1d0"/>
      </symbol>
      <symbol id="sm-3d6">
         <name>__ltdf2</name>
         <value>0x2499</value>
         <object_component_ref idref="oc-1d0"/>
      </symbol>
      <symbol id="sm-3d7">
         <name>__nedf2</name>
         <value>0x2499</value>
         <object_component_ref idref="oc-1d0"/>
      </symbol>
      <symbol id="sm-3d8">
         <name>__gtdf2</name>
         <value>0x2429</value>
         <object_component_ref idref="oc-1d6"/>
      </symbol>
      <symbol id="sm-3e4">
         <name>__aeabi_idiv0</name>
         <value>0x1527</value>
         <object_component_ref idref="oc-1b9"/>
      </symbol>
      <symbol id="sm-3e5">
         <name>__aeabi_ldiv0</name>
         <value>0x2217</value>
         <object_component_ref idref="oc-1fb"/>
      </symbol>
      <symbol id="sm-3ee">
         <name>TI_memcpy_small</name>
         <value>0x3805</value>
         <object_component_ref idref="oc-8d"/>
      </symbol>
      <symbol id="sm-3f7">
         <name>TI_memset_small</name>
         <value>0x3883</value>
         <object_component_ref idref="oc-be"/>
      </symbol>
      <symbol id="sm-3f8">
         <name>__TI_static_base__</name>
         <value>0x0</value>
      </symbol>
      <symbol id="sm-3fc">
         <name>__mpu_init</name>
         <value>0x0</value>
      </symbol>
      <symbol id="sm-3fd">
         <name>_system_post_cinit</name>
         <value>0x0</value>
      </symbol>
   </symbol_table>
   <title>Link successful</title>
</link_info>
