******************************************************************************
            TI ARM Clang Linker PC v3.2.2                      
******************************************************************************
>> Linked Tue Jul 30 08:54:36 2024

OUTPUT FILE NAME:   <WheelCar_3507.out>
ENTRY POINT SYMBOL: "_c_int00_noargs"  address: 00003105


MEMORY CONFIGURATION

         name            origin    length      used     unused   attr    fill
----------------------  --------  ---------  --------  --------  ----  --------
  FLASH                 00000000   00020000  00003b18  0001c4e8  R  X
  SRAM                  20200000   00008000  0000072f  000078d1  RW X
  BCR_CONFIG            41c00000   00000080  00000000  00000080  R   
  BSL_CONFIG            41c00100   00000080  00000000  00000080  R   


SEGMENT ALLOCATION MAP

run origin  load origin   length   init length attrs members
----------  ----------- ---------- ----------- ----- -------
00000000    00000000    00003b18   00003b18    r-x
  00000000    00000000    000000c0   000000c0    r-- .intvecs
  000000c0    000000c0    00003840   00003840    r-x .text
  00003900    00003900    000001c0   000001c0    r-- .rodata
  00003ac0    00003ac0    00000058   00000058    r-- .cinit
20200000    20200000    00000531   00000000    rw-
  20200000    20200000    0000031e   00000000    rw- .data
  20200320    20200320    00000211   00000000    rw- .bss
20207e00    20207e00    00000200   00000000    rw-
  20207e00    20207e00    00000200   00000000    rw- .stack


SECTION ALLOCATION MAP

 output                                  attributes/
section   page    origin      length       input sections
--------  ----  ----------  ----------   ----------------
.intvecs   0    00000000    000000c0     
                  00000000    000000c0     startup_mspm0g350x_ticlang.o (.intvecs)

.text      0    000000c0    00003840     
                  000000c0    00000a00     libc.a : _printfi.c.obj (.text:__TI_printfi)
                  00000ac0    000002a0     CCD.o (.text.Find_CCD_Median)
                  00000d60    00000238     main.o (.text.Encodering)
                  00000f98    00000220     libc.a : _printfi.c.obj (.text._pconv_a)
                  000011b8    000001dc            : _printfi.c.obj (.text._pconv_g)
                  00001394    00000192     libclang_rt.builtins.a : adddf3.S.obj (.text.adddf3_subdf3)
                  00001526    00000002                            : aeabi_div0.c.obj (.text.__aeabi_idiv0)
                  00001528    00000184     ti_msp_dl_config.o (.text.SYSCFG_DL_GPIO_init)
                  000016ac    0000013c     libc.a : _printfi.c.obj (.text.fcvt)
                  000017e8    00000120            : _printfi.c.obj (.text._pconv_e)
                  00001908    00000110     driverlib.a : dl_timer.o (.text.DL_Timer_initPWMMode)
                  00001a18    0000010c     CCD.o (.text.RD_TSL)
                  00001b24    0000010c     libclang_rt.builtins.a : divdf3.S.obj (.text.__divdf3)
                  00001c30    00000100     driverlib.a : dl_timer.o (.text.DL_Timer_initTimerMode)
                  00001d30    000000ec                 : dl_sysctl_mspm0g1x0x_g3x0x.o (.text.DL_SYSCTL_configSYSPLL)
                  00001e1c    000000ec                 : dl_timer.o (.text.DL_TimerA_initPWMMode)
                  00001f08    000000e4     libclang_rt.builtins.a : muldf3.S.obj (.text.__muldf3)
                  00001fec    000000d8     libc.a : s_scalbn.c.obj (.text.scalbn)
                  000020c4    000000b0     ti_msp_dl_config.o (.text.SYSCFG_DL_initPower)
                  00002174    000000a2     libclang_rt.builtins.a : udivmoddi4.S.obj (.text)
                  00002216    00000002                            : aeabi_div0.c.obj (.text.__aeabi_ldiv0)
                  00002218    0000008c     ti_msp_dl_config.o (.text.SYSCFG_DL_PWM_1_init)
                  000022a4    00000088     ti_msp_dl_config.o (.text.SYSCFG_DL_PWM_0_init)
                  0000232c    00000084     ti_msp_dl_config.o (.text.__NVIC_SetPriority)
                  000023b0    00000078     libc.a : copy_decompress_lzss.c.obj (.text:decompress:lzss)
                  00002428    00000070     libclang_rt.builtins.a : comparedf2.c.obj (.text.__gedf2)
                  00002498    0000006c                            : comparedf2.c.obj (.text.__ledf2)
                  00002504    00000068     ti_msp_dl_config.o (.text.SYSCFG_DL_ADC12_0_init)
                  0000256c    00000066     libc.a : _printfi.c.obj (.text._mcpy)
                  000025d2    00000002            : _lock.c.obj (.text._nop)
                  000025d4    00000062     libclang_rt.builtins.a : aeabi_dcmp.S.obj (.text.__aeabi_dcmp)
                  00002636    00000002     --HOLE-- [fill = 0]
                  00002638    0000005c     libc.a : s_frexp.c.obj (.text.frexp)
                  00002694    0000005c            : printf.c.obj (.text.printf)
                  000026f0    00000058            : _ltoa.c.obj (.text.__TI_ltoa)
                  00002748    00000058            : _printfi.c.obj (.text._pconv_f)
                  000027a0    00000058     main.o (.text.main)
                  000027f8    00000056     libclang_rt.builtins.a : aeabi_idivmod.S.obj (.text.__aeabi_idivmod)
                  0000284e    00000052     libc.a : _printfi.c.obj (.text._ecpy)
                  000028a0    00000050     sys.o (.text.fputs)
                  000028f0    0000004c     driverlib.a : dl_adc12.o (.text.DL_ADC12_setClockConfig)
                  0000293c    0000004c                 : dl_sysctl_mspm0g1x0x_g3x0x.o (.text.DL_SYSCTL_switchMCLKfromSYSOSCtoHSCLK)
                  00002988    0000004c                 : dl_uart.o (.text.DL_UART_init)
                  000029d4    0000004c     ti_msp_dl_config.o (.text.DL_UART_setBaudRateDivisor)
                  00002a20    0000004c     main.o (.text.Read_Encoder)
                  00002a6c    0000004c     ti_msp_dl_config.o (.text.SYSCFG_DL_init)
                  00002ab8    0000004a     ti_msp_dl_config.o (.text.DL_ADC12_configConversionMem)
                  00002b02    00000002     --HOLE-- [fill = 0]
                  00002b04    0000004a     libclang_rt.builtins.a : fixdfsi.S.obj (.text.__fixdfsi)
                  00002b4e    00000002     --HOLE-- [fill = 0]
                  00002b50    00000048     ti_msp_dl_config.o (.text.SYSCFG_DL_SYSCTL_init)
                  00002b98    00000040     driverlib.a : dl_timer.o (.text.DL_Timer_setCaptureCompareOutCtl)
                  00002bd8    00000040     ti_msp_dl_config.o (.text.SYSCFG_DL_TIMER_Encoder_Read_init)
                  00002c18    00000040     ti_msp_dl_config.o (.text.SYSCFG_DL_UART_0_init)
                  00002c58    00000040     ti_msp_dl_config.o (.text.SYSCFG_DL_UART_1_init)
                  00002c98    00000040     libclang_rt.builtins.a : aeabi_uidivmod.S.obj (.text.__aeabi_uidivmod)
                  00002cd8    00000040     libc.a : atoi.c.obj (.text.atoi)
                  00002d18    0000003c     driverlib.a : dl_timer.o (.text.DL_Timer_setCaptureCompareCtl)
                  00002d54    0000003c     ti_msp_dl_config.o (.text.SYSCFG_DL_TIMER_0_init)
                  00002d90    0000003c     libc.a : autoinit.c.obj (.text:__TI_auto_init_nobinit_nopinit)
                  00002dcc    0000003a     libclang_rt.builtins.a : muldsi3.S.obj (.text.__muldsi3)
                  00002e06    00000002     --HOLE-- [fill = 0]
                  00002e08    00000034     driverlib.a : dl_timer.o (.text.DL_Timer_setCaptCompUpdateMethod)
                  00002e3c    00000034                 : dl_timer.o (.text.DL_Timer_setCaptureCompareAction)
                  00002e70    00000034                 : dl_timer.o (.text.DL_Timer_setCaptureCompareInput)
                  00002ea4    00000034                 : dl_timer.o (.text.DL_Timer_setClockConfig)
                  00002ed8    00000030     CCD.o (.text.DL_ADC12_getMemResult)
                  00002f08    00000030     ti_msp_dl_config.o (.text.DL_GPIO_initDigitalOutputFeatures)
                  00002f38    00000030     libc.a : _printfi.c.obj (.text._fcpy)
                  00002f68    0000002c     driverlib.a : dl_timer.o (.text.DL_Timer_setCaptureCompareValue)
                  00002f94    0000002c     main.o (.text.__NVIC_EnableIRQ)
                  00002fc0    0000002c     libclang_rt.builtins.a : floatsidf.S.obj (.text.__floatsidf)
                  00002fec    00000028     driverlib.a : dl_adc12.o (.text.DL_Common_updateReg)
                  00003014    00000028                 : dl_sysctl_mspm0g1x0x_g3x0x.o (.text.DL_Common_updateReg)
                  0000303c    00000028                 : dl_timer.o (.text.DL_Common_updateReg)
                  00003064    00000028                 : dl_uart.o (.text.DL_Common_updateReg)
                  0000308c    00000028     ti_msp_dl_config.o (.text.DL_Common_updateReg)
                  000030b4    00000028     driverlib.a : dl_uart.o (.text.DL_UART_transmitDataBlocking)
                  000030dc    00000028     main.o (.text.TIMA1_IRQHandler)
                  00003104    00000028     libc.a : boot_cortex_m.c.obj (.text:_c_int00_noargs)
                  0000312c    00000024     driverlib.a : dl_uart.o (.text.DL_UART_setClockConfig)
                  00003150    00000024     libclang_rt.builtins.a : muldi3.S.obj (.text.__muldi3)
                  00003174    00000024     sys.o (.text.myabs)
                  00003198    00000022     libc.a : memccpy.c.obj (.text.memccpy)
                  000031ba    00000002     --HOLE-- [fill = 0]
                  000031bc    00000020     main.o (.text.ADC0_IRQHandler)
                  000031dc    00000020     driverlib.a : dl_sysctl_mspm0g1x0x_g3x0x.o (.text.DL_CORE_configInstruction)
                  000031fc    00000020     ti_msp_dl_config.o (.text.DL_GPIO_initPeripheralInputFunction)
                  0000321c    00000020     ti_msp_dl_config.o (.text.DL_SYSCTL_setFlashWaitState)
                  0000323c    00000020     driverlib.a : dl_timer.o (.text.DL_Timer_setCounterValueAfterEnable)
                  0000325c    00000020     sys.o (.text.delay_us)
                  0000327c    0000001e     ti_msp_dl_config.o (.text.DL_ADC12_setPowerDownMode)
                  0000329a    0000001e     ti_msp_dl_config.o (.text.DL_UART_setOversampling)
                  000032b8    0000001e     libclang_rt.builtins.a : ashldi3.S.obj (.text.__ashldi3)
                  000032d6    00000002     --HOLE-- [fill = 0]
                  000032d8    0000001c     ti_msp_dl_config.o (.text.DL_ADC12_clearInterruptStatus)
                  000032f4    0000001c     ti_msp_dl_config.o (.text.DL_ADC12_enableInterrupt)
                  00003310    0000001c     CCD.o (.text.DL_ADC12_startConversion)
                  0000332c    0000001c     main.o (.text.DL_GPIO_clearInterruptStatus)
                  00003348    0000001c     ti_msp_dl_config.o (.text.DL_GPIO_clearInterruptStatus)
                  00003364    0000001c     ti_msp_dl_config.o (.text.DL_GPIO_enableInterrupt)
                  00003380    0000001c     ti_msp_dl_config.o (.text.DL_GPIO_initDigitalInput)
                  0000339c    0000001c     ti_msp_dl_config.o (.text.DL_GPIO_initPeripheralOutputFunction)
                  000033b8    0000001c     ti_msp_dl_config.o (.text.DL_GPIO_setLowerPinsInputFilter)
                  000033d4    0000001c     ti_msp_dl_config.o (.text.DL_GPIO_setLowerPinsPolarity)
                  000033f0    0000001c     ti_msp_dl_config.o (.text.DL_GPIO_setUpperPinsInputFilter)
                  0000340c    0000001c     ti_msp_dl_config.o (.text.DL_SYSCTL_setSYSOSCFreq)
                  00003428    0000001c     ti_msp_dl_config.o (.text.DL_SYSCTL_setULPCLKDivider)
                  00003444    0000001c     ti_msp_dl_config.o (.text.DL_Timer_enableInterrupt)
                  00003460    0000001c     main.o (.text.TIMG0_IRQHandler)
                  0000347c    0000001c     sys.o (.text.fputc)
                  00003498    00000018     ti_msp_dl_config.o (.text.DL_ADC12_enablePower)
                  000034b0    00000018     ti_msp_dl_config.o (.text.DL_ADC12_reset)
                  000034c8    00000018     ti_msp_dl_config.o (.text.DL_ADC12_setSampleTime0)
                  000034e0    00000018     ti_msp_dl_config.o (.text.DL_ADC12_setSampleTime1)
                  000034f8    00000018     ti_msp_dl_config.o (.text.DL_GPIO_enableOutput)
                  00003510    00000018     ti_msp_dl_config.o (.text.DL_GPIO_enablePower)
                  00003528    00000018     main.o (.text.DL_GPIO_getEnabledInterruptStatus)
                  00003540    00000018     ti_msp_dl_config.o (.text.DL_GPIO_initDigitalOutput)
                  00003558    00000018     ti_msp_dl_config.o (.text.DL_GPIO_reset)
                  00003570    00000018     CCD.o (.text.DL_GPIO_setPins)
                  00003588    00000018     ti_msp_dl_config.o (.text.DL_GPIO_setUpperPinsPolarity)
                  000035a0    00000018     main.o (.text.DL_GPIO_togglePins)
                  000035b8    00000018     ti_msp_dl_config.o (.text.DL_SYSCTL_setBORThreshold)
                  000035d0    00000018     driverlib.a : dl_sysctl_mspm0g1x0x_g3x0x.o (.text.DL_SYSCTL_setHSCLKSource)
                  000035e8    00000018     ti_msp_dl_config.o (.text.DL_Timer_enablePower)
                  00003600    00000018     ti_msp_dl_config.o (.text.DL_Timer_reset)
                  00003618    00000018     driverlib.a : dl_timer.o (.text.DL_Timer_setLoadValue)
                  00003630    00000018     main.o (.text.DL_Timer_startCounter)
                  00003648    00000018     ti_msp_dl_config.o (.text.DL_UART_enablePower)
                  00003660    00000018     driverlib.a : dl_uart.o (.text.DL_UART_isTXFIFOFull)
                  00003678    00000018     ti_msp_dl_config.o (.text.DL_UART_reset)
                  00003690    00000016     CCD.o (.text.DL_ADC12_enableConversions)
                  000036a6    00000016     ti_msp_dl_config.o (.text.DL_ADC12_enableConversions)
                  000036bc    00000016     main.o (.text.DL_GPIO_readPins)
                  000036d2    00000016     driverlib.a : dl_uart.o (.text.DL_UART_disable)
                  000036e8    00000016     ti_msp_dl_config.o (.text.DL_UART_enable)
                  000036fe    00000016     driverlib.a : dl_uart.o (.text.DL_UART_transmitData)
                  00003714    00000016     libc.a : copy_zero_init.c.obj (.text:decompress:ZI:__TI_zero_init_nomemset)
                  0000372a    00000014     driverlib.a : dl_common.o (.text.DL_Common_delayCycles)
                  0000373e    00000014     CCD.o (.text.DL_GPIO_clearPins)
                  00003752    00000014     ti_msp_dl_config.o (.text.DL_GPIO_clearPins)
                  00003766    00000002     --HOLE-- [fill = 0]
                  00003768    00000014     driverlib.a : dl_sysctl_mspm0g1x0x_g3x0x.o (.text.DL_SYSCTL_disableSYSPLL)
                  0000377c    00000014     ti_msp_dl_config.o (.text.DL_SYSCTL_disableSYSPLL)
                  00003790    00000014     ti_msp_dl_config.o (.text.DL_Timer_enableClock)
                  000037a4    00000014     ti_msp_dl_config.o (.text.DL_Timer_setCCPDirection)
                  000037b8    00000014     libclang_rt.builtins.a : aeabi_uldivmod.S.obj (.text.__aeabi_uldivmod)
                  000037cc    00000014     libc.a : _printfi.c.obj (.text.strchr)
                  000037e0    00000012     main.o (.text.DL_ADC12_getPendingInterrupt)
                  000037f2    00000012     main.o (.text.DL_Timer_getPendingInterrupt)
                  00003804    00000012     libc.a : memcpy16.S.obj (.text:TI_memcpy_small)
                  00003816    00000012            : copy_decompress_none.c.obj (.text:decompress:none)
                  00003828    00000010     driverlib.a : dl_sysctl_mspm0g1x0x_g3x0x.o (.text.DL_CORE_getInstructionConfig)
                  00003838    00000010     ti_msp_dl_config.o (.text.DL_SYSCTL_disableHFXT)
                  00003848    00000010     libc.a : wcslen.c.obj (.text.wcslen)
                  00003858    0000000e     libclang_rt.builtins.a : aeabi_memset.S.obj (.text.__aeabi_memset)
                  00003866    0000000e     libc.a : _printfi.c.obj (.text.strlen)
                  00003874    0000000e            : strlen.c.obj (.text.strlen)
                  00003882    0000000e            : memset16.S.obj (.text:TI_memset_small)
                  00003890    0000000c     driverlib.a : dl_sysctl_mspm0g1x0x_g3x0x.o (.text.DL_SYSCTL_getClockStatus)
                  0000389c    0000000a     libc.a : _printfi.c.obj (.text.OUTLINED_FUNCTION_0)
                  000038a6    00000002     --HOLE-- [fill = 0]
                  000038a8    00000010     libclang_rt.builtins.a : adddf3.S.obj (.tramp.__aeabi_dsub.1)
                  000038b8    0000000a     libc.a : _printfi.c.obj (.text.OUTLINED_FUNCTION_1)
                  000038c2    00000008     main.o (.text.GROUP1_IRQHandler)
                  000038ca    00000002     --HOLE-- [fill = 0]
                  000038cc    00000008     libc.a : aeabi_portable.c.obj (.text.__aeabi_errno_addr)
                  000038d4    00000008     libclang_rt.builtins.a : aeabi_memcpy.S.obj (.text.__aeabi_memcpy)
                  000038dc    00000008     libc.a : printf.c.obj (.text._outc)
                  000038e4    00000008            : printf.c.obj (.text._outs)
                  000038ec    00000004     startup_mspm0g350x_ticlang.o (.text.Default_Handler)
                  000038f0    00000004     startup_mspm0g350x_ticlang.o (.text.Reset_Handler)
                  000038f4    00000004     libc.a : pre_init.c.obj (.text._system_pre_init)
                  000038f8    00000004            : exit.c.obj (.text:abort)
                  000038fc    00000004     --HOLE-- [fill = 0]

.cinit     0    00003ac0    00000058     
                  00003ac0    0000002e     (.cinit..data.load) [load image, compression = lzss]
                  00003aee    00000002     --HOLE-- [fill = 0]
                  00003af0    0000000c     (__TI_handler_table)
                  00003afc    00000008     (.cinit..bss.load) [load image, compression = zero_init]
                  00003b04    00000010     (__TI_cinit_table)
                  00003b14    00000004     --HOLE-- [fill = 0]

.rodata    0    00003900    000001c0     
                  00003900    00000101     libc.a : aeabi_ctype.S.obj (.rodata:__aeabi_ctype_table_)
                  00003a01    00000003     ti_msp_dl_config.o (.rodata.gPWM_0ClockConfig)
                  00003a04    00000028     ti_msp_dl_config.o (.rodata.gSYSPLLConfig)
                  00003a2c    00000014     ti_msp_dl_config.o (.rodata.gTIMER_0TimerConfig)
                  00003a40    00000014     ti_msp_dl_config.o (.rodata.gTIMER_Encoder_ReadTimerConfig)
                  00003a54    00000011     libc.a : _printfi.c.obj (.rodata.str1.11645776875810915891)
                  00003a65    00000011            : _printfi.c.obj (.rodata.str1.44690500295887128011)
                  00003a76    0000000a     ti_msp_dl_config.o (.rodata.gUART_0Config)
                  00003a80    0000000a     ti_msp_dl_config.o (.rodata.gUART_1Config)
                  00003a8a    0000000a     CCD.o (.rodata.str1.47842689612386858111)
                  00003a94    00000008     ti_msp_dl_config.o (.rodata.gADC12_0ClockConfig)
                  00003a9c    00000008     ti_msp_dl_config.o (.rodata.gPWM_0Config)
                  00003aa4    00000008     ti_msp_dl_config.o (.rodata.gPWM_1Config)
                  00003aac    00000003     ti_msp_dl_config.o (.rodata.gPWM_1ClockConfig)
                  00003aaf    00000003     ti_msp_dl_config.o (.rodata.gTIMER_0ClockConfig)
                  00003ab2    00000003     ti_msp_dl_config.o (.rodata.gTIMER_Encoder_ReadClockConfig)
                  00003ab5    00000002     ti_msp_dl_config.o (.rodata.gUART_0ClockConfig)
                  00003ab7    00000002     ti_msp_dl_config.o (.rodata.gUART_1ClockConfig)
                  00003ab9    00000007     --HOLE-- [fill = 0]

.init_array 
*          0    00000000    00000000     UNINITIALIZED

.binit     0    00000000    00000000     

.data      0    20200000    0000031e     UNINITIALIZED
                  20200000    00000200     CCD.o (.data.ADV)
                  20200200    000000f0     libc.a : defs.c.obj (.data._ftable)
                  202002f0    00000004     main.o (.data.EncoderA_CNT)
                  202002f4    00000004     main.o (.data.EncoderA_VEL)
                  202002f8    00000004     main.o (.data.EncoderB_CNT)
                  202002fc    00000004     main.o (.data.EncoderB_VEL)
                  20200300    00000004     main.o (.data.EncoderC_CNT)
                  20200304    00000004     main.o (.data.EncoderC_VEL)
                  20200308    00000004     main.o (.data.EncoderD_CNT)
                  2020030c    00000004     main.o (.data.EncoderD_VEL)
                  20200310    00000004     libc.a : aeabi_portable.c.obj (.data.__aeabi_errno)
                  20200314    00000004            : _lock.c.obj (.data._lock)
                  20200318    00000004            : _lock.c.obj (.data._unlock)
                  2020031c    00000001     CCD.o (.data.CCD_Zhongzhi)
                  2020031d    00000001     CCD.o (.data.Last_CCD_Zhongzhi)

.bss       0    20200320    00000211     UNINITIALIZED
                  20200320    000000bc     (.common:gPWM_0Backup)
                  202003dc    000000bc     (.common:gTIMER_0Backup)
                  20200498    00000078     (.common:gPWM_1Backup)
                  20200510    00000004     (.common:EncoderA_Port)
                  20200514    00000004     (.common:EncoderB_Port)
                  20200518    00000004     (.common:EncoderC_Port)
                  2020051c    00000004     (.common:EncoderD_Port)
                  20200520    00000002     CCD.o (.bss.Find_CCD_Median.CCD_Threshold)
                  20200522    00000002     CCD.o (.bss.Find_CCD_Median.i)
                  20200524    00000002     CCD.o (.bss.Find_CCD_Median.j)
                  20200526    00000002     (.common:ADC_Val)
                  20200528    00000002     (.common:Left)
                  2020052a    00000002     (.common:Right)
                  2020052c    00000002     (.common:value1_max)
                  2020052e    00000002     (.common:value1_min)
                  20200530    00000001     (.common:ADC_Flag)

.stack     0    20207e00    00000200     UNINITIALIZED
                  20207e00    00000004     libc.a : boot_cortex_m.c.obj (.stack)
                  20207e04    000001fc     --HOLE--

__llvm_prf_cnts 
*          0    20200000    00000000     UNINITIALIZED

__llvm_prf_bits 
*          0    20200000    00000000     UNINITIALIZED

MODULE SUMMARY

       Module                         code    ro data   rw data
       ------                         ----    -------   -------
    .\
       ti_msp_dl_config.o             2650    140       496    
       main.o                         1042    0         51     
       startup_mspm0g350x_ticlang.o   8       192       0      
    +--+------------------------------+-------+---------+---------+
       Total:                         3700    332       547    
                                                               
    .\CCD\
       CCD.o                          1082    10        528    
    +--+------------------------------+-------+---------+---------+
       Total:                         1082    10        528    
                                                               
    .\sys\
       sys.o                          176     0         0      
    +--+------------------------------+-------+---------+---------+
       Total:                         176     0         0      
                                                               
    C:/ti/mspm0_sdk_2_01_00_03/source/ti/driverlib/lib/ticlang/m0p/mspm0g1x0x_g3x0x/driverlib.a
       dl_timer.o                     1236    0         0      
       dl_sysctl_mspm0g1x0x_g3x0x.o   456     0         0      
       dl_uart.o                      260     0         0      
       dl_adc12.o                     116     0         0      
       dl_common.o                    20      0         0      
    +--+------------------------------+-------+---------+---------+
       Total:                         2088    0         0      
                                                               
    C:\ti\ccstheia141\ccs\tools\compiler\ti-cgt-armllvm_3.2.2.LTS\lib\armv6m-ti-none-eabi/c/libc.a
       _printfi.c.obj                 4558    34        0      
       aeabi_ctype.S.obj              0       257       0      
       defs.c.obj                     0       0         240    
       s_scalbn.c.obj                 216     0         0      
       copy_decompress_lzss.c.obj     120     0         0      
       printf.c.obj                   108     0         0      
       s_frexp.c.obj                  92      0         0      
       _ltoa.c.obj                    88      0         0      
       atoi.c.obj                     64      0         0      
       autoinit.c.obj                 60      0         0      
       boot_cortex_m.c.obj            40      0         0      
       memccpy.c.obj                  34      0         0      
       copy_zero_init.c.obj           22      0         0      
       copy_decompress_none.c.obj     18      0         0      
       memcpy16.S.obj                 18      0         0      
       wcslen.c.obj                   16      0         0      
       memset16.S.obj                 14      0         0      
       strlen.c.obj                   14      0         0      
       aeabi_portable.c.obj           8       0         4      
       _lock.c.obj                    2       0         8      
       exit.c.obj                     4       0         0      
       pre_init.c.obj                 4       0         0      
    +--+------------------------------+-------+---------+---------+
       Total:                         5500    291       252    
                                                               
    C:\ti\ccstheia141\ccs\tools\compiler\ti-cgt-armllvm_3.2.2.LTS\lib\clang/15.0.7/lib/armv6m-ti-none-eabi/libclang_rt.builtins.a
       adddf3.S.obj                   418     0         0      
       divdf3.S.obj                   268     0         0      
       muldf3.S.obj                   228     0         0      
       comparedf2.c.obj               220     0         0      
       udivmoddi4.S.obj               162     0         0      
       aeabi_dcmp.S.obj               98      0         0      
       aeabi_idivmod.S.obj            86      0         0      
       fixdfsi.S.obj                  74      0         0      
       aeabi_uidivmod.S.obj           64      0         0      
       muldsi3.S.obj                  58      0         0      
       floatsidf.S.obj                44      0         0      
       muldi3.S.obj                   36      0         0      
       ashldi3.S.obj                  30      0         0      
       aeabi_uldivmod.S.obj           20      0         0      
       aeabi_memset.S.obj             14      0         0      
       aeabi_memcpy.S.obj             8       0         0      
       aeabi_div0.c.obj               4       0         0      
    +--+------------------------------+-------+---------+---------+
       Total:                         1832    0         0      
                                                               
       Stack:                         0       0         512    
       Linker Generated:              0       82        0      
    +--+------------------------------+-------+---------+---------+
       Grand Total:                   14378   715       1839   


LINKER GENERATED COPY TABLES

__TI_cinit_table @ 00003b04 records: 2, size/record: 8, table size: 16
	.data: load addr=00003ac0, load size=0000002e bytes, run addr=20200000, run size=0000031e bytes, compression=lzss
	.bss: load addr=00003afc, load size=00000008 bytes, run addr=20200320, run size=00000211 bytes, compression=zero_init


LINKER GENERATED HANDLER TABLE

__TI_handler_table @ 00003af0 records: 3, size/record: 4, table size: 12
	index: 0, handler: __TI_decompress_lzss
	index: 1, handler: __TI_decompress_none
	index: 2, handler: __TI_zero_init


FAR CALL TRAMPOLINES

callee name               trampoline name
   callee addr  tramp addr   call addr  call info
--------------  -----------  ---------  ----------------
__aeabi_dsub              $Tramp$TT$L$PI$$__aeabi_dsub
   00001395     000038a8     000038a4   libc.a : _printfi.c.obj (.text.OUTLINED_FUNCTION_0)

[1 trampolines]
[1 trampoline calls]


GLOBAL SYMBOLS: SORTED ALPHABETICALLY BY Name 

address   name                                 
-------   ----                                 
000031bd  ADC0_IRQHandler                      
000038ed  ADC1_IRQHandler                      
20200530  ADC_Flag                             
20200526  ADC_Val                              
20200000  ADV                                  
000038ed  AES_IRQHandler                       
000038f8  C$$EXIT                              
000038ed  CANFD0_IRQHandler                    
2020031c  CCD_Zhongzhi                         
000038ed  DAC0_IRQHandler                      
000028f1  DL_ADC12_setClockConfig              
0000372b  DL_Common_delayCycles                
00001d31  DL_SYSCTL_configSYSPLL               
0000293d  DL_SYSCTL_switchMCLKfromSYSOSCtoHSCLK
00001e1d  DL_TimerA_initPWMMode                
00001909  DL_Timer_initPWMMode                 
00001c31  DL_Timer_initTimerMode               
00002e09  DL_Timer_setCaptCompUpdateMethod     
00002e3d  DL_Timer_setCaptureCompareAction     
00002d19  DL_Timer_setCaptureCompareCtl        
00002e71  DL_Timer_setCaptureCompareInput      
00002b99  DL_Timer_setCaptureCompareOutCtl     
00002f69  DL_Timer_setCaptureCompareValue      
00002ea5  DL_Timer_setClockConfig              
00002989  DL_UART_init                         
0000312d  DL_UART_setClockConfig               
000030b5  DL_UART_transmitDataBlocking         
000038ed  DMA_IRQHandler                       
000038ed  Default_Handler                      
202002f0  EncoderA_CNT                         
20200510  EncoderA_Port                        
202002f4  EncoderA_VEL                         
202002f8  EncoderB_CNT                         
20200514  EncoderB_Port                        
202002fc  EncoderB_VEL                         
20200300  EncoderC_CNT                         
20200518  EncoderC_Port                        
20200304  EncoderC_VEL                         
20200308  EncoderD_CNT                         
2020051c  EncoderD_Port                        
2020030c  EncoderD_VEL                         
00000d61  Encodering                           
00000ac1  Find_CCD_Median                      
000038ed  GROUP0_IRQHandler                    
000038c3  GROUP1_IRQHandler                    
000038ed  HardFault_Handler                    
000038ed  I2C0_IRQHandler                      
000038ed  I2C1_IRQHandler                      
2020031d  Last_CCD_Zhongzhi                    
20200528  Left                                 
000038ed  NMI_Handler                          
000038ed  PendSV_Handler                       
00001a19  RD_TSL                               
000038ed  RTC_IRQHandler                       
00002a21  Read_Encoder                         
000038f1  Reset_Handler                        
2020052a  Right                                
000038ed  SPI0_IRQHandler                      
000038ed  SPI1_IRQHandler                      
000038ed  SVC_Handler                          
00002505  SYSCFG_DL_ADC12_0_init               
00001529  SYSCFG_DL_GPIO_init                  
000022a5  SYSCFG_DL_PWM_0_init                 
00002219  SYSCFG_DL_PWM_1_init                 
00002b51  SYSCFG_DL_SYSCTL_init                
00002d55  SYSCFG_DL_TIMER_0_init               
00002bd9  SYSCFG_DL_TIMER_Encoder_Read_init    
00002c19  SYSCFG_DL_UART_0_init                
00002c59  SYSCFG_DL_UART_1_init                
00002a6d  SYSCFG_DL_init                       
000020c5  SYSCFG_DL_initPower                  
000038ed  SysTick_Handler                      
000038ed  TIMA0_IRQHandler                     
000030dd  TIMA1_IRQHandler                     
00003461  TIMG0_IRQHandler                     
000038ed  TIMG12_IRQHandler                    
000038ed  TIMG6_IRQHandler                     
000038ed  TIMG7_IRQHandler                     
000038ed  TIMG8_IRQHandler                     
00003805  TI_memcpy_small                      
00003883  TI_memset_small                      
000038ed  UART0_IRQHandler                     
000038ed  UART1_IRQHandler                     
000038ed  UART2_IRQHandler                     
000038ed  UART3_IRQHandler                     
20208000  __STACK_END                          
00000200  __STACK_SIZE                         
00000000  __TI_ATRegion0_region_sz             
00000000  __TI_ATRegion0_src_addr              
00000000  __TI_ATRegion0_trg_addr              
00000000  __TI_ATRegion1_region_sz             
00000000  __TI_ATRegion1_src_addr              
00000000  __TI_ATRegion1_trg_addr              
00000000  __TI_ATRegion2_region_sz             
00000000  __TI_ATRegion2_src_addr              
00000000  __TI_ATRegion2_trg_addr              
00003b04  __TI_CINIT_Base                      
00003b14  __TI_CINIT_Limit                     
00003b14  __TI_CINIT_Warm                      
00003af0  __TI_Handler_Table_Base              
00003afc  __TI_Handler_Table_Limit             
00002d91  __TI_auto_init_nobinit_nopinit       
000023b1  __TI_decompress_lzss                 
00003817  __TI_decompress_none                 
000026f1  __TI_ltoa                            
ffffffff  __TI_pprof_out_hndl                  
000000c1  __TI_printfi                         
ffffffff  __TI_prof_data_size                  
ffffffff  __TI_prof_data_start                 
00000000  __TI_static_base__                   
00003715  __TI_zero_init_nomemset              
0000139f  __adddf3                             
00003900  __aeabi_ctype_table_                 
00003900  __aeabi_ctype_table_C                
00002b05  __aeabi_d2iz                         
0000139f  __aeabi_dadd                         
000025d5  __aeabi_dcmpeq                       
00002611  __aeabi_dcmpge                       
00002625  __aeabi_dcmpgt                       
000025fd  __aeabi_dcmple                       
000025e9  __aeabi_dcmplt                       
00001b25  __aeabi_ddiv                         
00001f09  __aeabi_dmul                         
00001395  __aeabi_dsub                         
20200310  __aeabi_errno                        
000038cd  __aeabi_errno_addr                   
00002fc1  __aeabi_i2d                          
000027f9  __aeabi_idiv                         
00001527  __aeabi_idiv0                        
000027f9  __aeabi_idivmod                      
00002217  __aeabi_ldiv0                        
000032b9  __aeabi_llsl                         
00003151  __aeabi_lmul                         
000038d5  __aeabi_memcpy                       
000038d5  __aeabi_memcpy4                      
000038d5  __aeabi_memcpy8                      
00003859  __aeabi_memset                       
00003859  __aeabi_memset4                      
00003859  __aeabi_memset8                      
00002c99  __aeabi_uidiv                        
00002c99  __aeabi_uidivmod                     
000037b9  __aeabi_uldivmod                     
000032b9  __ashldi3                            
ffffffff  __binit__                            
00002499  __cmpdf2                             
00001b25  __divdf3                             
00002499  __eqdf2                              
00002b05  __fixdfsi                            
00002fc1  __floatsidf                          
00002429  __gedf2                              
00002429  __gtdf2                              
00002499  __ledf2                              
00002499  __ltdf2                              
UNDEFED   __mpu_init                           
00001f09  __muldf3                             
00003151  __muldi3                             
00002dcd  __muldsi3                            
00002499  __nedf2                              
20207e00  __stack                              
20200000  __start___llvm_prf_bits              
20200000  __start___llvm_prf_cnts              
20200000  __stop___llvm_prf_bits               
20200000  __stop___llvm_prf_cnts               
00001395  __subdf3                             
00002175  __udivmoddi4                         
00003105  _c_int00_noargs                      
20200200  _ftable                              
20200314  _lock                                
000025d3  _nop                                 
UNDEFED   _system_post_cinit                   
000038f5  _system_pre_init                     
20200318  _unlock                              
000038f9  abort                                
00002cd9  atoi                                 
ffffffff  binit                                
0000325d  delay_us                             
0000347d  fputc                                
000028a1  fputs                                
00002639  frexp                                
00002639  frexpl                               
20200320  gPWM_0Backup                         
20200498  gPWM_1Backup                         
202003dc  gTIMER_0Backup                       
00000000  interruptVectors                     
00001fed  ldexp                                
00001fed  ldexpl                               
000027a1  main                                 
00003199  memccpy                              
00003175  myabs                                
00002695  printf                               
00001fed  scalbn                               
00001fed  scalbnl                              
00003875  strlen                               
2020052c  value1_max                           
2020052e  value1_min                           
00003849  wcslen                               


GLOBAL SYMBOLS: SORTED BY Symbol Address 

address   name                                 
-------   ----                                 
00000000  __TI_ATRegion0_region_sz             
00000000  __TI_ATRegion0_src_addr              
00000000  __TI_ATRegion0_trg_addr              
00000000  __TI_ATRegion1_region_sz             
00000000  __TI_ATRegion1_src_addr              
00000000  __TI_ATRegion1_trg_addr              
00000000  __TI_ATRegion2_region_sz             
00000000  __TI_ATRegion2_src_addr              
00000000  __TI_ATRegion2_trg_addr              
00000000  __TI_static_base__                   
00000000  interruptVectors                     
000000c1  __TI_printfi                         
00000200  __STACK_SIZE                         
00000ac1  Find_CCD_Median                      
00000d61  Encodering                           
00001395  __aeabi_dsub                         
00001395  __subdf3                             
0000139f  __adddf3                             
0000139f  __aeabi_dadd                         
00001527  __aeabi_idiv0                        
00001529  SYSCFG_DL_GPIO_init                  
00001909  DL_Timer_initPWMMode                 
00001a19  RD_TSL                               
00001b25  __aeabi_ddiv                         
00001b25  __divdf3                             
00001c31  DL_Timer_initTimerMode               
00001d31  DL_SYSCTL_configSYSPLL               
00001e1d  DL_TimerA_initPWMMode                
00001f09  __aeabi_dmul                         
00001f09  __muldf3                             
00001fed  ldexp                                
00001fed  ldexpl                               
00001fed  scalbn                               
00001fed  scalbnl                              
000020c5  SYSCFG_DL_initPower                  
00002175  __udivmoddi4                         
00002217  __aeabi_ldiv0                        
00002219  SYSCFG_DL_PWM_1_init                 
000022a5  SYSCFG_DL_PWM_0_init                 
000023b1  __TI_decompress_lzss                 
00002429  __gedf2                              
00002429  __gtdf2                              
00002499  __cmpdf2                             
00002499  __eqdf2                              
00002499  __ledf2                              
00002499  __ltdf2                              
00002499  __nedf2                              
00002505  SYSCFG_DL_ADC12_0_init               
000025d3  _nop                                 
000025d5  __aeabi_dcmpeq                       
000025e9  __aeabi_dcmplt                       
000025fd  __aeabi_dcmple                       
00002611  __aeabi_dcmpge                       
00002625  __aeabi_dcmpgt                       
00002639  frexp                                
00002639  frexpl                               
00002695  printf                               
000026f1  __TI_ltoa                            
000027a1  main                                 
000027f9  __aeabi_idiv                         
000027f9  __aeabi_idivmod                      
000028a1  fputs                                
000028f1  DL_ADC12_setClockConfig              
0000293d  DL_SYSCTL_switchMCLKfromSYSOSCtoHSCLK
00002989  DL_UART_init                         
00002a21  Read_Encoder                         
00002a6d  SYSCFG_DL_init                       
00002b05  __aeabi_d2iz                         
00002b05  __fixdfsi                            
00002b51  SYSCFG_DL_SYSCTL_init                
00002b99  DL_Timer_setCaptureCompareOutCtl     
00002bd9  SYSCFG_DL_TIMER_Encoder_Read_init    
00002c19  SYSCFG_DL_UART_0_init                
00002c59  SYSCFG_DL_UART_1_init                
00002c99  __aeabi_uidiv                        
00002c99  __aeabi_uidivmod                     
00002cd9  atoi                                 
00002d19  DL_Timer_setCaptureCompareCtl        
00002d55  SYSCFG_DL_TIMER_0_init               
00002d91  __TI_auto_init_nobinit_nopinit       
00002dcd  __muldsi3                            
00002e09  DL_Timer_setCaptCompUpdateMethod     
00002e3d  DL_Timer_setCaptureCompareAction     
00002e71  DL_Timer_setCaptureCompareInput      
00002ea5  DL_Timer_setClockConfig              
00002f69  DL_Timer_setCaptureCompareValue      
00002fc1  __aeabi_i2d                          
00002fc1  __floatsidf                          
000030b5  DL_UART_transmitDataBlocking         
000030dd  TIMA1_IRQHandler                     
00003105  _c_int00_noargs                      
0000312d  DL_UART_setClockConfig               
00003151  __aeabi_lmul                         
00003151  __muldi3                             
00003175  myabs                                
00003199  memccpy                              
000031bd  ADC0_IRQHandler                      
0000325d  delay_us                             
000032b9  __aeabi_llsl                         
000032b9  __ashldi3                            
00003461  TIMG0_IRQHandler                     
0000347d  fputc                                
00003715  __TI_zero_init_nomemset              
0000372b  DL_Common_delayCycles                
000037b9  __aeabi_uldivmod                     
00003805  TI_memcpy_small                      
00003817  __TI_decompress_none                 
00003849  wcslen                               
00003859  __aeabi_memset                       
00003859  __aeabi_memset4                      
00003859  __aeabi_memset8                      
00003875  strlen                               
00003883  TI_memset_small                      
000038c3  GROUP1_IRQHandler                    
000038cd  __aeabi_errno_addr                   
000038d5  __aeabi_memcpy                       
000038d5  __aeabi_memcpy4                      
000038d5  __aeabi_memcpy8                      
000038ed  ADC1_IRQHandler                      
000038ed  AES_IRQHandler                       
000038ed  CANFD0_IRQHandler                    
000038ed  DAC0_IRQHandler                      
000038ed  DMA_IRQHandler                       
000038ed  Default_Handler                      
000038ed  GROUP0_IRQHandler                    
000038ed  HardFault_Handler                    
000038ed  I2C0_IRQHandler                      
000038ed  I2C1_IRQHandler                      
000038ed  NMI_Handler                          
000038ed  PendSV_Handler                       
000038ed  RTC_IRQHandler                       
000038ed  SPI0_IRQHandler                      
000038ed  SPI1_IRQHandler                      
000038ed  SVC_Handler                          
000038ed  SysTick_Handler                      
000038ed  TIMA0_IRQHandler                     
000038ed  TIMG12_IRQHandler                    
000038ed  TIMG6_IRQHandler                     
000038ed  TIMG7_IRQHandler                     
000038ed  TIMG8_IRQHandler                     
000038ed  UART0_IRQHandler                     
000038ed  UART1_IRQHandler                     
000038ed  UART2_IRQHandler                     
000038ed  UART3_IRQHandler                     
000038f1  Reset_Handler                        
000038f5  _system_pre_init                     
000038f8  C$$EXIT                              
000038f9  abort                                
00003900  __aeabi_ctype_table_                 
00003900  __aeabi_ctype_table_C                
00003af0  __TI_Handler_Table_Base              
00003afc  __TI_Handler_Table_Limit             
00003b04  __TI_CINIT_Base                      
00003b14  __TI_CINIT_Limit                     
00003b14  __TI_CINIT_Warm                      
20200000  ADV                                  
20200000  __start___llvm_prf_bits              
20200000  __start___llvm_prf_cnts              
20200000  __stop___llvm_prf_bits               
20200000  __stop___llvm_prf_cnts               
20200200  _ftable                              
202002f0  EncoderA_CNT                         
202002f4  EncoderA_VEL                         
202002f8  EncoderB_CNT                         
202002fc  EncoderB_VEL                         
20200300  EncoderC_CNT                         
20200304  EncoderC_VEL                         
20200308  EncoderD_CNT                         
2020030c  EncoderD_VEL                         
20200310  __aeabi_errno                        
20200314  _lock                                
20200318  _unlock                              
2020031c  CCD_Zhongzhi                         
2020031d  Last_CCD_Zhongzhi                    
20200320  gPWM_0Backup                         
202003dc  gTIMER_0Backup                       
20200498  gPWM_1Backup                         
20200510  EncoderA_Port                        
20200514  EncoderB_Port                        
20200518  EncoderC_Port                        
2020051c  EncoderD_Port                        
20200526  ADC_Val                              
20200528  Left                                 
2020052a  Right                                
2020052c  value1_max                           
2020052e  value1_min                           
20200530  ADC_Flag                             
20207e00  __stack                              
20208000  __STACK_END                          
ffffffff  __TI_pprof_out_hndl                  
ffffffff  __TI_prof_data_size                  
ffffffff  __TI_prof_data_start                 
ffffffff  __binit__                            
ffffffff  binit                                
UNDEFED   __mpu_init                           
UNDEFED   _system_post_cinit                   

[196 symbols]
